Component: ARM Compiler 5.06 update 4 (build 422) Tool: armlink [4d35d2]

==============================================================================

Section Cross References

    main.o(.text) refers to system.o(.text) for System_Init
    main.o(.text) refers to stm32f4xx_gpio.o(.text) for GPIO_ResetBits
    main.o(.text) refers to can1.o(.text) for CAN1_Chassis_Send
    main.o(.text) refers to delay.o(.text) for delay_ms
    system.o(.text) refers to delay.o(.text) for Delay_init
    system.o(.text) refers to can1.o(.text) for CAN1_Init
    system.o(.text) refers to tasks.o(.text) for xTaskGetTickCount
    system.o(.text) refers to inv_mpu.o(.text) for mpu_dmp_init
    system.o(.text) refers to system.o(.data) for ulCurrentTime
    remote.o(.text) refers to tasks.o(.text) for xTaskGetTickCount
    remote.o(.text) refers to remote.o(.data) for ulRemoteLostTime
    remote.o(.text) refers to remote.o(.bss) for RC_Ctl
    can1.o(.text) refers to stm32f4xx_rcc.o(.text) for RCC_AHB1PeriphClockCmd
    can1.o(.text) refers to stm32f4xx_gpio.o(.text) for GPIO_Init
    can1.o(.text) refers to stm32f4xx_can.o(.text) for CAN_Init
    can1.o(.text) refers to misc.o(.text) for NVIC_Init
    can2.o(.text) refers to stm32f4xx_rcc.o(.text) for RCC_AHB1PeriphClockCmd
    can2.o(.text) refers to stm32f4xx_gpio.o(.text) for GPIO_PinAFConfig
    can2.o(.text) refers to misc.o(.text) for NVIC_Init
    can2.o(.text) refers to stm32f4xx_can.o(.text) for CAN_DeInit
    usart2.o(.text) refers to stm32f4xx_usart.o(.text) for USART_GetITStatus
    usart2.o(.text) refers to stm32f4xx_dma.o(.text) for DMA_GetCurrentMemoryTarget
    usart2.o(.text) refers to remote.o(.text) for REMOTE_vReadData
    usart2.o(.text) refers to stm32f4xx_rcc.o(.text) for RCC_AHB1PeriphClockCmd
    usart2.o(.text) refers to stm32f4xx_gpio.o(.text) for GPIO_PinAFConfig
    usart2.o(.text) refers to misc.o(.text) for NVIC_Init
    usart2.o(.text) refers to usart2.o(.data) for Start_RC_Mode
    usart2.o(.text) refers to usart2.o(.bss) for ucCom2Buffer
    pwm.o(.text) refers to stm32f4xx_rcc.o(.text) for RCC_AHB1PeriphClockCmd
    pwm.o(.text) refers to stm32f4xx_gpio.o(.text) for GPIO_Init
    pwm.o(.text) refers to stm32f4xx_tim.o(.text) for TIM_TimeBaseInit
    led.o(.text) refers to stm32f4xx_rcc.o(.text) for RCC_AHB1PeriphClockCmd
    led.o(.text) refers to stm32f4xx_gpio.o(.text) for GPIO_Init
    laser.o(.text) refers to stm32f4xx_rcc.o(.text) for RCC_AHB1PeriphClockCmd
    laser.o(.text) refers to stm32f4xx_gpio.o(.text) for GPIO_Init
    usart4.o(.text) refers to stm32f4xx_dma.o(.text) for DMA_DeInit
    usart4.o(.text) refers to stm32f4xx_rcc.o(.text) for RCC_AHB1PeriphClockCmd
    usart4.o(.text) refers to stm32f4xx_gpio.o(.text) for GPIO_PinAFConfig
    usart4.o(.text) refers to stm32f4xx_usart.o(.text) for USART_Init
    usart4.o(.text) refers to misc.o(.text) for NVIC_Init
    usart4.o(.text) refers to rt_memclr_w.o(.text) for __aeabi_memclr4
    usart4.o(.text) refers to usart4.o(.bss) for xCom4DMAInit
    usart4.o(.text) refers to usart4.o(.data) for Usart4_Clean_IDLE_Flag
    usart5.o(.text) refers to stm32f4xx_dma.o(.text) for DMA_DeInit
    usart5.o(.text) refers to stm32f4xx_rcc.o(.text) for RCC_AHB1PeriphClockCmd
    usart5.o(.text) refers to stm32f4xx_gpio.o(.text) for GPIO_PinAFConfig
    usart5.o(.text) refers to stm32f4xx_usart.o(.text) for USART_Init
    usart5.o(.text) refers to misc.o(.text) for NVIC_Init
    usart5.o(.text) refers to usart5.o(.bss) for xCom5DMAInit
    usart5.o(.text) refers to usart5.o(.data) for Usart5_Clean_IDLE_Flag
    adda.o(.text) refers to stm32f4xx_rcc.o(.text) for RCC_AHB1PeriphClockCmd
    adda.o(.text) refers to stm32f4xx_gpio.o(.text) for GPIO_Init
    adda.o(.text) refers to stm32f4xx_dac.o(.text) for DAC_Init
    adda.o(.text) refers to stm32f4xx_adc.o(.text) for ADC_CommonInit
    adda.o(.text) refers to dflt_clz.o(x$fpl$dfltu) for __aeabi_ui2d
    adda.o(.text) refers to ddiv.o(x$fpl$ddiv) for __aeabi_ddiv
    adda.o(.text) refers to dmul.o(x$fpl$dmul) for __aeabi_dmul
    adda.o(.text) refers to dfixu.o(x$fpl$dfixu) for __aeabi_d2uiz
    adda.o(.text) refers to f2d.o(x$fpl$f2d) for __aeabi_f2d
    adda.o(.text) refers to d2f.o(x$fpl$d2f) for __aeabi_d2f
    adda.o(.text) refers to adda.o(.data) for value
    iwdg.o(.text) refers to stm32f4xx_iwdg.o(.text) for IWDG_WriteAccessCmd
    usart.o(.rev16_text) refers (Special) to use_no_semi_2.o(.text) for __use_no_semihosting
    usart.o(.revsh_text) refers (Special) to use_no_semi_2.o(.text) for __use_no_semihosting
    usart.o(.rrx_text) refers (Special) to use_no_semi_2.o(.text) for __use_no_semihosting
    usart.o(.text) refers (Special) to use_no_semi_2.o(.text) for __use_no_semihosting
    usart.o(.data) refers (Special) to use_no_semi_2.o(.text) for __use_no_semihosting
    delay.o(.text) refers to tasks.o(.text) for xTaskGetSchedulerState
    delay.o(.text) refers to port.o(.text) for xPortSysTickHandler
[...]
    xActiveTimerList1                        0x2000040c   Data          20  timers.o(.bss)
    xActiveTimerList2                        0x20000420   Data          20  timers.o(.bss)
    .bss                                     0x20000434   Section    76800  heap_4.o(.bss)
    ucHeap                                   0x20000434   Data       76800  heap_4.o(.bss)
    .bss                                     0x20013034   Section       96  libspace.o(.bss)
    HEAP                                     0x20013098   Section      512  startup_stm32f40xx.o(HEAP)
    Heap_Mem                                 0x20013098   Data         512  startup_stm32f40xx.o(HEAP)
    STACK                                    0x20013298   Section     1024  startup_stm32f40xx.o(STACK)
    Stack_Mem                                0x20013298   Data        1024  startup_stm32f40xx.o(STACK)
    __initial_sp                             0x20013698   Data           0  startup_stm32f40xx.o(STACK)

    Global Symbols

    Symbol Name                              Value     Ov Type        Size  Object(Section)

    BuildAttributes$$THM_ISAv4$E$P$D$K$B$S$7EM$VFPi3$EXTD16$VFPS$VFMA$PE$A:L22UL41UL21$X:L11$S22US41US21$IEEE1$IW$USESV6$~STKCKD$USESV7$~SHL$OTIME$ROPI$IEEEX$EBA8$UX$STANDARDLIB$REQ8$PRES8$EABIv2 0x00000000   Number         0  anon$$obj.o ABSOLUTE
    __ARM_use_no_argv                        0x00000000   Number         0  main.o ABSOLUTE
    _printf_flags                            0x00000000   Number         0  printf_stubs.o ABSOLUTE
    _printf_return_value                     0x00000000   Number         0  printf_stubs.o ABSOLUTE
    _printf_sizespec                         0x00000000   Number         0  printf_stubs.o ABSOLUTE
    _printf_widthprec                        0x00000000   Number         0  printf_stubs.o ABSOLUTE
    __ARM_exceptions_init                     - Undefined Weak Reference
    __alloca_initialize                       - Undefined Weak Reference
    __arm_preinit_                            - Undefined Weak Reference
    __cpp_initialize__aeabi_                  - Undefined Weak Reference
    __cxa_finalize                            - Undefined Weak Reference
    __rt_locale                               - Undefined Weak Reference
    __sigvec_lookup                           - Undefined Weak Reference
    _atexit_init                              - Undefined Weak Reference
    _call_atexit_fns                          - Undefined Weak Reference
    _clock_init                               - Undefined Weak Reference
    _fp_trap_init                             - Undefined Weak Reference
    _fp_trap_shutdown                         - Undefined Weak Reference
    _get_lc_collate                           - Undefined Weak Reference
    _get_lc_ctype                             - Undefined Weak Reference
    _get_lc_monetary                          - Undefined Weak Reference
    _get_lc_numeric                           - Undefined Weak Reference
    _get_lc_time                              - Undefined Weak Reference
    _getenv_init                              - Undefined Weak Reference
    _handle_redirection                       - Undefined Weak Reference
    _init_alloc                               - Undefined Weak Reference
    _init_user_alloc                          - Undefined Weak Reference
    _initio                                   - Undefined Weak Reference
    _mutex_acquire                            - Undefined Weak Reference
    _mutex_release                            - Undefined Weak Reference
    _printf_truncate_signed                   - Undefined Weak Reference
    _printf_truncate_unsigned                 - Undefined Weak Reference
    _rand_init                                - Undefined Weak Reference
    _signal_finish                            - Undefined Weak Reference
    _signal_init                              - Undefined Weak Reference
    _terminate_alloc                          - Undefined Weak Reference
    _terminate_user_alloc                     - Undefined Weak Reference
    _terminateio                              - Undefined Weak Reference
    __Vectors_Size                           0x00000188   Number         0  startup_stm32f40xx.o ABSOLUTE
    __Vectors                                0x08000000   Data           4  startup_stm32f40xx.o(RESET)
    __Vectors_End                            0x08000188   Data           0  startup_stm32f40xx.o(RESET)
    __main                                   0x08000189   Thumb Code     8  __main.o(!!!main)
    __scatterload                            0x08000191   Thumb Code     0  __scatter.o(!!!scatter)
    __scatterload_rt2                        0x08000191   Thumb Code    44  __scatter.o(!!!scatter)
    __scatterload_rt2_thumb_only             0x08000191   Thumb Code     0  __scatter.o(!!!scatter)
    __scatterload_null                       0x0800019f   Thumb Code     0  __scatter.o(!!!scatter)
    __scatterload_copy                       0x080001c5   Thumb Code    26  __scatter_copy.o(!!handler_copy)
    __scatterload_zeroinit                   0x080001e1   Thumb Code    28  __scatter_zi.o(!!handler_zi)
    _printf_d                                0x080001fd   Thumb Code     0  _printf_d.o(.ARM.Collect$$_printf_percent$$00000009)
    _printf_percent                          0x080001fd   Thumb Code     0  _printf_percent.o(.ARM.Collect$$_printf_percent$$00000000)
    _printf_x                                0x08000203   Thumb Code     0  _printf_x.o(.ARM.Collect$$_printf_percent$$0000000C)
    _printf_percent_end                      0x08000209   Thumb Code     0  _printf_percent_end.o(.ARM.Collect$$_printf_percent$$00000017)
    __rt_lib_init                            0x0800020d   Thumb Code     0  libinit.o(.ARM.Collect$$libinit$$00000000)
    __rt_lib_init_fp_1                       0x0800020f   Thumb Code     0  libinit2.o(.ARM.Collect$$libinit$$00000001)
    __rt_lib_init_alloca_1                   0x08000213   Thumb Code     0  libinit2.o(.ARM.Collect$$libinit$$0000002E)
    __rt_lib_init_argv_1                     0x08000213   Thumb Code     0  libinit2.o(.ARM.Collect$$libinit$$0000002C)
    __rt_lib_init_atexit_1                   0x08000213   Thumb Code     0  libinit2.o(.ARM.Collect$$libinit$$0000001B)
    __rt_lib_init_clock_1                    0x08000213   Thumb Code     0  libinit2.o(.ARM.Collect$$libinit$$00000021)
    __rt_lib_init_cpp_1                      0x08000213   Thumb Code     0  libinit2.o(.ARM.Collect$$libinit$$00000032)
    __rt_lib_init_exceptions_1               0x08000213   Thumb Code     0  libinit2.o(.ARM.Collect$$libinit$$00000030)
    __rt_lib_init_fp_trap_1                  0x08000213   Thumb Code     0  libinit2.o(.ARM.Collect$$libinit$$0000001F)
    __rt_lib_init_getenv_1                   0x08000213   Thumb Code     0  libinit2.o(.ARM.Collect$$libinit$$00000023)
    __rt_lib_init_heap_1                     0x08000213   Thumb Code     0  libinit2.o(.ARM.Collect$$libinit$$0000000A)
    __rt_lib_init_lc_collate_1               0x08000213   Thumb Code     0  libinit2.o(.ARM.Collect$$libinit$$00000011)
    __rt_lib_init_lc_ctype_1                 0x08000213   Thumb Code     0  libinit2.o(.ARM.Collect$$libinit$$00000013)
    __rt_lib_init_lc_monetary_1              0x08000213   Thumb Code     0  libinit2.o(.ARM.Collect$$libinit$$00000015)
    __rt_lib_init_lc_numeric_1               0x08000213   Thumb Code     0  libinit2.o(.ARM.Collect$$libinit$$00000017)
    __rt_lib_init_lc_time_1                  0x08000213   Thumb Code     0  libinit2.o(.ARM.Collect$$libinit$$00000019)
    __rt_lib_init_preinit_1                  0x08000213   Thumb Code     0  libinit2.o(.ARM.Collect$$libinit$$00000004)
    __rt_lib_init_rand_1                     0x08000213   Thumb Code     0  libinit2.o(.ARM.Collect$$libinit$$0000000E)
    __rt_lib_init_return                     0x08000213   Thumb Code     0  libinit2.o(.ARM.Collect$$libinit$$00000033)
    __rt_lib_init_signal_1                   0x08000213   Thumb Code     0  libinit2.o(.ARM.Collect$$libinit$$0000001D)
    __rt_lib_init_stdio_1                    0x08000213   Thumb Code     0  libinit2.o(.ARM.Collect$$libinit$$00000025)
    __rt_lib_init_user_alloc_1               0x08000213   Thumb Code     0  libinit2.o(.ARM.Collect$$libinit$$0000000C)
    __rt_lib_shutdown                        0x08000215   Thumb Code     0  libshutdown.o(.ARM.Collect$$libshutdown$$00000000)
    __rt_lib_shutdown_cpp_1                  0x08000217   Thumb Code     0  libshutdown2.o(.ARM.Collect$$libshutdown$$00000002)
    __rt_lib_shutdown_fp_trap_1              0x08000217   Thumb Code     0  libshutdown2.o(.ARM.Collect$$libshutdown$$00000007)
    __rt_lib_shutdown_heap_1                 0x08000217   Thumb Code     0  libshutdown2.o(.ARM.Collect$$libshutdown$$0000000F)
    __rt_lib_shutdown_return                 0x08000217   Thumb Code     0  libshutdown2.o(.ARM.Collect$$libshutdown$$00000010)
    __rt_lib_shutdown_signal_1               0x08000217   Thumb Code     0  libshutdown2.o(.ARM.Collect$$libshutdown$$0000000A)
    __rt_lib_shutdown_stdio_1                0x08000217   Thumb Code     0  libshutdown2.o(.ARM.Collect$$libshutdown$$00000004)
    __rt_lib_shutdown_user_alloc_1           0x08000217   Thumb Code     0  libshutdown2.o(.ARM.Collect$$libshutdown$$0000000C)
    __rt_entry                               0x08000219   Thumb Code     0  __rtentry.o(.ARM.Collect$$rtentry$$00000000)
    __rt_entry_presh_1                       0x08000219   Thumb Code     0  __rtentry2.o(.ARM.Collect$$rtentry$$00000002)
    __rt_entry_sh                            0x08000219   Thumb Code     0  __rtentry4.o(.ARM.Collect$$rtentry$$00000004)
    __rt_entry_li                            0x0800021f   Thumb Code     0  __rtentry2.o(.ARM.Collect$$rtentry$$0000000A)
    __rt_entry_postsh_1                      0x0800021f   Thumb Code     0  __rtentry2.o(.ARM.Collect$$rtentry$$00000009)
    __rt_entry_main                          0x08000223   Thumb Code     0  __rtentry2.o(.ARM.Collect$$rtentry$$0000000D)
    __rt_entry_postli_1                      0x08000223   Thumb Code     0  __rtentry2.o(.ARM.Collect$$rtentry$$0000000C)
    __rt_exit                                0x0800022b   Thumb Code     0  rtexit.o(.ARM.Collect$$rtexit$$00000000)
    __rt_exit_ls                             0x0800022d   Thumb Code     0  rtexit2.o(.ARM.Collect$$rtexit$$00000003)
    __rt_exit_prels_1                        0x0800022d   Thumb Code     0  rtexit2.o(.ARM.Collect$$rtexit$$00000002)
    __rt_exit_exit                           0x08000231   Thumb Code     0  rtexit2.o(.ARM.Collect$$rtexit$$00000004)
    SVC_Handler                              0x08000239   Thumb Code    28  port.o(.emb_text)
    __asm___6_port_c_39a90d8d__prvStartFirstTask 0x08000259   Thumb Code    28  port.o(.emb_text)
    __asm___6_port_c_39a90d8d__prvEnableVFP  0x08000279   Thumb Code    16  port.o(.emb_text)
    PendSV_Handler                           0x0800028d   Thumb Code    88  port.o(.emb_text)
    vPortGetIPSR                             0x080002e9   Thumb Code     6  port.o(.emb_text)
    main                                     0x080002f1   Thumb Code    62  main.o(.text)
    constrain                                0x0800033d   Thumb Code    22  system.o(.text)
    constrain_float                          0x08000353   Thumb Code    42  system.o(.text)
    constrain_int16_t                        0x0800037d   Thumb Code    22  system.o(.text)
    constrain_int32_t                        0x08000393   Thumb Code    22  system.o(.text)
    RAMP_float                               0x080003a9   Thumb Code   102  system.o(.text)
    RampInc_float                            0x0800040f   Thumb Code   142  system.o(.text)
    Parameter_Init                           0x0800049d   Thumb Code     2  system.o(.text)
    SYSTEM_InitPeripheral                    0x0800049f   Thumb Code    88  system.o(.text)
    System_Init                              0x080004f7   Thumb Code     8  system.o(.text)
    REMOTE_ulGetLostTime                     0x08000515   Thumb Code     6  remote.o(.text)
    REMOTE_vResetData                        0x0800051b   Thumb Code    44  remote.o(.text)
    REMOTE_vUpdateLostTime                   0x08000547   Thumb Code    14  remote.o(.text)
    REMOTE_IfDataError                       0x08000555   Thumb Code   132  remote.o(.text)
    REMOTE_vReadData                         0x080005d9   Thumb Code   162  remote.o(.text)
    NMI_Handler                              0x08000685   Thumb Code     2  stm32f4xx_it.o(.text)
    HardFault_Handler                        0x08000687   Thumb Code     4  stm32f4xx_it.o(.text)
    MemManage_Handler                        0x0800068b   Thumb Code     4  stm32f4xx_it.o(.text)
    BusFault_Handler                         0x0800068f   Thumb Code     4  stm32f4xx_it.o(.text)
    UsageFault_Handler                       0x08000693   Thumb Code     4  stm32f4xx_it.o(.text)
    DebugMon_Handler                         0x08000697   Thumb Code     2  stm32f4xx_it.o(.text)
    CAN1_Init                                0x08000699   Thumb Code   254  can1.o(.text)
    CAN1_RX0_IRQHandler                      0x08000797   Thumb Code    28  can1.o(.text)
    CAN1_Chassis_Send                        0x080007b3   Thumb Code   184  can1.o(.text)
    CAN1_Cloud_Send                          0x0800086b   Thumb Code   130  can1.o(.text)
    CAN2_Init                                0x080008f9   Thumb Code   276  can2.o(.text)
    CAN2_RX0_IRQHandler                      0x08000a0d   Thumb Code    38  can2.o(.text)
    CAN2_TX_IRQHandler                       0x08000a33   Thumb Code    22  can2.o(.text)
    USART2_IRQHandler                        0x08000a51   Thumb Code   192  usart2.o(.text)
    USART2_Init                              0x08000b11   Thumb Code   292  usart2.o(.text)
    UART4_DMA_Init                           0x08000c55   Thumb Code    94  usart4.o(.text)
    UART4_Init                               0x08000cb3   Thumb Code   214  usart4.o(.text)
    UART4_IRQHandler                         0x08000d89   Thumb Code    82  usart4.o(.text)
    UART4_SendChar                           0x08000ddb   Thumb Code    32  usart4.o(.text)
    UART5_DMA_Init                           0x08000e19   Thumb Code    94  usart5.o(.text)
    UART5_Init                               0x08000e77   Thumb Code   216  usart5.o(.text)
    UART5_IRQHandler                         0x08000f4f   Thumb Code    52  usart5.o(.text)
    UART5_SendChar                           0x08000f83   Thumb Code    32  usart5.o(.text)
    _sys_exit                                0x08000fc1   Thumb Code     8  usart.o(.text)
    fputc                                    0x08000fc9   Thumb Code    22  usart.o(.text)
    uart_init                                0x08000fdf   Thumb Code     2  usart.o(.text)
    SysTick_Handler                          0x08000fe5   Thumb Code    26  delay.o(.text)
    Delay_init                               0x08000fff   Thumb Code    58  delay.o(.text)
    delay_us                                 0x08001039   Thumb Code    68  delay.o(.text)
    delay_ms                                 0x0800107d   Thumb Code    60  delay.o(.text)
    delay_xms                                0x080010b9   Thumb Code    24  delay.o(.text)
    SystemInit                               0x080011b9   Thumb Code    88  system_stm32f4xx.o(.text)
    SystemCoreClockUpdate                    0x08001211   Thumb Code   174  system_stm32f4xx.o(.text)
    Reset_Handler                            0x080012ed   Thumb Code     8  startup_stm32f40xx.o(.text)
    ADC_IRQHandler                           0x08001307   Thumb Code     0  startup_stm32f40xx.o(.text)
    CAN1_RX1_IRQHandler                      0x08001307   Thumb Code     0  startup_stm32f40xx.o(.text)
    CAN1_SCE_IRQHandler                      0x08001307   Thumb Code     0  startup_stm32f40xx.o(.text)
    CAN1_TX_IRQHandler                       0x08001307   Thumb Code     0  startup_stm32f40xx.o(.text)
    CAN2_RX1_IRQHandler                      0x08001307   Thumb Code     0  startup_stm32f40xx.o(.text)
    CAN2_SCE_IRQHandler                      0x08001307   Thumb Code     0  startup_stm32f40xx.o(.text)
    CRYP_IRQHandler                          0x08001307   Thumb Code     0  startup_stm32f40xx.o(.text)
    DCMI_IRQHandler                          0x08001307   Thumb Code     0  startup_stm32f40xx.o(.text)
    DMA1_Stream0_IRQHandler                  0x08001307   Thumb Code     0  startup_stm32f40xx.o(.text)
    DMA1_Stream1_IRQHandler                  0x08001307   Thumb Code     0  startup_stm32f40xx.o(.text)
    DMA1_Stream2_IRQHandler                  0x08001307   Thumb Code     0  startup_stm32f40xx.o(.text)
    DMA1_Stream3_IRQHandler                  0x08001307   Thumb Code     0  startup_stm32f40xx.o(.text)
    DMA1_Stream4_IRQHandler                  0x08001307   Thumb Code     0  startup_stm32f40xx.o(.text)
    DMA1_Stream5_IRQHandler                  0x08001307   Thumb Code     0  startup_stm32f40xx.o(.text)
    DMA1_Stream6_IRQHandler                  0x08001307   Thumb Code     0  startup_stm32f40xx.o(.text)
    DMA1_Stream7_IRQHandler                  0x08001307   Thumb Code     0  startup_stm32f40xx.o(.text)
    DMA2_Stream0_IRQHandler                  0x08001307   Thumb Code     0  startup_stm32f40xx.o(.text)
    DMA2_Stream1_IRQHandler                  0x08001307   Thumb Code     0  startup_stm32f40xx.o(.text)
    DMA2_Stream2_IRQHandler                  0x08001307   Thumb Code     0  startup_stm32f40xx.o(.text)
    DMA2_Stream3_IRQHandler                  0x08001307   Thumb Code     0  startup_stm32f40xx.o(.text)
    DMA2_Stream4_IRQHandler                  0x08001307   Thumb Code     0  startup_stm32f40xx.o(.text)
    DMA2_Stream5_IRQHandler                  0x08001307   Thumb Code     0  startup_stm32f40xx.o(.text)
    DMA2_Stream6_IRQHandler                  0x08001307   Thumb Code     0  startup_stm32f40xx.o(.text)
    DMA2_Stream7_IRQHandler                  0x08001307   Thumb Code     0  startup_stm32f40xx.o(.text)
    ETH_IRQHandler                           0x08001307   Thumb Code     0  startup_stm32f40xx.o(.text)
    ETH_WKUP_IRQHandler                      0x08001307   Thumb Code     0  startup_stm32f40xx.o(.text)
    EXTI0_IRQHandler                         0x08001307   Thumb Code     0  startup_stm32f40xx.o(.text)
    EXTI15_10_IRQHandler                     0x08001307   Thumb Code     0  startup_stm32f40xx.o(.text)
    EXTI1_IRQHandler                         0x08001307   Thumb Code     0  startup_stm32f40xx.o(.text)
    EXTI2_IRQHandler                         0x08001307   Thumb Code     0  startup_stm32f40xx.o(.text)
    EXTI3_IRQHandler                         0x08001307   Thumb Code     0  startup_stm32f40xx.o(.text)
    EXTI4_IRQHandler                         0x08001307   Thumb Code     0  startup_stm32f40xx.o(.text)
    EXTI9_5_IRQHandler                       0x08001307   Thumb Code     0  startup_stm32f40xx.o(.text)
    FLASH_IRQHandler                         0x08001307   Thumb Code     0  startup_stm32f40xx.o(.text)
    FPU_IRQHandler                           0x08001307   Thumb Code     0  startup_stm32f40xx.o(.text)
    FSMC_IRQHandler                          0x08001307   Thumb Code     0  startup_stm32f40xx.o(.text)
    HASH_RNG_IRQHandler                      0x08001307   Thumb Code     0  startup_stm32f40xx.o(.text)
    I2C1_ER_IRQHandler                       0x08001307   Thumb Code     0  startup_stm32f40xx.o(.text)
    I2C1_EV_IRQHandler                       0x08001307   Thumb Code     0  startup_stm32f40xx.o(.text)
    I2C2_ER_IRQHandler                       0x08001307   Thumb Code     0  startup_stm32f40xx.o(.text)
    I2C2_EV_IRQHandler                       0x08001307   Thumb Code     0  startup_stm32f40xx.o(.text)
    I2C3_ER_IRQHandler                       0x08001307   Thumb Code     0  startup_stm32f40xx.o(.text)
    I2C3_EV_IRQHandler                       0x08001307   Thumb Code     0  startup_stm32f40xx.o(.text)
    OTG_FS_IRQHandler                        0x08001307   Thumb Code     0  startup_stm32f40xx.o(.text)
    OTG_FS_WKUP_IRQHandler                   0x08001307   Thumb Code     0  startup_stm32f40xx.o(.text)
    OTG_HS_EP1_IN_IRQHandler                 0x08001307   Thumb Code     0  startup_stm32f40xx.o(.text)
    OTG_HS_EP1_OUT_IRQHandler                0x08001307   Thumb Code     0  startup_stm32f40xx.o(.text)
    OTG_HS_IRQHandler                        0x08001307   Thumb Code     0  startup_stm32f40xx.o(.text)
    OTG_HS_WKUP_IRQHandler                   0x08001307   Thumb Code     0  startup_stm32f40xx.o(.text)
    PVD_IRQHandler                           0x08001307   Thumb Code     0  startup_stm32f40xx.o(.text)
    RCC_IRQHandler                           0x08001307   Thumb Code     0  startup_stm32f40xx.o(.text)
    RTC_Alarm_IRQHandler                     0x08001307   Thumb Code     0  startup_stm32f40xx.o(.text)
    RTC_WKUP_IRQHandler                      0x08001307   Thumb Code     0  startup_stm32f40xx.o(.text)
    SDIO_IRQHandler                          0x08001307   Thumb Code     0  startup_stm32f40xx.o(.text)
    SPI1_IRQHandler                          0x08001307   Thumb Code     0  startup_stm32f40xx.o(.text)
    SPI2_IRQHandler                          0x08001307   Thumb Code     0  startup_stm32f40xx.o(.text)
    SPI3_IRQHandler                          0x08001307   Thumb Code     0  startup_stm32f40xx.o(.text)
    TAMP_STAMP_IRQHandler                    0x08001307   Thumb Code     0  startup_stm32f40xx.o(.text)
    TIM1_BRK_TIM9_IRQHandler                 0x08001307   Thumb Code     0  startup_stm32f40xx.o(.text)
    TIM1_CC_IRQHandler                       0x08001307   Thumb Code     0  startup_stm32f40xx.o(.text)
    TIM1_TRG_COM_TIM11_IRQHandler            0x08001307   Thumb Code     0  startup_stm32f40xx.o(.text)
    TIM1_UP_TIM10_IRQHandler                 0x08001307   Thumb Code     0  startup_stm32f40xx.o(.text)
    TIM2_IRQHandler                          0x08001307   Thumb Code     0  startup_stm32f40xx.o(.text)
    TIM3_IRQHandler                          0x08001307   Thumb Code     0  startup_stm32f40xx.o(.text)
    TIM4_IRQHandler                          0x08001307   Thumb Code     0  startup_stm32f40xx.o(.text)
    TIM5_IRQHandler                          0x08001307   Thumb Code     0  startup_stm32f40xx.o(.text)
    TIM6_DAC_IRQHandler                      0x08001307   Thumb Code     0  startup_stm32f40xx.o(.text)
    TIM7_IRQHandler                          0x08001307   Thumb Code     0  startup_stm32f40xx.o(.text)
    TIM8_BRK_TIM12_IRQHandler                0x08001307   Thumb Code     0  startup_stm32f40xx.o(.text)
    TIM8_CC_IRQHandler                       0x08001307   Thumb Code     0  startup_stm32f40xx.o(.text)
    TIM8_TRG_COM_TIM14_IRQHandler            0x08001307   Thumb Code     0  startup_stm32f40xx.o(.text)
    TIM8_UP_TIM13_IRQHandler                 0x08001307   Thumb Code     0  startup_stm32f40xx.o(.text)
    USART1_IRQHandler                        0x08001307   Thumb Code     0  startup_stm32f40xx.o(.text)
    USART3_IRQHandler                        0x08001307   Thumb Code     0  startup_stm32f40xx.o(.text)
    USART6_IRQHandler                        0x08001307   Thumb Code     0  startup_stm32f40xx.o(.text)
    WWDG_IRQHandler                          0x08001307   Thumb Code     0  startup_stm32f40xx.o(.text)
    __user_initial_stackheap                 0x08001309   Thumb Code     0  startup_stm32f40xx.o(.text)
    IIC_Init                                 0x0800132d   Thumb Code    60  myiic.o(.text)
    IIC_Start                                0x08001369   Thumb Code    68  myiic.o(.text)
    IIC_Stop                                 0x080013ad   Thumb Code    62  myiic.o(.text)
    IIC_Wait_Ack                             0x080013eb   Thumb Code    82  myiic.o(.text)
    IIC_Ack                                  0x0800143d   Thumb Code    66  myiic.o(.text)
    IIC_NAck                                 0x0800147f   Thumb Code    66  myiic.o(.text)
    IIC_Send_Byte                            0x080014c1   Thumb Code    90  myiic.o(.text)
    IIC_Read_Byte                            0x0800151b   Thumb Code    94  myiic.o(.text)
    MPU_Write_Byte                           0x08001585   Thumb Code    68  mpu6050.o(.text)
    MPU_Set_LPF                              0x080015c9   Thumb Code    58  mpu6050.o(.text)
    MPU_Set_Rate                             0x08001603   Thumb Code    58  mpu6050.o(.text)
    MPU_Read_Byte                            0x0800163d   Thumb Code    58  mpu6050.o(.text)
    MPU_Set_Accel_Fsr                        0x08001677   Thumb Code    16  mpu6050.o(.text)
    MPU_Set_Gyro_Fsr                         0x08001687   Thumb Code    16  mpu6050.o(.text)
    MPU_Init                                 0x08001697   Thumb Code   122  mpu6050.o(.text)
    MPU_Read_Len                             0x08001711   Thumb Code   116  mpu6050.o(.text)
    MPU_Get_Temperature                      0x08001785   Thumb Code   110  mpu6050.o(.text)
    MPU_Get_Gyroscope                        0x080017f3   Thumb Code    80  mpu6050.o(.text)
    MPU_Get_Accelerometer                    0x08001843   Thumb Code    80  mpu6050.o(.text)
    MPU_Write_Len                            0x08001893   Thumb Code    96  mpu6050.o(.text)
    mpu_reg_dump                             0x08001993   Thumb Code    84  inv_mpu.o(.text)
    mpu_read_reg                             0x080019e7   Thumb Code    66  inv_mpu.o(.text)
    mpu_set_int_latched                      0x08001a29   Thumb Code   102  inv_mpu.o(.text)
    mpu_set_sensors                          0x08001a8f   Thumb Code   202  inv_mpu.o(.text)
    mpu_set_bypass                           0x08001b59   Thumb Code   328  inv_mpu.o(.text)
    mpu_reset_fifo                           0x08001ca1   Thumb Code   472  inv_mpu.o(.text)
    mpu_configure_fifo                       0x08001e79   Thumb Code   106  inv_mpu.o(.text)
    mpu_set_lpf                              0x08001ee3   Thumb Code   126  inv_mpu.o(.text)
    mpu_lp_accel_mode                        0x08001f61   Thumb Code   218  inv_mpu.o(.text)
    mpu_set_sample_rate                      0x0800203b   Thumb Code   152  inv_mpu.o(.text)
    mpu_set_accel_fsr                        0x080020d3   Thumb Code   132  inv_mpu.o(.text)
    mpu_set_gyro_fsr                         0x08002157   Thumb Code   132  inv_mpu.o(.text)
    mpu_init                                 0x080021db   Thumb Code   416  inv_mpu.o(.text)
    mget_ms                                  0x0800237b   Thumb Code     2  inv_mpu.o(.text)
    mpu_get_gyro_reg                         0x0800237d   Thumb Code   110  inv_mpu.o(.text)
    mpu_get_accel_reg                        0x080023eb   Thumb Code   110  inv_mpu.o(.text)
    mpu_get_temperature                      0x08002459   Thumb Code   142  inv_mpu.o(.text)
    mpu_set_accel_bias                       0x080024e7   Thumb Code   472  inv_mpu.o(.text)
    mpu_get_gyro_fsr                         0x080026bf   Thumb Code    64  inv_mpu.o(.text)
    mpu_get_accel_fsr                        0x080026ff   Thumb Code    72  inv_mpu.o(.text)
    mpu_get_lpf                              0x08002747   Thumb Code    74  inv_mpu.o(.text)
    mpu_get_sample_rate                      0x08002791   Thumb Code    26  inv_mpu.o(.text)
    mpu_get_compass_sample_rate              0x080027ab   Thumb Code    10  inv_mpu.o(.text)
    mpu_set_compass_sample_rate              0x080027b5   Thumb Code     8  inv_mpu.o(.text)
    mpu_get_gyro_sens                        0x080027bd   Thumb Code    74  inv_mpu.o(.text)
    mpu_get_accel_sens                       0x08002807   Thumb Code    78  inv_mpu.o(.text)
    mpu_get_fifo_config                      0x08002855   Thumb Code    12  inv_mpu.o(.text)
    mpu_get_power_state                      0x08002861   Thumb Code    22  inv_mpu.o(.text)
    mpu_get_int_status                       0x08002877   Thumb Code    64  inv_mpu.o(.text)
    mpu_read_fifo                            0x080028b7   Thumb Code   520  inv_mpu.o(.text)
    mpu_read_fifo_stream                     0x08002abf   Thumb Code   186  inv_mpu.o(.text)
    mpu_set_int_level                        0x08002b79   Thumb Code    12  inv_mpu.o(.text)
    mpu_set_dmp_state                        0x08003289   Thumb Code   138  inv_mpu.o(.text)
    mpu_run_self_test                        0x08003313   Thumb Code   278  inv_mpu.o(.text)
    mpu_write_mem                            0x08003429   Thumb Code   122  inv_mpu.o(.text)
    mpu_read_mem                             0x080034a3   Thumb Code   122  inv_mpu.o(.text)
    mpu_load_firmware                        0x0800351d   Thumb Code   190  inv_mpu.o(.text)
    mpu_get_dmp_state                        0x080035db   Thumb Code    14  inv_mpu.o(.text)
    setup_compass                            0x080035e9   Thumb Code     6  inv_mpu.o(.text)
    mpu_get_compass_reg                      0x080035ef   Thumb Code     8  inv_mpu.o(.text)
    mpu_get_compass_fsr                      0x080035f7   Thumb Code     8  inv_mpu.o(.text)
    mpu_lp_motion_interrupt                  0x080035ff   Thumb Code   512  inv_mpu.o(.text)
    run_self_test                            0x080037ff   Thumb Code   158  inv_mpu.o(.text)
    inv_row_2_scale                          0x0800389d   Thumb Code    78  inv_mpu.o(.text)
    inv_orientation_matrix_to_scalar         0x080038eb   Thumb Code    40  inv_mpu.o(.text)
    mpu_dmp_init                             0x08003913   Thumb Code   166  inv_mpu.o(.text)
    mpu_dmp_get_data                         0x080039b9   Thumb Code   520  inv_mpu.o(.text)
    dmp_load_motion_driver_firmware          0x08003bd5   Thumb Code    20  inv_mpu_dmp_motion_driver.o(.text)
    dmp_set_orientation                      0x08003be9   Thumb Code   290  inv_mpu_dmp_motion_driver.o(.text)
    dmp_set_gyro_bias                        0x08003d0b   Thumb Code   294  inv_mpu_dmp_motion_driver.o(.text)
    dmp_set_accel_bias                       0x08003e31   Thumb Code   300  inv_mpu_dmp_motion_driver.o(.text)
    dmp_set_fifo_rate                        0x08003f5d   Thumb Code   136  inv_mpu_dmp_motion_driver.o(.text)
    dmp_get_fifo_rate                        0x08003fe5   Thumb Code    12  inv_mpu_dmp_motion_driver.o(.text)
    dmp_set_tap_thresh                       0x08003ff1   Thumb Code   412  inv_mpu_dmp_motion_driver.o(.text)
    dmp_set_tap_axes                         0x0800418d   Thumb Code    70  inv_mpu_dmp_motion_driver.o(.text)
    dmp_set_tap_count                        0x080041d3   Thumb Code    38  inv_mpu_dmp_motion_driver.o(.text)
    dmp_set_tap_time                         0x080041f9   Thumb Code    38  inv_mpu_dmp_motion_driver.o(.text)
    dmp_set_tap_time_multi                   0x0800421f   Thumb Code    38  inv_mpu_dmp_motion_driver.o(.text)
    dmp_set_shake_reject_thresh              0x08004245   Thumb Code    56  inv_mpu_dmp_motion_driver.o(.text)
    dmp_set_shake_reject_time                0x0800427d   Thumb Code    38  inv_mpu_dmp_motion_driver.o(.text)
    dmp_set_shake_reject_timeout             0x080042a3   Thumb Code    38  inv_mpu_dmp_motion_driver.o(.text)
    dmp_get_pedometer_step_count             0x080042c9   Thumb Code    66  inv_mpu_dmp_motion_driver.o(.text)
    dmp_set_pedometer_step_count             0x0800430b   Thumb Code    42  inv_mpu_dmp_motion_driver.o(.text)
    dmp_get_pedometer_walk_time              0x08004335   Thumb Code    72  inv_mpu_dmp_motion_driver.o(.text)
    dmp_set_pedometer_walk_time              0x0800437d   Thumb Code    48  inv_mpu_dmp_motion_driver.o(.text)
    dmp_enable_6x_lp_quat                    0x080043ad   Thumb Code   100  inv_mpu_dmp_motion_driver.o(.text)
    dmp_enable_lp_quat                       0x08004411   Thumb Code    60  inv_mpu_dmp_motion_driver.o(.text)
    dmp_enable_gyro_cal                      0x0800444d   Thumb Code    62  inv_mpu_dmp_motion_driver.o(.text)
    dmp_enable_feature                       0x0800448b   Thumb Code   530  inv_mpu_dmp_motion_driver.o(.text)
    dmp_get_enabled_features                 0x0800469d   Thumb Code    12  inv_mpu_dmp_motion_driver.o(.text)
    dmp_set_interrupt_mode                   0x08004707   Thumb Code    66  inv_mpu_dmp_motion_driver.o(.text)
    dmp_read_fifo                            0x08004749   Thumb Code   514  inv_mpu_dmp_motion_driver.o(.text)
    dmp_register_tap_cb                      0x0800494b   Thumb Code    10  inv_mpu_dmp_motion_driver.o(.text)
    dmp_register_android_orient_cb           0x08004955   Thumb Code    10  inv_mpu_dmp_motion_driver.o(.text)
    NVIC_PriorityGroupConfig                 0x08004965   Thumb Code    10  misc.o(.text)
    NVIC_Init                                0x0800496f   Thumb Code   106  misc.o(.text)
    NVIC_SetVectorTable                      0x080049d9   Thumb Code    14  misc.o(.text)
    NVIC_SystemLPConfig                      0x080049e7   Thumb Code    34  misc.o(.text)
    SysTick_CLKSourceConfig                  0x08004a09   Thumb Code    40  misc.o(.text)
    GPIO_DeInit                              0x08004a45   Thumb Code   268  stm32f4xx_gpio.o(.text)
    GPIO_Init                                0x08004b51   Thumb Code   144  stm32f4xx_gpio.o(.text)
    GPIO_StructInit                          0x08004be1   Thumb Code    18  stm32f4xx_gpio.o(.text)
    GPIO_PinLockConfig                       0x08004bf3   Thumb Code    34  stm32f4xx_gpio.o(.text)
    GPIO_ReadInputDataBit                    0x08004c15   Thumb Code    18  stm32f4xx_gpio.o(.text)
    GPIO_ReadInputData                       0x08004c27   Thumb Code     8  stm32f4xx_gpio.o(.text)
    GPIO_ReadOutputDataBit                   0x08004c2f   Thumb Code    18  stm32f4xx_gpio.o(.text)
    GPIO_ReadOutputData                      0x08004c41   Thumb Code     8  stm32f4xx_gpio.o(.text)
    GPIO_SetBits                             0x08004c49   Thumb Code     4  stm32f4xx_gpio.o(.text)
    GPIO_ResetBits                           0x08004c4d   Thumb Code     4  stm32f4xx_gpio.o(.text)
    GPIO_WriteBit                            0x08004c51   Thumb Code    10  stm32f4xx_gpio.o(.text)
    GPIO_Write                               0x08004c5b   Thumb Code     4  stm32f4xx_gpio.o(.text)
    GPIO_ToggleBits                          0x08004c5f   Thumb Code     8  stm32f4xx_gpio.o(.text)
    GPIO_PinAFConfig                         0x08004c67   Thumb Code    70  stm32f4xx_gpio.o(.text)
    RCC_DeInit                               0x08004cd9   Thumb Code    82  stm32f4xx_rcc.o(.text)
    RCC_HSEConfig                            0x08004d2b   Thumb Code    14  stm32f4xx_rcc.o(.text)
    RCC_GetFlagStatus                        0x08004d39   Thumb Code    60  stm32f4xx_rcc.o(.text)
    RCC_WaitForHSEStartUp                    0x08004d75   Thumb Code    56  stm32f4xx_rcc.o(.text)
    RCC_AdjustHSICalibrationValue            0x08004dad   Thumb Code    20  stm32f4xx_rcc.o(.text)
    RCC_HSICmd                               0x08004dc1   Thumb Code     6  stm32f4xx_rcc.o(.text)
    RCC_LSEConfig                            0x08004dc7   Thumb Code    46  stm32f4xx_rcc.o(.text)
    RCC_LSICmd                               0x08004df5   Thumb Code     6  stm32f4xx_rcc.o(.text)
    RCC_PLLConfig                            0x08004dfb   Thumb Code    32  stm32f4xx_rcc.o(.text)
    RCC_PLLCmd                               0x08004e1b   Thumb Code     6  stm32f4xx_rcc.o(.text)
    RCC_PLLI2SConfig                         0x08004e21   Thumb Code    14  stm32f4xx_rcc.o(.text)
    RCC_PLLI2SCmd                            0x08004e2f   Thumb Code     6  stm32f4xx_rcc.o(.text)
    RCC_PLLSAIConfig                         0x08004e35   Thumb Code    20  stm32f4xx_rcc.o(.text)
    RCC_PLLSAICmd                            0x08004e49   Thumb Code     6  stm32f4xx_rcc.o(.text)
    RCC_ClockSecuritySystemCmd               0x08004e4f   Thumb Code     6  stm32f4xx_rcc.o(.text)
    RCC_MCO1Config                           0x08004e55   Thumb Code    28  stm32f4xx_rcc.o(.text)
    RCC_MCO2Config                           0x08004e71   Thumb Code    28  stm32f4xx_rcc.o(.text)
    RCC_SYSCLKConfig                         0x08004e8d   Thumb Code    20  stm32f4xx_rcc.o(.text)
    RCC_GetSYSCLKSource                      0x08004ea1   Thumb Code    12  stm32f4xx_rcc.o(.text)
    RCC_HCLKConfig                           0x08004ead   Thumb Code    20  stm32f4xx_rcc.o(.text)
    RCC_PCLK1Config                          0x08004ec1   Thumb Code    20  stm32f4xx_rcc.o(.text)
    RCC_PCLK2Config                          0x08004ed5   Thumb Code    22  stm32f4xx_rcc.o(.text)
    RCC_GetClocksFreq                        0x08004eeb   Thumb Code   222  stm32f4xx_rcc.o(.text)
    RCC_RTCCLKConfig                         0x08004fc9   Thumb Code    54  stm32f4xx_rcc.o(.text)
    RCC_RTCCLKCmd                            0x08004fff   Thumb Code     8  stm32f4xx_rcc.o(.text)
    RCC_BackupResetCmd                       0x08005007   Thumb Code     8  stm32f4xx_rcc.o(.text)
    RCC_I2SCLKConfig                         0x0800500f   Thumb Code     6  stm32f4xx_rcc.o(.text)
    RCC_SAIPLLI2SClkDivConfig                0x08005015   Thumb Code    26  stm32f4xx_rcc.o(.text)
    RCC_SAIPLLSAIClkDivConfig                0x0800502f   Thumb Code    28  stm32f4xx_rcc.o(.text)
    RCC_SAIBlockACLKConfig                   0x0800504b   Thumb Code    20  stm32f4xx_rcc.o(.text)
    RCC_SAIBlockBCLKConfig                   0x0800505f   Thumb Code    20  stm32f4xx_rcc.o(.text)
    RCC_LTDCCLKDivConfig                     0x08005073   Thumb Code    20  stm32f4xx_rcc.o(.text)
    RCC_TIMCLKPresConfig                     0x08005087   Thumb Code     6  stm32f4xx_rcc.o(.text)
    RCC_AHB1PeriphClockCmd                   0x0800508d   Thumb Code    34  stm32f4xx_rcc.o(.text)
    RCC_AHB2PeriphClockCmd                   0x080050af   Thumb Code    78  stm32f4xx_rcc.o(.text)
    RCC_AHB3PeriphClockCmd                   0x080050fd   Thumb Code    34  stm32f4xx_rcc.o(.text)
    RCC_APB1PeriphClockCmd                   0x0800511f   Thumb Code    34  stm32f4xx_rcc.o(.text)
    RCC_APB2PeriphClockCmd                   0x08005141   Thumb Code    34  stm32f4xx_rcc.o(.text)
    RCC_AHB1PeriphResetCmd                   0x08005163   Thumb Code    34  stm32f4xx_rcc.o(.text)
    RCC_AHB2PeriphResetCmd                   0x08005185   Thumb Code    34  stm32f4xx_rcc.o(.text)
    RCC_AHB3PeriphResetCmd                   0x080051a7   Thumb Code    34  stm32f4xx_rcc.o(.text)
    RCC_APB1PeriphResetCmd                   0x080051c9   Thumb Code    34  stm32f4xx_rcc.o(.text)
    RCC_APB2PeriphResetCmd                   0x080051eb   Thumb Code    34  stm32f4xx_rcc.o(.text)
    RCC_AHB1PeriphClockLPModeCmd             0x0800520d   Thumb Code    34  stm32f4xx_rcc.o(.text)
    RCC_AHB2PeriphClockLPModeCmd             0x0800522f   Thumb Code    34  stm32f4xx_rcc.o(.text)
    RCC_AHB3PeriphClockLPModeCmd             0x08005251   Thumb Code    34  stm32f4xx_rcc.o(.text)
    RCC_APB1PeriphClockLPModeCmd             0x08005273   Thumb Code    34  stm32f4xx_rcc.o(.text)
    RCC_APB2PeriphClockLPModeCmd             0x08005295   Thumb Code    34  stm32f4xx_rcc.o(.text)
    RCC_ITConfig                             0x080052b7   Thumb Code    34  stm32f4xx_rcc.o(.text)
    RCC_ClearFlag                            0x080052d9   Thumb Code    18  stm32f4xx_rcc.o(.text)
    RCC_GetITStatus                          0x080052eb   Thumb Code    22  stm32f4xx_rcc.o(.text)
    RCC_ClearITPendingBit                    0x08005301   Thumb Code     8  stm32f4xx_rcc.o(.text)
    USART_DeInit                             0x0800530d   Thumb Code   206  stm32f4xx_usart.o(.text)
    USART_Init                               0x080053db   Thumb Code   204  stm32f4xx_usart.o(.text)
    USART_StructInit                         0x080054a7   Thumb Code    24  stm32f4xx_usart.o(.text)
    USART_ClockInit                          0x080054bf   Thumb Code    32  stm32f4xx_usart.o(.text)
    USART_ClockStructInit                    0x080054df   Thumb Code    12  stm32f4xx_usart.o(.text)
    USART_Cmd                                0x080054eb   Thumb Code    24  stm32f4xx_usart.o(.text)
    USART_SetPrescaler                       0x08005503   Thumb Code    16  stm32f4xx_usart.o(.text)
    USART_OverSampling8Cmd                   0x08005513   Thumb Code    22  stm32f4xx_usart.o(.text)
    USART_OneBitMethodCmd                    0x08005529   Thumb Code    24  stm32f4xx_usart.o(.text)
    USART_SendData                           0x08005541   Thumb Code     8  stm32f4xx_usart.o(.text)
    USART_ReceiveData                        0x08005549   Thumb Code    10  stm32f4xx_usart.o(.text)
    USART_SetAddress                         0x08005553   Thumb Code    18  stm32f4xx_usart.o(.text)
    USART_ReceiverWakeUpCmd                  0x08005565   Thumb Code    24  stm32f4xx_usart.o(.text)
    USART_WakeUpConfig                       0x0800557d   Thumb Code    18  stm32f4xx_usart.o(.text)
    USART_LINBreakDetectLengthConfig         0x0800558f   Thumb Code    18  stm32f4xx_usart.o(.text)
    USART_LINCmd                             0x080055a1   Thumb Code    24  stm32f4xx_usart.o(.text)
    USART_SendBreak                          0x080055b9   Thumb Code    10  stm32f4xx_usart.o(.text)
    USART_HalfDuplexCmd                      0x080055c3   Thumb Code    24  stm32f4xx_usart.o(.text)
    USART_SetGuardTime                       0x080055db   Thumb Code    16  stm32f4xx_usart.o(.text)
    USART_SmartCardCmd                       0x080055eb   Thumb Code    24  stm32f4xx_usart.o(.text)
    USART_SmartCardNACKCmd                   0x08005603   Thumb Code    24  stm32f4xx_usart.o(.text)
    USART_IrDAConfig                         0x0800561b   Thumb Code    18  stm32f4xx_usart.o(.text)
    USART_IrDACmd                            0x0800562d   Thumb Code    24  stm32f4xx_usart.o(.text)
    USART_DMACmd                             0x08005645   Thumb Code    18  stm32f4xx_usart.o(.text)
    USART_ITConfig                           0x08005657   Thumb Code    74  stm32f4xx_usart.o(.text)
    USART_GetFlagStatus                      0x080056a1   Thumb Code    26  stm32f4xx_usart.o(.text)
    USART_ClearFlag                          0x080056bb   Thumb Code    18  stm32f4xx_usart.o(.text)
    USART_GetITStatus                        0x080056cd   Thumb Code   118  stm32f4xx_usart.o(.text)
    USART_ClearITPendingBit                  0x08005743   Thumb Code    30  stm32f4xx_usart.o(.text)
    CAN_DeInit                               0x08005761   Thumb Code    50  stm32f4xx_can.o(.text)
    CAN_Init                                 0x08005793   Thumb Code   276  stm32f4xx_can.o(.text)
    CAN_FilterInit                           0x080058a7   Thumb Code   258  stm32f4xx_can.o(.text)
    CAN_StructInit                           0x080059a9   Thumb Code    32  stm32f4xx_can.o(.text)
    CAN_SlaveStartBank                       0x080059c9   Thumb Code    48  stm32f4xx_can.o(.text)
    CAN_DBGFreeze                            0x080059f9   Thumb Code    22  stm32f4xx_can.o(.text)
    CAN_TTComModeCmd                         0x08005a0f   Thumb Code   118  stm32f4xx_can.o(.text)
    CAN_Transmit                             0x08005a85   Thumb Code   304  stm32f4xx_can.o(.text)
    CAN_TransmitStatus                       0x08005bb5   Thumb Code   138  stm32f4xx_can.o(.text)
    CAN_CancelTransmit                       0x08005c3f   Thumb Code    48  stm32f4xx_can.o(.text)
    CAN_Receive                              0x08005c6f   Thumb Code   240  stm32f4xx_can.o(.text)
    CAN_FIFORelease                          0x08005d5f   Thumb Code    22  stm32f4xx_can.o(.text)
    CAN_MessagePending                       0x08005d75   Thumb Code    30  stm32f4xx_can.o(.text)
    CAN_OperatingModeRequest                 0x08005d93   Thumb Code   162  stm32f4xx_can.o(.text)
    CAN_Sleep                                0x08005e35   Thumb Code    30  stm32f4xx_can.o(.text)
    CAN_WakeUp                               0x08005e53   Thumb Code    48  stm32f4xx_can.o(.text)
    CAN_GetLastErrorCode                     0x08005e83   Thumb Code    12  stm32f4xx_can.o(.text)
    CAN_GetReceiveErrorCounter               0x08005e8f   Thumb Code    10  stm32f4xx_can.o(.text)
    CAN_GetLSBTransmitErrorCounter           0x08005e99   Thumb Code    12  stm32f4xx_can.o(.text)
    CAN_ITConfig                             0x08005ea5   Thumb Code    18  stm32f4xx_can.o(.text)
    CAN_GetFlagStatus                        0x08005eb7   Thumb Code   120  stm32f4xx_can.o(.text)
    CAN_ClearFlag                            0x08005f2f   Thumb Code    52  stm32f4xx_can.o(.text)
    CAN_GetITStatus                          0x08005f75   Thumb Code   310  stm32f4xx_can.o(.text)
    CAN_ClearITPendingBit                    0x080060ab   Thumb Code   162  stm32f4xx_can.o(.text)
    DMA_DeInit                               0x08006151   Thumb Code   324  stm32f4xx_dma.o(.text)
    DMA_Init                                 0x08006295   Thumb Code    82  stm32f4xx_dma.o(.text)
    DMA_StructInit                           0x080062e7   Thumb Code    34  stm32f4xx_dma.o(.text)
    DMA_Cmd                                  0x08006309   Thumb Code    22  stm32f4xx_dma.o(.text)
    DMA_PeriphIncOffsetSizeConfig            0x0800631f   Thumb Code    22  stm32f4xx_dma.o(.text)
    DMA_FlowControllerConfig                 0x08006335   Thumb Code    22  stm32f4xx_dma.o(.text)
    DMA_SetCurrDataCounter                   0x0800634b   Thumb Code     4  stm32f4xx_dma.o(.text)
    DMA_GetCurrDataCounter                   0x0800634f   Thumb Code     8  stm32f4xx_dma.o(.text)
    DMA_DoubleBufferModeConfig               0x08006357   Thumb Code    24  stm32f4xx_dma.o(.text)
    DMA_DoubleBufferModeCmd                  0x0800636f   Thumb Code    22  stm32f4xx_dma.o(.text)
    DMA_MemoryTargetConfig                   0x08006385   Thumb Code    10  stm32f4xx_dma.o(.text)
    DMA_GetCurrentMemoryTarget               0x0800638f   Thumb Code    20  stm32f4xx_dma.o(.text)
    DMA_GetCmdStatus                         0x080063a3   Thumb Code    20  stm32f4xx_dma.o(.text)
    DMA_GetFIFOStatus                        0x080063b7   Thumb Code    12  stm32f4xx_dma.o(.text)
    DMA_GetFlagStatus                        0x080063c3   Thumb Code    56  stm32f4xx_dma.o(.text)
    DMA_ClearFlag                            0x080063fb   Thumb Code    40  stm32f4xx_dma.o(.text)
    DMA_ITConfig                             0x08006423   Thumb Code    58  stm32f4xx_dma.o(.text)
    DMA_GetITStatus                          0x0800645d   Thumb Code    84  stm32f4xx_dma.o(.text)
    DMA_ClearITPendingBit                    0x080064b1   Thumb Code    40  stm32f4xx_dma.o(.text)
    vListInitialise                          0x080064f9   Thumb Code    26  list.o(.text)
    vListInitialiseItem                      0x08006513   Thumb Code     6  list.o(.text)
    vListInsertEnd                           0x08006519   Thumb Code    24  list.o(.text)
    vListInsert                              0x08006531   Thumb Code    52  list.o(.text)
    uxListRemove                             0x08006565   Thumb Code    40  list.o(.text)
    xQueueGenericReset                       0x0800658d   Thumb Code   146  queue.o(.text)
    xQueueGenericCreate                      0x08006649   Thumb Code    88  queue.o(.text)
    xQueueGenericSend                        0x080067b9   Thumb Code   420  queue.o(.text)
    xQueueCreateMutex                        0x08006979   Thumb Code    34  queue.o(.text)
    xQueueGiveMutexRecursive                 0x0800699b   Thumb Code    76  queue.o(.text)
    xQueueGenericReceive                     0x08006a2b   Thumb Code   446  queue.o(.text)
    xQueueTakeMutexRecursive                 0x08006be9   Thumb Code    82  queue.o(.text)
    xQueueCreateCountingSemaphore            0x08006c3b   Thumb Code    92  queue.o(.text)
    xQueueGenericSendFromISR                 0x08006c97   Thumb Code   248  queue.o(.text)
    xQueueGiveFromISR                        0x08006d8f   Thumb Code   224  queue.o(.text)
    xQueueReceiveFromISR                     0x08006e6f   Thumb Code   210  queue.o(.text)
    xQueuePeekFromISR                        0x08006f41   Thumb Code   176  queue.o(.text)
    uxQueueMessagesWaiting                   0x08006ff1   Thumb Code    42  queue.o(.text)
    uxQueueSpacesAvailable                   0x0800701b   Thumb Code    48  queue.o(.text)
    uxQueueMessagesWaitingFromISR            0x0800704b   Thumb Code    30  queue.o(.text)
    vQueueUnregisterQueue                    0x08007069   Thumb Code    44  queue.o(.text)
    vQueueDelete                             0x08007095   Thumb Code    44  queue.o(.text)
    uxQueueGetQueueNumber                    0x080070c1   Thumb Code     6  queue.o(.text)
    vQueueSetQueueNumber                     0x080070c7   Thumb Code     4  queue.o(.text)
    ucQueueGetQueueType                      0x080070cb   Thumb Code     8  queue.o(.text)
    xQueueIsQueueEmptyFromISR                0x080070d3   Thumb Code    38  queue.o(.text)
    xQueueIsQueueFullFromISR                 0x080070f9   Thumb Code    42  queue.o(.text)
    vQueueAddToRegistry                      0x08007123   Thumb Code    38  queue.o(.text)
    pcQueueGetName                           0x08007149   Thumb Code    38  queue.o(.text)
    vQueueWaitForMessageRestricted           0x0800716f   Thumb Code    74  queue.o(.text)
    xTaskCreate                              0x08007353   Thumb Code    96  tasks.o(.text)
    vTaskDelete                              0x080073ef   Thumb Code   202  tasks.o(.text)
    xTaskIncrementTick                       0x080074b9   Thumb Code   358  tasks.o(.text)
    xTaskResumeAll                           0x0800761f   Thumb Code   224  tasks.o(.text)
    vTaskSuspendAll                          0x0800777b   Thumb Code    12  tasks.o(.text)
    vTaskDelayUntil                          0x08007787   Thumb Code   200  tasks.o(.text)
    vTaskDelay                               0x0800784f   Thumb Code    82  tasks.o(.text)
    eTaskGetState                            0x080078a1   Thumb Code   112  tasks.o(.text)
    uxTaskPriorityGet                        0x08007911   Thumb Code    30  tasks.o(.text)
    uxTaskPriorityGetFromISR                 0x0800792f   Thumb Code    62  tasks.o(.text)
    vTaskPrioritySet                         0x0800796d   Thumb Code   322  tasks.o(.text)
    vTaskSwitchContext                       0x08007aaf   Thumb Code   118  tasks.o(.text)
    vTaskSuspend                             0x08007b25   Thumb Code   196  tasks.o(.text)
    vTaskResume                              0x08007c39   Thumb Code   128  tasks.o(.text)
    xTaskResumeFromISR                       0x08007cb9   Thumb Code   158  tasks.o(.text)
    vTaskStartScheduler                      0x08007dcd   Thumb Code   192  tasks.o(.text)
    vTaskEndScheduler                        0x08007e8d   Thumb Code    32  tasks.o(.text)
    xTaskGetTickCount                        0x08007ead   Thumb Code     6  tasks.o(.text)
    xTaskGetTickCountFromISR                 0x08007eb3   Thumb Code    16  tasks.o(.text)
    uxTaskGetNumberOfTasks                   0x08007ec3   Thumb Code     6  tasks.o(.text)
    pcTaskGetName                            0x08007ec9   Thumb Code    44  tasks.o(.text)
    vTaskGetInfo                             0x08007f0b   Thumb Code   114  tasks.o(.text)
    uxTaskGetSystemState                     0x08007fe7   Thumb Code   152  tasks.o(.text)
    vTaskPlaceOnEventList                    0x0800807f   Thumb Code    52  tasks.o(.text)
    vTaskPlaceOnUnorderedEventList           0x080080b3   Thumb Code   100  tasks.o(.text)
    vTaskPlaceOnEventListRestricted          0x08008117   Thumb Code    60  tasks.o(.text)
    xTaskRemoveFromEventList                 0x08008153   Thumb Code   128  tasks.o(.text)
    xTaskRemoveFromUnorderedEventList        0x080081d3   Thumb Code   154  tasks.o(.text)
    vTaskSetTimeOutState                     0x0800826d   Thumb Code    90  tasks.o(.text)
    xTaskCheckForTimeOut                     0x080082c7   Thumb Code   132  tasks.o(.text)
    vTaskMissedYield                         0x0800834b   Thumb Code     8  tasks.o(.text)
    uxTaskGetTaskNumber                      0x08008353   Thumb Code    14  tasks.o(.text)
    vTaskSetTaskNumber                       0x08008361   Thumb Code     8  tasks.o(.text)
    xTaskGetCurrentTaskHandle                0x08008369   Thumb Code     6  tasks.o(.text)
    xTaskGetSchedulerState                   0x0800836f   Thumb Code    24  tasks.o(.text)
    vTaskPriorityInherit                     0x08008387   Thumb Code   164  tasks.o(.text)
    xTaskPriorityDisinherit                  0x0800842b   Thumb Code   188  tasks.o(.text)
    uxTaskResetEventItemValue                0x080084e7   Thumb Code    24  tasks.o(.text)
    pvTaskIncrementMutexHeldCount            0x080084ff   Thumb Code    26  tasks.o(.text)
    ulTaskNotifyTake                         0x08008519   Thumb Code   108  tasks.o(.text)
    xTaskNotifyWait                          0x08008585   Thumb Code   150  tasks.o(.text)
    xTaskGenericNotify                       0x0800861b   Thumb Code   280  tasks.o(.text)
    xTaskGenericNotifyFromISR                0x08008733   Thumb Code   298  tasks.o(.text)
    vTaskNotifyGiveFromISR                   0x0800885d   Thumb Code   216  tasks.o(.text)
    xTaskNotifyStateClear                    0x08008935   Thumb Code    48  tasks.o(.text)
    xTimerGenericCommand                     0x080089d1   Thumb Code   126  timers.o(.text)
    xTimerCreateTimerTask                    0x08008d49   Thumb Code   120  timers.o(.text)
    xTimerCreate                             0x08008e0f   Thumb Code    48  timers.o(.text)
    xTimerGetTimerDaemonTaskHandle           0x08008e3f   Thumb Code    42  timers.o(.text)
    xTimerGetPeriod                          0x08008e69   Thumb Code    32  timers.o(.text)
    xTimerGetExpiryTime                      0x08008e89   Thumb Code    34  timers.o(.text)
    pcTimerGetName                           0x08008eab   Thumb Code    32  timers.o(.text)
    xTimerIsTimerActive                      0x08008ecb   Thumb Code    56  timers.o(.text)
    pvTimerGetTimerID                        0x08008f03   Thumb Code    44  timers.o(.text)
    vTimerSetTimerID                         0x08008f2f   Thumb Code    44  timers.o(.text)
    pvPortMalloc                             0x08009023   Thumb Code   296  heap_4.o(.text)
    vPortFree                                0x0800914b   Thumb Code   140  heap_4.o(.text)
    xPortGetFreeHeapSize                     0x080091d7   Thumb Code     6  heap_4.o(.text)
    xPortGetMinimumEverFreeHeapSize          0x080091dd   Thumb Code     6  heap_4.o(.text)
    vPortInitialiseBlocks                    0x080091e3   Thumb Code     2  heap_4.o(.text)
    pxPortInitialiseStack                    0x08009239   Thumb Code    38  port.o(.text)
    vPortSetupTimerInterrupt                 0x0800925f   Thumb Code    26  port.o(.text)
    xPortStartScheduler                      0x08009279   Thumb Code   288  port.o(.text)
    vPortEndScheduler                        0x08009399   Thumb Code    42  port.o(.text)
    vPortEnterCritical                       0x080093c3   Thumb Code    78  port.o(.text)
    vPortExitCritical                        0x08009411   Thumb Code    56  port.o(.text)
    xPortSysTickHandler                      0x08009449   Thumb Code    48  port.o(.text)
    vPortValidateInterruptPriority           0x08009479   Thumb Code   108  port.o(.text)
    __use_no_semihosting                     0x08009509   Thumb Code     2  use_no_semi_2.o(.text)
    __aeabi_ldivmod                          0x0800950b   Thumb Code     0  llsdiv.o(.text)
    _ll_sdiv                                 0x0800950b   Thumb Code    72  llsdiv.o(.text)
    __2printf                                0x08009555   Thumb Code    20  noretval__2printf.o(.text)
    _printf_pre_padding                      0x0800956d   Thumb Code    44  _printf_pad.o(.text)
    _printf_post_padding                     0x08009599   Thumb Code    34  _printf_pad.o(.text)
    _printf_int_dec                          0x080095bd   Thumb Code   104  _printf_dec.o(.text)
    _printf_int_hex                          0x08009635   Thumb Code    84  _printf_hex_int.o(.text)
    _printf_longlong_hex                     0x08009635   Thumb Code     0  _printf_hex_int.o(.text)
    __printf                                 0x0800968d   Thumb Code   308  __printf_flags_wp.o(.text)
    memcmp                                   0x080097c5   Thumb Code    88  memcmp.o(.text)
    __aeabi_memcpy                           0x0800981d   Thumb Code     0  rt_memcpy_v6.o(.text)
    __rt_memcpy                              0x0800981d   Thumb Code   138  rt_memcpy_v6.o(.text)
    _memcpy_lastbytes                        0x08009883   Thumb Code     0  rt_memcpy_v6.o(.text)
    __aeabi_memset                           0x080098a7   Thumb Code    16  aeabi_memset.o(.text)
    __aeabi_memclr4                          0x080098b7   Thumb Code     0  rt_memclr_w.o(.text)
    __aeabi_memclr8                          0x080098b7   Thumb Code     0  rt_memclr_w.o(.text)
    __rt_memclr_w                            0x080098b7   Thumb Code    78  rt_memclr_w.o(.text)
    _memset_w                                0x080098bb   Thumb Code     0  rt_memclr_w.o(.text)
    __use_two_region_memory                  0x08009905   Thumb Code     2  heapauxi.o(.text)
    __rt_heap_escrow$2region                 0x08009907   Thumb Code     2  heapauxi.o(.text)
    __rt_heap_expand$2region                 0x08009909   Thumb Code     2  heapauxi.o(.text)
    __I$use$semihosting                      0x0800990b   Thumb Code     0  use_no_semi.o(.text)
    __use_no_semihosting_swi                 0x0800990b   Thumb Code     2  use_no_semi.o(.text)
    __aeabi_uldivmod                         0x0800990d   Thumb Code     0  lludivv7m.o(.text)
    _ll_udiv                                 0x0800990d   Thumb Code   238  lludivv7m.o(.text)
    __read_errno                             0x080099fb   Thumb Code    10  _rserrno.o(.text)
    __set_errno                              0x08009a05   Thumb Code    12  _rserrno.o(.text)
    _printf_int_common                       0x08009a11   Thumb Code   178  _printf_intcommon.o(.text)
    _printf_char_file                        0x08009ac5   Thumb Code    32  _printf_char_file.o(.text)
    __aeabi_memcpy4                          0x08009ae9   Thumb Code     0  rt_memcpy_w.o(.text)
    __aeabi_memcpy8                          0x08009ae9   Thumb Code     0  rt_memcpy_w.o(.text)
    __rt_memcpy_w                            0x08009ae9   Thumb Code   100  rt_memcpy_w.o(.text)
    _memcpy_lastbytes_aligned                0x08009b31   Thumb Code     0  rt_memcpy_w.o(.text)
    __aeabi_memclr                           0x08009b4d   Thumb Code     0  rt_memclr.o(.text)
    __rt_memclr                              0x08009b4d   Thumb Code    68  rt_memclr.o(.text)
    _memset                                  0x08009b51   Thumb Code     0  rt_memclr.o(.text)
    __aeabi_errno_addr                       0x08009b91   Thumb Code     8  rt_errno_addr_intlibspace.o(.text)
    __errno$intlibspace                      0x08009b91   Thumb Code     0  rt_errno_addr_intlibspace.o(.text)
    __rt_errno_addr$intlibspace              0x08009b91   Thumb Code     0  rt_errno_addr_intlibspace.o(.text)
    _printf_char_common                      0x08009ba3   Thumb Code    32  _printf_char_common.o(.text)
    ferror                                   0x08009bc9   Thumb Code     8  ferror.o(.text)
    __user_libspace                          0x08009bd1   Thumb Code     8  libspace.o(.text)
    __user_perproc_libspace                  0x08009bd1   Thumb Code     0  libspace.o(.text)
    __user_perthread_libspace                0x08009bd1   Thumb Code     0  libspace.o(.text)
    __user_setup_stackheap                   0x08009bd9   Thumb Code    74  sys_stackheap_outer.o(.text)
    exit                                     0x08009c23   Thumb Code    18  exit.o(.text)
    __ARM_fpclassify                         0x08009c35   Thumb Code    48  fpclassify.o(i.__ARM_fpclassify)
    __hardfp_asin                            0x08009c69   Thumb Code   770  asin.o(i.__hardfp_asin)
    __hardfp_atan                            0x08009fc9   Thumb Code   622  atan.o(i.__hardfp_atan)
    __hardfp_atan2                           0x0800a2a1   Thumb Code   432  atan2.o(i.__hardfp_atan2)
    __kernel_poly                            0x0800a491   Thumb Code   248  poly.o(i.__kernel_poly)
    __mathlib_dbl_infnan                     0x0800a589   Thumb Code    20  dunder.o(i.__mathlib_dbl_infnan)
    __mathlib_dbl_infnan2                    0x0800a59d   Thumb Code    20  dunder.o(i.__mathlib_dbl_infnan2)
    __mathlib_dbl_invalid                    0x0800a5b1   Thumb Code    24  dunder.o(i.__mathlib_dbl_invalid)
    __mathlib_dbl_underflow                  0x0800a5d1   Thumb Code    24  dunder.o(i.__mathlib_dbl_underflow)
    _is_digit                                0x0800a5f1   Thumb Code    14  __printf_wp.o(i._is_digit)
    atan                                     0x0800a5ff   Thumb Code    16  atan.o(i.atan)
    fabs                                     0x0800a60f   Thumb Code    24  fabs.o(i.fabs)
    sqrt                                     0x0800a627   Thumb Code   110  sqrt.o(i.sqrt)
    __aeabi_dneg                             0x0800a695   Thumb Code     0  basic.o(x$fpl$basic)
    _dneg                                    0x0800a695   Thumb Code     6  basic.o(x$fpl$basic)
    __aeabi_fneg                             0x0800a69b   Thumb Code     0  basic.o(x$fpl$basic)
    _fneg                                    0x0800a69b   Thumb Code     6  basic.o(x$fpl$basic)
    _dabs                                    0x0800a6a1   Thumb Code     6  basic.o(x$fpl$basic)
    _fabs                                    0x0800a6a7   Thumb Code     6  basic.o(x$fpl$basic)
    __aeabi_d2f                              0x0800a6ad   Thumb Code     0  d2f.o(x$fpl$d2f)
    _d2f                                     0x0800a6ad   Thumb Code    98  d2f.o(x$fpl$d2f)
    __aeabi_dadd                             0x0800a711   Thumb Code     0  daddsub_clz.o(x$fpl$dadd)
    _dadd                                    0x0800a711   Thumb Code   332  daddsub_clz.o(x$fpl$dadd)
    __aeabi_ddiv                             0x0800a861   Thumb Code     0  ddiv.o(x$fpl$ddiv)
    _ddiv                                    0x0800a861   Thumb Code   552  ddiv.o(x$fpl$ddiv)
    __aeabi_i2d                              0x0800ab11   Thumb Code     0  dflt_clz.o(x$fpl$dflt)
    _dflt                                    0x0800ab11   Thumb Code    46  dflt_clz.o(x$fpl$dflt)
    __aeabi_dmul                             0x0800ab41   Thumb Code     0  dmul.o(x$fpl$dmul)
    _dmul                                    0x0800ab41   Thumb Code   332  dmul.o(x$fpl$dmul)
    __fpl_dnaninf                            0x0800ac95   Thumb Code   156  dnaninf.o(x$fpl$dnaninf)
    __fpl_dretinf                            0x0800ad31   Thumb Code    12  dretinf.o(x$fpl$dretinf)
    __aeabi_drsub                            0x0800ad3d   Thumb Code     0  daddsub_clz.o(x$fpl$drsb)
    _drsb                                    0x0800ad3d   Thumb Code    22  daddsub_clz.o(x$fpl$drsb)
    _dsqrt                                   0x0800ad55   Thumb Code   404  dsqrt_umaal.o(x$fpl$dsqrt)
    __aeabi_dsub                             0x0800aeed   Thumb Code     0  daddsub_clz.o(x$fpl$dsub)
    _dsub                                    0x0800aeed   Thumb Code   464  daddsub_clz.o(x$fpl$dsub)
    __aeabi_f2d                              0x0800b0c1   Thumb Code     0  f2d.o(x$fpl$f2d)
    _f2d                                     0x0800b0c1   Thumb Code    86  f2d.o(x$fpl$f2d)
    __fpl_fnaninf                            0x0800b117   Thumb Code   140  fnaninf.o(x$fpl$fnaninf)
    _fp_init                                 0x0800b1a3   Thumb Code    10  fpinit.o(x$fpl$fpinit)
    __fplib_config_fpu_vfp                   0x0800b1ab   Thumb Code     0  fpinit.o(x$fpl$fpinit)
    __fplib_config_pureend_doubles           0x0800b1ab   Thumb Code     0  fpinit.o(x$fpl$fpinit)
    __fpl_fretinf                            0x0800b1ad   Thumb Code    10  fretinf.o(x$fpl$fretinf)
    __I$use$fp                               0x0800b1b6   Number         0  usenofp.o(x$fpl$usenofp)
    reg                                      0x0800b1b8   Data          27  inv_mpu.o(.constdata)
    hw                                       0x0800b1d4   Data          12  inv_mpu.o(.constdata)
    test                                     0x0800b1e0   Data          40  inv_mpu.o(.constdata)
    __mathlib_zero                           0x0800bf20   Data           8  qnan.o(.constdata)
    Region$$Table$$Base                      0x0800bf78   Number         0  anon$$obj.o(Region$$Table)
    Region$$Table$$Limit                     0x0800bf98   Number         0  anon$$obj.o(Region$$Table)
    pass_flag                                0x20000000   Data           1  system.o(.data)
    ulRemoteLostTime                         0x20000010   Data           4  remote.o(.data)
    usCom2PackageNum                         0x20000014   Data           2  usart2.o(.data)
    Start_RC_Mode                            0x20000016   Data           1  usart2.o(.data)
    this_time_rx_len                         0x20000018   Data           4  usart2.o(.data)
    Usart4_Clean_IDLE_Flag                   0x2000001c   Data           4  usart4.o(.data)
    Usart5_Clean_IDLE_Flag                   0x20000020   Data           4  usart5.o(.data)
    __stdout                                 0x20000024   Data           4  usart.o(.data)
    sysTickUptime                            0x2000002c   Data           4  delay.o(.data)
    SystemCoreClock                          0x20000030   Data           4  system_stm32f4xx.o(.data)
    AHBPrescTable                            0x20000034   Data          16  system_stm32f4xx.o(.data)
    pxCurrentTCB                             0x2000008c   Data           4  tasks.o(.data)
    RC_Ctl                                   0x20000100   Data          20  remote.o(.bss)
    Com4_Vision_Buffer                       0x20000150   Data         100  usart4.o(.bss)
    xCom4DMAInit                             0x200001b4   Data          60  usart4.o(.bss)
    Judge_Buffer                             0x200001f0   Data         200  usart5.o(.bss)
    xCom5DMAInit                             0x200002b8   Data          60  usart5.o(.bss)
    xQueueRegistry                           0x20000304   Data          64  queue.o(.bss)
    __libspace_start                         0x20013034   Data          96  libspace.o(.bss)
    __temporary_stack_top$libspace           0x20013094   Data           0  libspace.o(.bss)



==============================================================================

Memory Map of the image

  Image Entry point : 0x08000189

  Load Region LR_IROM1 (Base: 0x08000000, Size: 0x0000c098, Max: 0x00200000, ABSOLUTE)

    Execution Region ER_IROM1 (Base: 0x08000000, Size: 0x0000bf98, Max: 0x00200000, ABSOLUTE)

    Base Addr    Size         Type   Attr      Idx    E Section Name        Object

    0x08000000   0x00000188   Data   RO          805    RESET               startup_stm32f40xx.o
    0x08000188   0x00000008   Code   RO         1783  * !!!main             c_w.l(__main.o)
    0x08000190   0x00000034   Code   RO         2096    !!!scatter          c_w.l(__scatter.o)
    0x080001c4   0x0000001a   Code   RO         2098    !!handler_copy      c_w.l(__scatter_copy.o)
    0x080001de   0x00000002   PAD
    0x080001e0   0x0000001c   Code   RO         2100    !!handler_zi        c_w.l(__scatter_zi.o)
    0x080001fc   0x00000000   Code   RO         1772    .ARM.Collect$$_printf_percent$$00000000  c_w.l(_printf_percent.o)
    0x080001fc   0x00000006   Code   RO         1771    .ARM.Collect$$_printf_percent$$00000009  c_w.l(_printf_d.o)
    0x08000202   0x00000006   Code   RO         1770    .ARM.Collect$$_printf_percent$$0000000C  c_w.l(_printf_x.o)
    0x08000208   0x00000004   Code   RO         1850    .ARM.Collect$$_printf_percent$$00000017  c_w.l(_printf_percent_end.o)
    0x0800020c   0x00000002   Code   RO         1969    .ARM.Collect$$libinit$$00000000  c_w.l(libinit.o)
    0x0800020e   0x00000004   Code   RO         1976    .ARM.Collect$$libinit$$00000001  c_w.l(libinit2.o)
    0x08000212   0x00000000   Code   RO         1979    .ARM.Collect$$libinit$$00000004  c_w.l(libinit2.o)
    0x08000212   0x00000000   Code   RO         1982    .ARM.Collect$$libinit$$0000000A  c_w.l(libinit2.o)
    0x08000212   0x00000000   Code   RO         1984    .ARM.Collect$$libinit$$0000000C  c_w.l(libinit2.o)
    0x08000212   0x00000000   Code   RO         1986    .ARM.Collect$$libinit$$0000000E  c_w.l(libinit2.o)
    0x08000212   0x00000000   Code   RO         1989    .ARM.Collect$$libinit$$00000011  c_w.l(libinit2.o)
    0x08000212   0x00000000   Code   RO         1991    .ARM.Collect$$libinit$$00000013  c_w.l(libinit2.o)
    0x08000212   0x00000000   Code   RO         1993    .ARM.Collect$$libinit$$00000015  c_w.l(libinit2.o)
    0x08000212   0x00000000   Code   RO         1995    .ARM.Collect$$libinit$$00000017  c_w.l(libinit2.o)
    0x08000212   0x00000000   Code   RO         1997    .ARM.Collect$$libinit$$00000019  c_w.l(libinit2.o)
    0x08000212   0x00000000   Code   RO         1999    .ARM.Collect$$libinit$$0000001B  c_w.l(libinit2.o)
    0x08000212   0x00000000   Code   RO         2001    .ARM.Collect$$libinit$$0000001D  c_w.l(libinit2.o)
    0x08000212   0x00000000   Code   RO         2003    .ARM.Collect$$libinit$$0000001F  c_w.l(libinit2.o)
    0x08000212   0x00000000   Code   RO         2005    .ARM.Collect$$libinit$$00000021  c_w.l(libinit2.o)
    0x08000212   0x00000000   Code   RO         2007    .ARM.Collect$$libinit$$00000023  c_w.l(libinit2.o)
    0x08000212   0x00000000   Code   RO         2009    .ARM.Collect$$libinit$$00000025  c_w.l(libinit2.o)
    0x08000212   0x00000000   Code   RO         2013    .ARM.Collect$$libinit$$0000002C  c_w.l(libinit2.o)
    0x08000212   0x00000000   Code   RO         2015    .ARM.Collect$$libinit$$0000002E  c_w.l(libinit2.o)
    0x08000212   0x00000000   Code   RO         2017    .ARM.Collect$$libinit$$00000030  c_w.l(libinit2.o)
    0x08000212   0x00000000   Code   RO         2019    .ARM.Collect$$libinit$$00000032  c_w.l(libinit2.o)
    0x08000212   0x00000002   Code   RO         2020    .ARM.Collect$$libinit$$00000033  c_w.l(libinit2.o)
    0x08000214   0x00000002   Code   RO         2048    .ARM.Collect$$libshutdown$$00000000  c_w.l(libshutdown.o)
    0x08000216   0x00000000   Code   RO         2062    .ARM.Collect$$libshutdown$$00000002  c_w.l(libshutdown2.o)
    0x08000216   0x00000000   Code   RO         2064    .ARM.Collect$$libshutdown$$00000004  c_w.l(libshutdown2.o)
    0x08000216   0x00000000   Code   RO         2067    .ARM.Collect$$libshutdown$$00000007  c_w.l(libshutdown2.o)
    0x08000216   0x00000000   Code   RO         2070    .ARM.Collect$$libshutdown$$0000000A  c_w.l(libshutdown2.o)
    0x08000216   0x00000000   Code   RO         2072    .ARM.Collect$$libshutdown$$0000000C  c_w.l(libshutdown2.o)
    0x08000216   0x00000000   Code   RO         2075    .ARM.Collect$$libshutdown$$0000000F  c_w.l(libshutdown2.o)
    0x08000216   0x00000002   Code   RO         2076    .ARM.Collect$$libshutdown$$00000010  c_w.l(libshutdown2.o)
    0x08000218   0x00000000   Code   RO         1841    .ARM.Collect$$rtentry$$00000000  c_w.l(__rtentry.o)
    0x08000218   0x00000000   Code   RO         1920    .ARM.Collect$$rtentry$$00000002  c_w.l(__rtentry2.o)
    0x08000218   0x00000006   Code   RO         1932    .ARM.Collect$$rtentry$$00000004  c_w.l(__rtentry4.o)
    0x0800021e   0x00000000   Code   RO         1922    .ARM.Collect$$rtentry$$00000009  c_w.l(__rtentry2.o)
    0x0800021e   0x00000004   Code   RO         1923    .ARM.Collect$$rtentry$$0000000A  c_w.l(__rtentry2.o)
    0x08000222   0x00000000   Code   RO         1925    .ARM.Collect$$rtentry$$0000000C  c_w.l(__rtentry2.o)
    0x08000222   0x00000008   Code   RO         1926    .ARM.Collect$$rtentry$$0000000D  c_w.l(__rtentry2.o)
    0x0800022a   0x00000002   Code   RO         1970    .ARM.Collect$$rtexit$$00000000  c_w.l(rtexit.o)
    0x0800022c   0x00000000   Code   RO         2022    .ARM.Collect$$rtexit$$00000002  c_w.l(rtexit2.o)
    0x0800022c   0x00000004   Code   RO         2023    .ARM.Collect$$rtexit$$00000003  c_w.l(rtexit2.o)
    0x08000230   0x00000006   Code   RO         2024    .ARM.Collect$$rtexit$$00000004  c_w.l(rtexit2.o)
    0x08000236   0x00000002   PAD
    0x08000238   0x000000b6   Code   RO         1683    .emb_text           port.o
    0x080002ee   0x00000002   PAD
    0x080002f0   0x0000004c   Code   RO            4    .text               main.o
    0x0800033c   0x000001d8   Code   RO          161    .text               system.o
    0x08000514   0x00000170   Code   RO          233    .text               remote.o
    0x08000684   0x00000014   Code   RO          264    .text               stm32f4xx_it.o
    0x08000698   0x00000260   Code   RO          353    .text               can1.o
    0x080008f8   0x00000158   Code   RO          378    .text               can2.o
    0x08000a50   0x00000204   Code   RO          403    .text               usart2.o
    0x08000c54   0x000001c4   Code   RO          562    .text               usart4.o
    0x08000e18   0x000001a8   Code   RO          593    .text               usart5.o
    0x08000fc0   0x00000024   Code   RO          687    .text               usart.o
    0x08000fe4   0x000000f8   Code   RO          743    .text               delay.o
    0x080010dc   0x00000210   Code   RO          776    .text               system_stm32f4xx.o
    0x080012ec   0x00000040   Code   RO          806    .text               startup_stm32f40xx.o
    0x0800132c   0x00000258   Code   RO          813    .text               myiic.o
    0x08001584   0x00000384   Code   RO          840    .text               mpu6050.o
    0x08001908   0x000022cc   Code   RO          867    .text               inv_mpu.o
    0x08003bd4   0x00000d90   Code   RO          916    .text               inv_mpu_dmp_motion_driver.o
    0x08004964   0x000000e0   Code   RO          983    .text               misc.o
    0x08004a44   0x00000294   Code   RO         1007    .text               stm32f4xx_gpio.o
    0x08004cd8   0x00000634   Code   RO         1031    .text               stm32f4xx_rcc.o
    0x0800530c   0x00000454   Code   RO         1081    .text               stm32f4xx_usart.o
    0x08005760   0x000009f0   Code   RO         1105    .text               stm32f4xx_can.o
    0x08006150   0x000003a8   Code   RO         1129    .text               stm32f4xx_dma.o
    0x080064f8   0x00000094   Code   RO         1592    .text               list.o
    0x0800658c   0x00000c30   Code   RO         1604    .text               queue.o
    0x080071bc   0x000017c4   Code   RO         1622    .text               tasks.o
    0x08008980   0x000005e0   Code   RO         1641    .text               timers.o
    0x08008f60   0x0000029c   Code   RO         1668    .text               heap_4.o
    0x080091fc   0x0000030c   Code   RO         1684    .text               port.o
    0x08009508   0x00000002   Code   RO         1715    .text               c_w.l(use_no_semi_2.o)
    0x0800950a   0x00000048   Code   RO         1717    .text               c_w.l(llsdiv.o)
    0x08009552   0x00000002   PAD
    0x08009554   0x00000018   Code   RO         1721    .text               c_w.l(noretval__2printf.o)
    0x0800956c   0x0000004e   Code   RO         1725    .text               c_w.l(_printf_pad.o)
    0x080095ba   0x00000002   PAD
    0x080095bc   0x00000078   Code   RO         1727    .text               c_w.l(_printf_dec.o)
    0x08009634   0x00000058   Code   RO         1732    .text               c_w.l(_printf_hex_int.o)
    0x0800968c   0x00000138   Code   RO         1762    .text               c_w.l(__printf_flags_wp.o)
    0x080097c4   0x00000058   Code   RO         1773    .text               c_w.l(memcmp.o)
    0x0800981c   0x0000008a   Code   RO         1775    .text               c_w.l(rt_memcpy_v6.o)
    0x080098a6   0x00000010   Code   RO         1777    .text               c_w.l(aeabi_memset.o)
    0x080098b6   0x0000004e   Code   RO         1779    .text               c_w.l(rt_memclr_w.o)
    0x08009904   0x00000006   Code   RO         1781    .text               c_w.l(heapauxi.o)
    0x0800990a   0x00000002   Code   RO         1839    .text               c_w.l(use_no_semi.o)
    0x0800990c   0x000000ee   Code   RO         1842    .text               c_w.l(lludivv7m.o)
    0x080099fa   0x00000016   Code   RO         1844    .text               c_w.l(_rserrno.o)
    0x08009a10   0x000000b2   Code   RO         1846    .text               c_w.l(_printf_intcommon.o)
    0x08009ac2   0x00000002   PAD
    0x08009ac4   0x00000024   Code   RO         1848    .text               c_w.l(_printf_char_file.o)
    0x08009ae8   0x00000064   Code   RO         1851    .text               c_w.l(rt_memcpy_w.o)
    0x08009b4c   0x00000044   Code   RO         1853    .text               c_w.l(rt_memclr.o)
    0x08009b90   0x00000008   Code   RO         1941    .text               c_w.l(rt_errno_addr_intlibspace.o)
    0x08009b98   0x00000030   Code   RO         1943    .text               c_w.l(_printf_char_common.o)
    0x08009bc8   0x00000008   Code   RO         1945    .text               c_w.l(ferror.o)
    0x08009bd0   0x00000008   Code   RO         1953    .text               c_w.l(libspace.o)
    0x08009bd8   0x0000004a   Code   RO         1956    .text               c_w.l(sys_stackheap_outer.o)
    0x08009c22   0x00000012   Code   RO         1962    .text               c_w.l(exit.o)
    0x08009c34   0x00000030   Code   RO         1902    i.__ARM_fpclassify  m_wm.l(fpclassify.o)
    0x08009c64   0x00000004   PAD
    0x08009c68   0x00000360   Code   RO         1813    i.__hardfp_asin     m_wm.l(asin.o)
    0x08009fc8   0x000002d8   Code   RO         1868    i.__hardfp_atan     m_wm.l(atan.o)
    0x0800a2a0   0x000001f0   Code   RO         1827    i.__hardfp_atan2    m_wm.l(atan2.o)
    0x0800a490   0x000000f8   Code   RO         1904    i.__kernel_poly     m_wm.l(poly.o)
    0x0800a588   0x00000014   Code   RO         1883    i.__mathlib_dbl_infnan  m_wm.l(dunder.o)
    0x0800a59c   0x00000014   Code   RO         1884    i.__mathlib_dbl_infnan2  m_wm.l(dunder.o)
    0x0800a5b0   0x00000020   Code   RO         1885    i.__mathlib_dbl_invalid  m_wm.l(dunder.o)
    0x0800a5d0   0x00000020   Code   RO         1888    i.__mathlib_dbl_underflow  m_wm.l(dunder.o)
    0x0800a5f0   0x0000000e   Code   RO         1760    i._is_digit         c_w.l(__printf_wp.o)
    0x0800a5fe   0x00000010   Code   RO         1870    i.atan              m_wm.l(atan.o)
    0x0800a60e   0x00000018   Code   RO         1898    i.fabs              m_wm.l(fabs.o)
    0x0800a626   0x0000006e   Code   RO         1909    i.sqrt              m_wm.l(sqrt.o)
    0x0800a694   0x00000018   Code   RO         1855    x$fpl$basic         fz_wm.l(basic.o)
    0x0800a6ac   0x00000062   Code   RO         1785    x$fpl$d2f           fz_wm.l(d2f.o)
    0x0800a70e   0x00000002   PAD
    0x0800a710   0x00000150   Code   RO         1787    x$fpl$dadd          fz_wm.l(daddsub_clz.o)
    0x0800a860   0x000002b0   Code   RO         1794    x$fpl$ddiv          fz_wm.l(ddiv.o)
    0x0800ab10   0x0000002e   Code   RO         1804    x$fpl$dflt          fz_wm.l(dflt_clz.o)
    0x0800ab3e   0x00000002   PAD
    0x0800ab40   0x00000154   Code   RO         1809    x$fpl$dmul          fz_wm.l(dmul.o)
    0x0800ac94   0x0000009c   Code   RO         1859    x$fpl$dnaninf       fz_wm.l(dnaninf.o)
    0x0800ad30   0x0000000c   Code   RO         1861    x$fpl$dretinf       fz_wm.l(dretinf.o)
    0x0800ad3c   0x00000016   Code   RO         1788    x$fpl$drsb          fz_wm.l(daddsub_clz.o)
    0x0800ad52   0x00000002   PAD
    0x0800ad54   0x00000198   Code   RO         1951    x$fpl$dsqrt         fz_wm.l(dsqrt_umaal.o)
    0x0800aeec   0x000001d4   Code   RO         1789    x$fpl$dsub          fz_wm.l(daddsub_clz.o)
    0x0800b0c0   0x00000056   Code   RO         1811    x$fpl$f2d           fz_wm.l(f2d.o)
    0x0800b116   0x0000008c   Code   RO         1863    x$fpl$fnaninf       fz_wm.l(fnaninf.o)
    0x0800b1a2   0x0000000a   Code   RO         2036    x$fpl$fpinit        fz_wm.l(fpinit.o)
    0x0800b1ac   0x0000000a   Code   RO         1865    x$fpl$fretinf       fz_wm.l(fretinf.o)
    0x0800b1b6   0x00000000   Code   RO         1867    x$fpl$usenofp       fz_wm.l(usenofp.o)
    0x0800b1b6   0x00000002   PAD
    0x0800b1b8   0x00000050   Data   RO          868    .constdata          inv_mpu.o
    0x0800b208   0x00000bf6   Data   RO          918    .constdata          inv_mpu_dmp_motion_driver.o
    0x0800bdfe   0x00000028   Data   RO         1733    .constdata          c_w.l(_printf_hex_int.o)
    0x0800be26   0x00000011   Data   RO         1763    .constdata          c_w.l(__printf_flags_wp.o)
    0x0800be37   0x00000001   PAD
    0x0800be38   0x00000050   Data   RO         1816    .constdata          m_wm.l(asin.o)
    0x0800be88   0x00000098   Data   RO         1871    .constdata          m_wm.l(atan.o)
    0x0800bf20   0x00000008   Data   RO         1906    .constdata          m_wm.l(qnan.o)
    0x0800bf28   0x0000004d   Data   RO          869    .conststring        inv_mpu.o
    0x0800bf75   0x00000003   PAD
    0x0800bf78   0x00000020   Data   RO         2094    Region$$Table       anon$$obj.o


    Execution Region RW_IRAM1 (Base: 0x20000000, Size: 0x00013698, Max: 0x00030000, ABSOLUTE)

    Base Addr    Size         Type   Attr      Idx    E Section Name        Object

    0x20000000   0x0000000e   Data   RW          162    .data               system.o
    0x2000000e   0x00000002   PAD
    0x20000010   0x00000004   Data   RW          235    .data               remote.o
    0x20000014   0x00000008   Data   RW          405    .data               usart2.o
    0x2000001c   0x00000004   Data   RW          564    .data               usart4.o
    0x20000020   0x00000004   Data   RW          595    .data               usart5.o
    0x20000024   0x00000004   Data   RW          688    .data               usart.o
    0x20000028   0x00000008   Data   RW          744    .data               delay.o
    0x20000030   0x00000014   Data   RW          777    .data               system_stm32f4xx.o
    0x20000044   0x00000035   Data   RW          870    .data               inv_mpu.o
    0x20000079   0x00000010   Data   RW         1032    .data               stm32f4xx_rcc.o
    0x20000089   0x00000003   PAD
    0x2000008c   0x0000003c   Data   RW         1624    .data               tasks.o
    0x200000c8   0x00000014   Data   RW         1643    .data               timers.o
    0x200000dc   0x00000018   Data   RW         1670    .data               heap_4.o
    0x200000f4   0x0000000c   Data   RW         1685    .data               port.o
    0x20000100   0x00000014   Zero   RW          234    .bss                remote.o
    0x20000114   0x0000003c   Zero   RW          404    .bss                usart2.o
    0x20000150   0x000000a0   Zero   RW          563    .bss                usart4.o
    0x200001f0   0x00000104   Zero   RW          594    .bss                usart5.o
    0x200002f4   0x00000010   Zero   RW          917    .bss                inv_mpu_dmp_motion_driver.o
    0x20000304   0x00000040   Zero   RW         1605    .bss                queue.o
    0x20000344   0x000000c8   Zero   RW         1623    .bss                tasks.o
    0x2000040c   0x00000028   Zero   RW         1642    .bss                timers.o
    0x20000434   0x00012c00   Zero   RW         1669    .bss                heap_4.o
    0x20013034   0x00000060   Zero   RW         1954    .bss                c_w.l(libspace.o)
    0x20013094   0x00000004   PAD
    0x20013098   0x00000200   Zero   RW          804    HEAP                startup_stm32f40xx.o
    0x20013298   0x00000400   Zero   RW          803    STACK               startup_stm32f40xx.o


==============================================================================

Image component sizes


      Code (inc. data)   RO Data    RW Data    ZI Data      Debug   Object Name

       608         12          0          0          0       1598   can1.o
       344          8          0          0          0       1143   can2.o
       248         12          0          8          0       2161   delay.o
         0          0          0          0          0       9508   event_groups.o
       668         24          0         24      76800       3872   heap_4.o
      8908        224        157         53          0      24701   inv_mpu.o
      3472        142       3062          0         16      15591   inv_mpu_dmp_motion_driver.o
       148          0          0          0          0       2026   list.o
        76         14          0          0          0     270163   main.o
       224         20          0          0          0       1917   misc.o
       900         22          0          0          0       4435   mpu6050.o
       600         12          0          0          0       1952   myiic.o
       962         52          0         12          0       9047   port.o
      3120         14          0          0         64      16512   queue.o
       368         10          0          4         20       5134   remote.o
        64         26        392          0       1536        892   startup_stm32f40xx.o
      2544         38          0          0          0       8248   stm32f4xx_can.o
       936         32          0          0          0       6497   stm32f4xx_dma.o
       660         44          0          0          0       4261   stm32f4xx_gpio.o
        20          0          0          0          0     278547   stm32f4xx_it.o
      1588         52          0         16          0      13030   stm32f4xx_rcc.o
      1108         34          0          0          0       7984   stm32f4xx_usart.o
       472         22          0         14          0       3370   system.o
       528         46          0         20          0       2003   system_stm32f4xx.o
      6084        338          0         60        200      26010   tasks.o
      1504         68          0         20         40      17055   timers.o
        36          4          0          4          0       2858   usart.o
       516         32          0          8         60      14270   usart2.o
       452         30          0          4        160       2209   usart4.o
       424         30          0          4        260       2203   usart5.o

    ----------------------------------------------------------------------
     37584       1362       3646        256      79156     759197   Object Totals
         0          0         32          0          0          0   (incl. Generated)
         2          0          3          5          0          0   (incl. Padding)

    ----------------------------------------------------------------------

      Code (inc. data)   RO Data    RW Data    ZI Data      Debug   Library Member Name

         8          0          0          0          0         68   __main.o
       312          4         17          0          0         92   __printf_flags_wp.o
        14          0          0          0          0         68   __printf_wp.o
         0          0          0          0          0          0   __rtentry.o
        12          0          0          0          0          0   __rtentry2.o
         6          0          0          0          0          0   __rtentry4.o
        52          8          0          0          0          0   __scatter.o
        26          0          0          0          0          0   __scatter_copy.o
        28          0          0          0          0          0   __scatter_zi.o
        48          6          0          0          0         96   _printf_char_common.o
        36          4          0          0          0         80   _printf_char_file.o
         6          0          0          0          0          0   _printf_d.o
       120         16          0          0          0         92   _printf_dec.o
        88          4         40          0          0         88   _printf_hex_int.o
       178          0          0          0          0         88   _printf_intcommon.o
        78          0          0          0          0        108   _printf_pad.o
         0          0          0          0          0          0   _printf_percent.o
         4          0          0          0          0          0   _printf_percent_end.o
         6          0          0          0          0          0   _printf_x.o
        22          0          0          0          0        100   _rserrno.o
        16          0          0          0          0         68   aeabi_memset.o
        18          0          0          0          0         80   exit.o
         8          0          0          0          0         68   ferror.o
         6          0          0          0          0        152   heapauxi.o
         2          0          0          0          0          0   libinit.o
         6          0          0          0          0          0   libinit2.o
         2          0          0          0          0          0   libshutdown.o
         2          0          0          0          0          0   libshutdown2.o
         8          4          0          0         96         68   libspace.o
        72          0          0          0          0         76   llsdiv.o
       238          0          0          0          0        100   lludivv7m.o
        88          0          0          0          0         76   memcmp.o
        24          4          0          0          0         84   noretval__2printf.o
         8          4          0          0          0         68   rt_errno_addr_intlibspace.o
        68          0          0          0          0         68   rt_memclr.o
        78          0          0          0          0         80   rt_memclr_w.o
       138          0          0          0          0         68   rt_memcpy_v6.o
       100          0          0          0          0         80   rt_memcpy_w.o
         2          0          0          0          0          0   rtexit.o
        10          0          0          0          0          0   rtexit2.o
        74          0          0          0          0         80   sys_stackheap_outer.o
         2          0          0          0          0         68   use_no_semi.o
         2          0          0          0          0         68   use_no_semi_2.o
        24          0          0          0          0        164   basic.o
        98          4          0          0          0        140   d2f.o
       826         16          0          0          0        492   daddsub_clz.o
       688        140          0          0          0        256   ddiv.o
        46          0          0          0          0        116   dflt_clz.o
       340         12          0          0          0        152   dmul.o
       156          4          0          0          0        140   dnaninf.o
        12          0          0          0          0        116   dretinf.o
       408         56          0          0          0        168   dsqrt_umaal.o
        86          4          0          0          0        132   f2d.o
       140          4          0          0          0        132   fnaninf.o
        10          0          0          0          0        116   fpinit.o
        10          0          0          0          0        116   fretinf.o
         0          0          0          0          0          0   usenofp.o
       864         94         80          0          0        280   asin.o
       744        106        152          0          0        352   atan.o
       496         64          0          0          0        192   atan2.o
       104         16          0          0          0        496   dunder.o
        24          0          0          0          0        124   fabs.o
        48          0          0          0          0        124   fpclassify.o
       248          0          0          0          0        152   poly.o
         0          0          8          0          0          0   qnan.o
       110          0          0          0          0        148   sqrt.o

    ----------------------------------------------------------------------
      7520        574        298          0        100       6340   Library Totals
        22          0          1          0          4          0   (incl. Padding)

    ----------------------------------------------------------------------

      Code (inc. data)   RO Data    RW Data    ZI Data      Debug   Library Name

      2016         54         57          0         96       2232   c_w.l
      2844        240          0          0          0       2240   fz_wm.l
      2638        280        240          0          0       1868   m_wm.l

    ----------------------------------------------------------------------
      7520        574        298          0        100       6340   Library Totals

    ----------------------------------------------------------------------

==============================================================================


      Code (inc. data)   RO Data    RW Data    ZI Data      Debug   

     45104       1936       3944        256      79256     755141   Grand Totals
     45104       1936       3944        256      79256     755141   ELF Image Totals
     45104       1936       3944        256          0          0   ROM Totals

==============================================================================

    Total RO  Size (Code + RO Data)                49048 (  47.90kB)
    Total RW  Size (RW Data + ZI Data)             79512 (  77.65kB)
    Total ROM Size (Code + RO Data + RW Data)      49304 (  48.15kB)

==============================================================================

