Component: ARM Compiler 5.06 update 4 (build 422) Tool: armlink [4d35d2]

==============================================================================

Section Cross References

    main.o(.text) refers to system.o(.text) for System_Init
    main.o(.text) refers to can1.o(.text) for CAN1_Chassis_Send
    main.o(.text) refers to delay.o(.text) for delay_ms
    system.o(.text) refers to delay.o(.text) for Delay_init
    system.o(.text) refers to can1.o(.text) for CAN1_Init
    system.o(.text) refers to usart2.o(.text) for USART2_Init
    system.o(.text) refers to usart5.o(.text) for UART5_Init
    system.o(.text) refers to pwm.o(.text) for TIM4_Init
    system.o(.text) refers to laser.o(.text) for LASER_Init
    system.o(.text) refers to can2.o(.text) for CAN2_Init
    system.o(.text) refers to usart4.o(.text) for UART4_Init
    system.o(.text) refers to led.o(.text) for Led_Init
    system.o(.text) refers to adda.o(.text) for SuperCap_ADC_Init
    system.o(.text) refers to iwdg.o(.text) for IWDG_Init
    system.o(.text) refers to mpu6050.o(.text) for MPU_Init
    system.o(.text) refers to tasks.o(.text) for xTaskGetTickCount
    system.o(.text) refers to inv_mpu.o(.text) for mpu_dmp_init
    system.o(.text) refers to remote.o(.text) for REMOTE_vResetData
    system.o(.text) refers to system.o(.data) for ulCurrentTime
    remote.o(.text) refers to tasks.o(.text) for xTaskGetTickCount
    remote.o(.text) refers to remote.o(.data) for ulRemoteLostTime
    remote.o(.text) refers to remote.o(.bss) for RC_Ctl
    can1.o(.text) refers to stm32f4xx_rcc.o(.text) for RCC_AHB1PeriphClockCmd
    can1.o(.text) refers to stm32f4xx_gpio.o(.text) for GPIO_Init
    can1.o(.text) refers to stm32f4xx_can.o(.text) for CAN_Init
    can1.o(.text) refers to misc.o(.text) for NVIC_Init
    can2.o(.text) refers to stm32f4xx_rcc.o(.text) for RCC_AHB1PeriphClockCmd
    can2.o(.text) refers to stm32f4xx_gpio.o(.text) for GPIO_PinAFConfig
    can2.o(.text) refers to misc.o(.text) for NVIC_Init
    can2.o(.text) refers to stm32f4xx_can.o(.text) for CAN_DeInit
    usart2.o(.text) refers to stm32f4xx_usart.o(.text) for USART_GetITStatus
    usart2.o(.text) refers to stm32f4xx_dma.o(.text) for DMA_GetCurrentMemoryTarget
    usart2.o(.text) refers to remote.o(.text) for REMOTE_vReadData
    usart2.o(.text) refers to stm32f4xx_rcc.o(.text) for RCC_AHB1PeriphClockCmd
    usart2.o(.text) refers to stm32f4xx_gpio.o(.text) for GPIO_PinAFConfig
    usart2.o(.text) refers to misc.o(.text) for NVIC_Init
    usart2.o(.text) refers to usart2.o(.data) for Start_RC_Mode
    usart2.o(.text) refers to usart2.o(.bss) for ucCom2Buffer
    pwm.o(.text) refers to stm32f4xx_rcc.o(.text) for RCC_AHB1PeriphClockCmd
    pwm.o(.text) refers to stm32f4xx_gpio.o(.text) for GPIO_Init
    pwm.o(.text) refers to stm32f4xx_tim.o(.text) for TIM_TimeBaseInit
    led.o(.text) refers to stm32f4xx_rcc.o(.text) for RCC_AHB1PeriphClockCmd
    led.o(.text) refers to stm32f4xx_gpio.o(.text) for GPIO_Init
    laser.o(.text) refers to stm32f4xx_rcc.o(.text) for RCC_AHB1PeriphClockCmd
    laser.o(.text) refers to stm32f4xx_gpio.o(.text) for GPIO_Init
    usart4.o(.text) refers to stm32f4xx_dma.o(.text) for DMA_DeInit
    usart4.o(.text) refers to stm32f4xx_rcc.o(.text) for RCC_AHB1PeriphClockCmd
    usart4.o(.text) refers to stm32f4xx_gpio.o(.text) for GPIO_PinAFConfig
    usart4.o(.text) refers to stm32f4xx_usart.o(.text) for USART_Init
    usart4.o(.text) refers to misc.o(.text) for NVIC_Init
    usart4.o(.text) refers to rt_memclr_w.o(.text) for __aeabi_memclr4
    usart4.o(.text) refers to usart4.o(.bss) for xCom4DMAInit
    usart4.o(.text) refers to usart4.o(.data) for Usart4_Clean_IDLE_Flag
    usart5.o(.text) refers to stm32f4xx_dma.o(.text) for DMA_DeInit
    usart5.o(.text) refers to stm32f4xx_rcc.o(.text) for RCC_AHB1PeriphClockCmd
    usart5.o(.text) refers to stm32f4xx_gpio.o(.text) for GPIO_PinAFConfig
    usart5.o(.text) refers to stm32f4xx_usart.o(.text) for USART_Init
    usart5.o(.text) refers to misc.o(.text) for NVIC_Init
    usart5.o(.text) refers to usart5.o(.bss) for xCom5DMAInit
    usart5.o(.text) refers to usart5.o(.data) for Usart5_Clean_IDLE_Flag
    adda.o(.text) refers to stm32f4xx_rcc.o(.text) for RCC_AHB1PeriphClockCmd
    adda.o(.text) refers to stm32f4xx_gpio.o(.text) for GPIO_Init
    adda.o(.text) refers to stm32f4xx_dac.o(.text) for DAC_Init
    adda.o(.text) refers to stm32f4xx_adc.o(.text) for ADC_CommonInit
    adda.o(.text) refers to dflt_clz.o(x$fpl$dfltu) for __aeabi_ui2d
    adda.o(.text) refers to ddiv.o(x$fpl$ddiv) for __aeabi_ddiv
    adda.o(.text) refers to dmul.o(x$fpl$dmul) for __aeabi_dmul
    adda.o(.text) refers to dfixu.o(x$fpl$dfixu) for __aeabi_d2uiz
    adda.o(.text) refers to f2d.o(x$fpl$f2d) for __aeabi_f2d
    adda.o(.text) refers to d2f.o(x$fpl$d2f) for __aeabi_d2f
    adda.o(.text) refers to adda.o(.data) for value
    iwdg.o(.text) refers to stm32f4xx_iwdg.o(.text) for IWDG_WriteAccessCmd
[...]
    DMA1_Stream5_IRQHandler                  0x080017fb   Thumb Code     0  startup_stm32f40xx.o(.text)
    DMA1_Stream6_IRQHandler                  0x080017fb   Thumb Code     0  startup_stm32f40xx.o(.text)
    DMA1_Stream7_IRQHandler                  0x080017fb   Thumb Code     0  startup_stm32f40xx.o(.text)
    DMA2_Stream0_IRQHandler                  0x080017fb   Thumb Code     0  startup_stm32f40xx.o(.text)
    DMA2_Stream1_IRQHandler                  0x080017fb   Thumb Code     0  startup_stm32f40xx.o(.text)
    DMA2_Stream2_IRQHandler                  0x080017fb   Thumb Code     0  startup_stm32f40xx.o(.text)
    DMA2_Stream3_IRQHandler                  0x080017fb   Thumb Code     0  startup_stm32f40xx.o(.text)
    DMA2_Stream4_IRQHandler                  0x080017fb   Thumb Code     0  startup_stm32f40xx.o(.text)
    DMA2_Stream5_IRQHandler                  0x080017fb   Thumb Code     0  startup_stm32f40xx.o(.text)
    DMA2_Stream6_IRQHandler                  0x080017fb   Thumb Code     0  startup_stm32f40xx.o(.text)
    DMA2_Stream7_IRQHandler                  0x080017fb   Thumb Code     0  startup_stm32f40xx.o(.text)
    ETH_IRQHandler                           0x080017fb   Thumb Code     0  startup_stm32f40xx.o(.text)
    ETH_WKUP_IRQHandler                      0x080017fb   Thumb Code     0  startup_stm32f40xx.o(.text)
    EXTI0_IRQHandler                         0x080017fb   Thumb Code     0  startup_stm32f40xx.o(.text)
    EXTI15_10_IRQHandler                     0x080017fb   Thumb Code     0  startup_stm32f40xx.o(.text)
    EXTI1_IRQHandler                         0x080017fb   Thumb Code     0  startup_stm32f40xx.o(.text)
    EXTI2_IRQHandler                         0x080017fb   Thumb Code     0  startup_stm32f40xx.o(.text)
    EXTI3_IRQHandler                         0x080017fb   Thumb Code     0  startup_stm32f40xx.o(.text)
    EXTI4_IRQHandler                         0x080017fb   Thumb Code     0  startup_stm32f40xx.o(.text)
    EXTI9_5_IRQHandler                       0x080017fb   Thumb Code     0  startup_stm32f40xx.o(.text)
    FLASH_IRQHandler                         0x080017fb   Thumb Code     0  startup_stm32f40xx.o(.text)
    FPU_IRQHandler                           0x080017fb   Thumb Code     0  startup_stm32f40xx.o(.text)
    FSMC_IRQHandler                          0x080017fb   Thumb Code     0  startup_stm32f40xx.o(.text)
    HASH_RNG_IRQHandler                      0x080017fb   Thumb Code     0  startup_stm32f40xx.o(.text)
    I2C1_ER_IRQHandler                       0x080017fb   Thumb Code     0  startup_stm32f40xx.o(.text)
    I2C1_EV_IRQHandler                       0x080017fb   Thumb Code     0  startup_stm32f40xx.o(.text)
    I2C2_ER_IRQHandler                       0x080017fb   Thumb Code     0  startup_stm32f40xx.o(.text)
    I2C2_EV_IRQHandler                       0x080017fb   Thumb Code     0  startup_stm32f40xx.o(.text)
    I2C3_ER_IRQHandler                       0x080017fb   Thumb Code     0  startup_stm32f40xx.o(.text)
    I2C3_EV_IRQHandler                       0x080017fb   Thumb Code     0  startup_stm32f40xx.o(.text)
    OTG_FS_IRQHandler                        0x080017fb   Thumb Code     0  startup_stm32f40xx.o(.text)
    OTG_FS_WKUP_IRQHandler                   0x080017fb   Thumb Code     0  startup_stm32f40xx.o(.text)
    OTG_HS_EP1_IN_IRQHandler                 0x080017fb   Thumb Code     0  startup_stm32f40xx.o(.text)
    OTG_HS_EP1_OUT_IRQHandler                0x080017fb   Thumb Code     0  startup_stm32f40xx.o(.text)
    OTG_HS_IRQHandler                        0x080017fb   Thumb Code     0  startup_stm32f40xx.o(.text)
    OTG_HS_WKUP_IRQHandler                   0x080017fb   Thumb Code     0  startup_stm32f40xx.o(.text)
    PVD_IRQHandler                           0x080017fb   Thumb Code     0  startup_stm32f40xx.o(.text)
    RCC_IRQHandler                           0x080017fb   Thumb Code     0  startup_stm32f40xx.o(.text)
    RTC_Alarm_IRQHandler                     0x080017fb   Thumb Code     0  startup_stm32f40xx.o(.text)
    RTC_WKUP_IRQHandler                      0x080017fb   Thumb Code     0  startup_stm32f40xx.o(.text)
    SDIO_IRQHandler                          0x080017fb   Thumb Code     0  startup_stm32f40xx.o(.text)
    SPI1_IRQHandler                          0x080017fb   Thumb Code     0  startup_stm32f40xx.o(.text)
    SPI2_IRQHandler                          0x080017fb   Thumb Code     0  startup_stm32f40xx.o(.text)
    SPI3_IRQHandler                          0x080017fb   Thumb Code     0  startup_stm32f40xx.o(.text)
    TAMP_STAMP_IRQHandler                    0x080017fb   Thumb Code     0  startup_stm32f40xx.o(.text)
    TIM1_BRK_TIM9_IRQHandler                 0x080017fb   Thumb Code     0  startup_stm32f40xx.o(.text)
    TIM1_CC_IRQHandler                       0x080017fb   Thumb Code     0  startup_stm32f40xx.o(.text)
    TIM1_TRG_COM_TIM11_IRQHandler            0x080017fb   Thumb Code     0  startup_stm32f40xx.o(.text)
    TIM1_UP_TIM10_IRQHandler                 0x080017fb   Thumb Code     0  startup_stm32f40xx.o(.text)
    TIM2_IRQHandler                          0x080017fb   Thumb Code     0  startup_stm32f40xx.o(.text)
    TIM3_IRQHandler                          0x080017fb   Thumb Code     0  startup_stm32f40xx.o(.text)
    TIM4_IRQHandler                          0x080017fb   Thumb Code     0  startup_stm32f40xx.o(.text)
    TIM5_IRQHandler                          0x080017fb   Thumb Code     0  startup_stm32f40xx.o(.text)
    TIM6_DAC_IRQHandler                      0x080017fb   Thumb Code     0  startup_stm32f40xx.o(.text)
    TIM7_IRQHandler                          0x080017fb   Thumb Code     0  startup_stm32f40xx.o(.text)
    TIM8_BRK_TIM12_IRQHandler                0x080017fb   Thumb Code     0  startup_stm32f40xx.o(.text)
    TIM8_CC_IRQHandler                       0x080017fb   Thumb Code     0  startup_stm32f40xx.o(.text)
    TIM8_TRG_COM_TIM14_IRQHandler            0x080017fb   Thumb Code     0  startup_stm32f40xx.o(.text)
    TIM8_UP_TIM13_IRQHandler                 0x080017fb   Thumb Code     0  startup_stm32f40xx.o(.text)
    USART1_IRQHandler                        0x080017fb   Thumb Code     0  startup_stm32f40xx.o(.text)
    USART3_IRQHandler                        0x080017fb   Thumb Code     0  startup_stm32f40xx.o(.text)
    USART6_IRQHandler                        0x080017fb   Thumb Code     0  startup_stm32f40xx.o(.text)
    WWDG_IRQHandler                          0x080017fb   Thumb Code     0  startup_stm32f40xx.o(.text)
    __user_initial_stackheap                 0x080017fd   Thumb Code     0  startup_stm32f40xx.o(.text)
    IIC_Init                                 0x08001821   Thumb Code    60  myiic.o(.text)
    IIC_Start                                0x0800185d   Thumb Code    68  myiic.o(.text)
    IIC_Stop                                 0x080018a1   Thumb Code    62  myiic.o(.text)
    IIC_Wait_Ack                             0x080018df   Thumb Code    82  myiic.o(.text)
    IIC_Ack                                  0x08001931   Thumb Code    66  myiic.o(.text)
    IIC_NAck                                 0x08001973   Thumb Code    66  myiic.o(.text)
    IIC_Send_Byte                            0x080019b5   Thumb Code    90  myiic.o(.text)
    IIC_Read_Byte                            0x08001a0f   Thumb Code    94  myiic.o(.text)
    MPU_Write_Byte                           0x08001a79   Thumb Code    68  mpu6050.o(.text)
    MPU_Set_LPF                              0x08001abd   Thumb Code    58  mpu6050.o(.text)
    MPU_Set_Rate                             0x08001af7   Thumb Code    58  mpu6050.o(.text)
    MPU_Read_Byte                            0x08001b31   Thumb Code    58  mpu6050.o(.text)
    MPU_Set_Accel_Fsr                        0x08001b6b   Thumb Code    16  mpu6050.o(.text)
    MPU_Set_Gyro_Fsr                         0x08001b7b   Thumb Code    16  mpu6050.o(.text)
    MPU_Init                                 0x08001b8b   Thumb Code   122  mpu6050.o(.text)
    MPU_Read_Len                             0x08001c05   Thumb Code   116  mpu6050.o(.text)
    MPU_Get_Temperature                      0x08001c79   Thumb Code   110  mpu6050.o(.text)
    MPU_Get_Gyroscope                        0x08001ce7   Thumb Code    80  mpu6050.o(.text)
    MPU_Get_Accelerometer                    0x08001d37   Thumb Code    80  mpu6050.o(.text)
    MPU_Write_Len                            0x08001d87   Thumb Code    96  mpu6050.o(.text)
    mpu_reg_dump                             0x08001e87   Thumb Code    84  inv_mpu.o(.text)
    mpu_read_reg                             0x08001edb   Thumb Code    66  inv_mpu.o(.text)
    mpu_set_int_latched                      0x08001f1d   Thumb Code   102  inv_mpu.o(.text)
    mpu_set_sensors                          0x08001f83   Thumb Code   202  inv_mpu.o(.text)
    mpu_set_bypass                           0x0800204d   Thumb Code   328  inv_mpu.o(.text)
    mpu_reset_fifo                           0x08002195   Thumb Code   472  inv_mpu.o(.text)
    mpu_configure_fifo                       0x0800236d   Thumb Code   106  inv_mpu.o(.text)
    mpu_set_lpf                              0x080023d7   Thumb Code   126  inv_mpu.o(.text)
    mpu_lp_accel_mode                        0x08002455   Thumb Code   218  inv_mpu.o(.text)
    mpu_set_sample_rate                      0x0800252f   Thumb Code   152  inv_mpu.o(.text)
    mpu_set_accel_fsr                        0x080025c7   Thumb Code   132  inv_mpu.o(.text)
    mpu_set_gyro_fsr                         0x0800264b   Thumb Code   132  inv_mpu.o(.text)
    mpu_init                                 0x080026cf   Thumb Code   416  inv_mpu.o(.text)
    mget_ms                                  0x0800286f   Thumb Code     2  inv_mpu.o(.text)
    mpu_get_gyro_reg                         0x08002871   Thumb Code   110  inv_mpu.o(.text)
    mpu_get_accel_reg                        0x080028df   Thumb Code   110  inv_mpu.o(.text)
    mpu_get_temperature                      0x0800294d   Thumb Code   142  inv_mpu.o(.text)
    mpu_set_accel_bias                       0x080029db   Thumb Code   472  inv_mpu.o(.text)
    mpu_get_gyro_fsr                         0x08002bb3   Thumb Code    64  inv_mpu.o(.text)
    mpu_get_accel_fsr                        0x08002bf3   Thumb Code    72  inv_mpu.o(.text)
    mpu_get_lpf                              0x08002c3b   Thumb Code    74  inv_mpu.o(.text)
    mpu_get_sample_rate                      0x08002c85   Thumb Code    26  inv_mpu.o(.text)
    mpu_get_compass_sample_rate              0x08002c9f   Thumb Code    10  inv_mpu.o(.text)
    mpu_set_compass_sample_rate              0x08002ca9   Thumb Code     8  inv_mpu.o(.text)
    mpu_get_gyro_sens                        0x08002cb1   Thumb Code    74  inv_mpu.o(.text)
    mpu_get_accel_sens                       0x08002cfb   Thumb Code    78  inv_mpu.o(.text)
    mpu_get_fifo_config                      0x08002d49   Thumb Code    12  inv_mpu.o(.text)
    mpu_get_power_state                      0x08002d55   Thumb Code    22  inv_mpu.o(.text)
    mpu_get_int_status                       0x08002d6b   Thumb Code    64  inv_mpu.o(.text)
    mpu_read_fifo                            0x08002dab   Thumb Code   520  inv_mpu.o(.text)
    mpu_read_fifo_stream                     0x08002fb3   Thumb Code   186  inv_mpu.o(.text)
    mpu_set_int_level                        0x0800306d   Thumb Code    12  inv_mpu.o(.text)
    mpu_set_dmp_state                        0x0800377d   Thumb Code   138  inv_mpu.o(.text)
    mpu_run_self_test                        0x08003807   Thumb Code   278  inv_mpu.o(.text)
    mpu_write_mem                            0x0800391d   Thumb Code   122  inv_mpu.o(.text)
    mpu_read_mem                             0x08003997   Thumb Code   122  inv_mpu.o(.text)
    mpu_load_firmware                        0x08003a11   Thumb Code   190  inv_mpu.o(.text)
    mpu_get_dmp_state                        0x08003acf   Thumb Code    14  inv_mpu.o(.text)
    setup_compass                            0x08003add   Thumb Code     6  inv_mpu.o(.text)
    mpu_get_compass_reg                      0x08003ae3   Thumb Code     8  inv_mpu.o(.text)
    mpu_get_compass_fsr                      0x08003aeb   Thumb Code     8  inv_mpu.o(.text)
    mpu_lp_motion_interrupt                  0x08003af3   Thumb Code   512  inv_mpu.o(.text)
    run_self_test                            0x08003cf3   Thumb Code   158  inv_mpu.o(.text)
    inv_row_2_scale                          0x08003d91   Thumb Code    78  inv_mpu.o(.text)
    inv_orientation_matrix_to_scalar         0x08003ddf   Thumb Code    40  inv_mpu.o(.text)
    mpu_dmp_init                             0x08003e07   Thumb Code   166  inv_mpu.o(.text)
    mpu_dmp_get_data                         0x08003ead   Thumb Code   520  inv_mpu.o(.text)
    dmp_load_motion_driver_firmware          0x080040c9   Thumb Code    20  inv_mpu_dmp_motion_driver.o(.text)
    dmp_set_orientation                      0x080040dd   Thumb Code   290  inv_mpu_dmp_motion_driver.o(.text)
    dmp_set_gyro_bias                        0x080041ff   Thumb Code   294  inv_mpu_dmp_motion_driver.o(.text)
    dmp_set_accel_bias                       0x08004325   Thumb Code   300  inv_mpu_dmp_motion_driver.o(.text)
    dmp_set_fifo_rate                        0x08004451   Thumb Code   136  inv_mpu_dmp_motion_driver.o(.text)
    dmp_get_fifo_rate                        0x080044d9   Thumb Code    12  inv_mpu_dmp_motion_driver.o(.text)
    dmp_set_tap_thresh                       0x080044e5   Thumb Code   412  inv_mpu_dmp_motion_driver.o(.text)
    dmp_set_tap_axes                         0x08004681   Thumb Code    70  inv_mpu_dmp_motion_driver.o(.text)
    dmp_set_tap_count                        0x080046c7   Thumb Code    38  inv_mpu_dmp_motion_driver.o(.text)
    dmp_set_tap_time                         0x080046ed   Thumb Code    38  inv_mpu_dmp_motion_driver.o(.text)
    dmp_set_tap_time_multi                   0x08004713   Thumb Code    38  inv_mpu_dmp_motion_driver.o(.text)
    dmp_set_shake_reject_thresh              0x08004739   Thumb Code    56  inv_mpu_dmp_motion_driver.o(.text)
    dmp_set_shake_reject_time                0x08004771   Thumb Code    38  inv_mpu_dmp_motion_driver.o(.text)
    dmp_set_shake_reject_timeout             0x08004797   Thumb Code    38  inv_mpu_dmp_motion_driver.o(.text)
    dmp_get_pedometer_step_count             0x080047bd   Thumb Code    66  inv_mpu_dmp_motion_driver.o(.text)
    dmp_set_pedometer_step_count             0x080047ff   Thumb Code    42  inv_mpu_dmp_motion_driver.o(.text)
    dmp_get_pedometer_walk_time              0x08004829   Thumb Code    72  inv_mpu_dmp_motion_driver.o(.text)
    dmp_set_pedometer_walk_time              0x08004871   Thumb Code    48  inv_mpu_dmp_motion_driver.o(.text)
    dmp_enable_6x_lp_quat                    0x080048a1   Thumb Code   100  inv_mpu_dmp_motion_driver.o(.text)
    dmp_enable_lp_quat                       0x08004905   Thumb Code    60  inv_mpu_dmp_motion_driver.o(.text)
    dmp_enable_gyro_cal                      0x08004941   Thumb Code    62  inv_mpu_dmp_motion_driver.o(.text)
    dmp_enable_feature                       0x0800497f   Thumb Code   530  inv_mpu_dmp_motion_driver.o(.text)
    dmp_get_enabled_features                 0x08004b91   Thumb Code    12  inv_mpu_dmp_motion_driver.o(.text)
    dmp_set_interrupt_mode                   0x08004bfb   Thumb Code    66  inv_mpu_dmp_motion_driver.o(.text)
    dmp_read_fifo                            0x08004c3d   Thumb Code   514  inv_mpu_dmp_motion_driver.o(.text)
    dmp_register_tap_cb                      0x08004e3f   Thumb Code    10  inv_mpu_dmp_motion_driver.o(.text)
    dmp_register_android_orient_cb           0x08004e49   Thumb Code    10  inv_mpu_dmp_motion_driver.o(.text)
    NVIC_PriorityGroupConfig                 0x08004e59   Thumb Code    10  misc.o(.text)
    NVIC_Init                                0x08004e63   Thumb Code   106  misc.o(.text)
    NVIC_SetVectorTable                      0x08004ecd   Thumb Code    14  misc.o(.text)
    NVIC_SystemLPConfig                      0x08004edb   Thumb Code    34  misc.o(.text)
    SysTick_CLKSourceConfig                  0x08004efd   Thumb Code    40  misc.o(.text)
    GPIO_DeInit                              0x08004f39   Thumb Code   268  stm32f4xx_gpio.o(.text)
    GPIO_Init                                0x08005045   Thumb Code   144  stm32f4xx_gpio.o(.text)
    GPIO_StructInit                          0x080050d5   Thumb Code    18  stm32f4xx_gpio.o(.text)
    GPIO_PinLockConfig                       0x080050e7   Thumb Code    34  stm32f4xx_gpio.o(.text)
    GPIO_ReadInputDataBit                    0x08005109   Thumb Code    18  stm32f4xx_gpio.o(.text)
    GPIO_ReadInputData                       0x0800511b   Thumb Code     8  stm32f4xx_gpio.o(.text)
    GPIO_ReadOutputDataBit                   0x08005123   Thumb Code    18  stm32f4xx_gpio.o(.text)
    GPIO_ReadOutputData                      0x08005135   Thumb Code     8  stm32f4xx_gpio.o(.text)
    GPIO_SetBits                             0x0800513d   Thumb Code     4  stm32f4xx_gpio.o(.text)
    GPIO_ResetBits                           0x08005141   Thumb Code     4  stm32f4xx_gpio.o(.text)
    GPIO_WriteBit                            0x08005145   Thumb Code    10  stm32f4xx_gpio.o(.text)
    GPIO_Write                               0x0800514f   Thumb Code     4  stm32f4xx_gpio.o(.text)
    GPIO_ToggleBits                          0x08005153   Thumb Code     8  stm32f4xx_gpio.o(.text)
    GPIO_PinAFConfig                         0x0800515b   Thumb Code    70  stm32f4xx_gpio.o(.text)
    RCC_DeInit                               0x080051cd   Thumb Code    82  stm32f4xx_rcc.o(.text)
    RCC_HSEConfig                            0x0800521f   Thumb Code    14  stm32f4xx_rcc.o(.text)
    RCC_GetFlagStatus                        0x0800522d   Thumb Code    60  stm32f4xx_rcc.o(.text)
    RCC_WaitForHSEStartUp                    0x08005269   Thumb Code    56  stm32f4xx_rcc.o(.text)
    RCC_AdjustHSICalibrationValue            0x080052a1   Thumb Code    20  stm32f4xx_rcc.o(.text)
    RCC_HSICmd                               0x080052b5   Thumb Code     6  stm32f4xx_rcc.o(.text)
    RCC_LSEConfig                            0x080052bb   Thumb Code    46  stm32f4xx_rcc.o(.text)
    RCC_LSICmd                               0x080052e9   Thumb Code     6  stm32f4xx_rcc.o(.text)
    RCC_PLLConfig                            0x080052ef   Thumb Code    32  stm32f4xx_rcc.o(.text)
    RCC_PLLCmd                               0x0800530f   Thumb Code     6  stm32f4xx_rcc.o(.text)
    RCC_PLLI2SConfig                         0x08005315   Thumb Code    14  stm32f4xx_rcc.o(.text)
    RCC_PLLI2SCmd                            0x08005323   Thumb Code     6  stm32f4xx_rcc.o(.text)
    RCC_PLLSAIConfig                         0x08005329   Thumb Code    20  stm32f4xx_rcc.o(.text)
    RCC_PLLSAICmd                            0x0800533d   Thumb Code     6  stm32f4xx_rcc.o(.text)
    RCC_ClockSecuritySystemCmd               0x08005343   Thumb Code     6  stm32f4xx_rcc.o(.text)
    RCC_MCO1Config                           0x08005349   Thumb Code    28  stm32f4xx_rcc.o(.text)
    RCC_MCO2Config                           0x08005365   Thumb Code    28  stm32f4xx_rcc.o(.text)
    RCC_SYSCLKConfig                         0x08005381   Thumb Code    20  stm32f4xx_rcc.o(.text)
    RCC_GetSYSCLKSource                      0x08005395   Thumb Code    12  stm32f4xx_rcc.o(.text)
    RCC_HCLKConfig                           0x080053a1   Thumb Code    20  stm32f4xx_rcc.o(.text)
    RCC_PCLK1Config                          0x080053b5   Thumb Code    20  stm32f4xx_rcc.o(.text)
    RCC_PCLK2Config                          0x080053c9   Thumb Code    22  stm32f4xx_rcc.o(.text)
    RCC_GetClocksFreq                        0x080053df   Thumb Code   222  stm32f4xx_rcc.o(.text)
    RCC_RTCCLKConfig                         0x080054bd   Thumb Code    54  stm32f4xx_rcc.o(.text)
    RCC_RTCCLKCmd                            0x080054f3   Thumb Code     8  stm32f4xx_rcc.o(.text)
    RCC_BackupResetCmd                       0x080054fb   Thumb Code     8  stm32f4xx_rcc.o(.text)
    RCC_I2SCLKConfig                         0x08005503   Thumb Code     6  stm32f4xx_rcc.o(.text)
    RCC_SAIPLLI2SClkDivConfig                0x08005509   Thumb Code    26  stm32f4xx_rcc.o(.text)
    RCC_SAIPLLSAIClkDivConfig                0x08005523   Thumb Code    28  stm32f4xx_rcc.o(.text)
    RCC_SAIBlockACLKConfig                   0x0800553f   Thumb Code    20  stm32f4xx_rcc.o(.text)
    RCC_SAIBlockBCLKConfig                   0x08005553   Thumb Code    20  stm32f4xx_rcc.o(.text)
    RCC_LTDCCLKDivConfig                     0x08005567   Thumb Code    20  stm32f4xx_rcc.o(.text)
    RCC_TIMCLKPresConfig                     0x0800557b   Thumb Code     6  stm32f4xx_rcc.o(.text)
    RCC_AHB1PeriphClockCmd                   0x08005581   Thumb Code    34  stm32f4xx_rcc.o(.text)
    RCC_AHB2PeriphClockCmd                   0x080055a3   Thumb Code    78  stm32f4xx_rcc.o(.text)
    RCC_AHB3PeriphClockCmd                   0x080055f1   Thumb Code    34  stm32f4xx_rcc.o(.text)
    RCC_APB1PeriphClockCmd                   0x08005613   Thumb Code    34  stm32f4xx_rcc.o(.text)
    RCC_APB2PeriphClockCmd                   0x08005635   Thumb Code    34  stm32f4xx_rcc.o(.text)
    RCC_AHB1PeriphResetCmd                   0x08005657   Thumb Code    34  stm32f4xx_rcc.o(.text)
    RCC_AHB2PeriphResetCmd                   0x08005679   Thumb Code    34  stm32f4xx_rcc.o(.text)
    RCC_AHB3PeriphResetCmd                   0x0800569b   Thumb Code    34  stm32f4xx_rcc.o(.text)
    RCC_APB1PeriphResetCmd                   0x080056bd   Thumb Code    34  stm32f4xx_rcc.o(.text)
    RCC_APB2PeriphResetCmd                   0x080056df   Thumb Code    34  stm32f4xx_rcc.o(.text)
    RCC_AHB1PeriphClockLPModeCmd             0x08005701   Thumb Code    34  stm32f4xx_rcc.o(.text)
    RCC_AHB2PeriphClockLPModeCmd             0x08005723   Thumb Code    34  stm32f4xx_rcc.o(.text)
    RCC_AHB3PeriphClockLPModeCmd             0x08005745   Thumb Code    34  stm32f4xx_rcc.o(.text)
    RCC_APB1PeriphClockLPModeCmd             0x08005767   Thumb Code    34  stm32f4xx_rcc.o(.text)
    RCC_APB2PeriphClockLPModeCmd             0x08005789   Thumb Code    34  stm32f4xx_rcc.o(.text)
    RCC_ITConfig                             0x080057ab   Thumb Code    34  stm32f4xx_rcc.o(.text)
    RCC_ClearFlag                            0x080057cd   Thumb Code    18  stm32f4xx_rcc.o(.text)
    RCC_GetITStatus                          0x080057df   Thumb Code    22  stm32f4xx_rcc.o(.text)
    RCC_ClearITPendingBit                    0x080057f5   Thumb Code     8  stm32f4xx_rcc.o(.text)
    TIM_DeInit                               0x08005801   Thumb Code   346  stm32f4xx_tim.o(.text)
    TIM_TimeBaseInit                         0x0800595b   Thumb Code   104  stm32f4xx_tim.o(.text)
    TIM_TimeBaseStructInit                   0x080059c3   Thumb Code    18  stm32f4xx_tim.o(.text)
    TIM_PrescalerConfig                      0x080059d5   Thumb Code     6  stm32f4xx_tim.o(.text)
    TIM_CounterModeConfig                    0x080059db   Thumb Code    18  stm32f4xx_tim.o(.text)
    TIM_SetCounter                           0x080059ed   Thumb Code     4  stm32f4xx_tim.o(.text)
    TIM_SetAutoreload                        0x080059f1   Thumb Code     4  stm32f4xx_tim.o(.text)
    TIM_GetCounter                           0x080059f5   Thumb Code     6  stm32f4xx_tim.o(.text)
    TIM_GetPrescaler                         0x080059fb   Thumb Code     6  stm32f4xx_tim.o(.text)
    TIM_UpdateDisableConfig                  0x08005a01   Thumb Code    24  stm32f4xx_tim.o(.text)
    TIM_UpdateRequestConfig                  0x08005a19   Thumb Code    24  stm32f4xx_tim.o(.text)
    TIM_ARRPreloadConfig                     0x08005a31   Thumb Code    24  stm32f4xx_tim.o(.text)
    TIM_SelectOnePulseMode                   0x08005a49   Thumb Code    18  stm32f4xx_tim.o(.text)
    TIM_SetClockDivision                     0x08005a5b   Thumb Code    18  stm32f4xx_tim.o(.text)
    TIM_Cmd                                  0x08005a6d   Thumb Code    24  stm32f4xx_tim.o(.text)
    TIM_OC1Init                              0x08005a85   Thumb Code   114  stm32f4xx_tim.o(.text)
    TIM_OC2Init                              0x08005af7   Thumb Code   154  stm32f4xx_tim.o(.text)
    TIM_OC3Init                              0x08005b91   Thumb Code   204  stm32f4xx_tim.o(.text)
    TIM_OC4Init                              0x08005c5d   Thumb Code   112  stm32f4xx_tim.o(.text)
    TIM_OCStructInit                         0x08005ccd   Thumb Code    20  stm32f4xx_tim.o(.text)
    TIM_SelectOCxM                           0x08005ce1   Thumb Code    86  stm32f4xx_tim.o(.text)
    TIM_SetCompare1                          0x08005d37   Thumb Code     4  stm32f4xx_tim.o(.text)
    TIM_SetCompare2                          0x08005d3b   Thumb Code     4  stm32f4xx_tim.o(.text)
    TIM_SetCompare3                          0x08005d3f   Thumb Code     4  stm32f4xx_tim.o(.text)
    TIM_SetCompare4                          0x08005d43   Thumb Code     4  stm32f4xx_tim.o(.text)
    TIM_ForcedOC1Config                      0x08005d47   Thumb Code    18  stm32f4xx_tim.o(.text)
    TIM_ForcedOC2Config                      0x08005d59   Thumb Code    26  stm32f4xx_tim.o(.text)
    TIM_ForcedOC3Config                      0x08005d73   Thumb Code    18  stm32f4xx_tim.o(.text)
    TIM_ForcedOC4Config                      0x08005d85   Thumb Code    26  stm32f4xx_tim.o(.text)
    TIM_OC1PreloadConfig                     0x08005d9f   Thumb Code    18  stm32f4xx_tim.o(.text)
    TIM_OC2PreloadConfig                     0x08005db1   Thumb Code    26  stm32f4xx_tim.o(.text)
    TIM_OC3PreloadConfig                     0x08005dcb   Thumb Code    18  stm32f4xx_tim.o(.text)
    TIM_OC4PreloadConfig                     0x08005ddd   Thumb Code    26  stm32f4xx_tim.o(.text)
    TIM_OC1FastConfig                        0x08005df7   Thumb Code    18  stm32f4xx_tim.o(.text)
    TIM_OC2FastConfig                        0x08005e09   Thumb Code    26  stm32f4xx_tim.o(.text)
    TIM_OC3FastConfig                        0x08005e23   Thumb Code    18  stm32f4xx_tim.o(.text)
    TIM_OC4FastConfig                        0x08005e35   Thumb Code    26  stm32f4xx_tim.o(.text)
    TIM_ClearOC1Ref                          0x08005e4f   Thumb Code    18  stm32f4xx_tim.o(.text)
    TIM_ClearOC2Ref                          0x08005e61   Thumb Code    24  stm32f4xx_tim.o(.text)
    TIM_ClearOC3Ref                          0x08005e79   Thumb Code    18  stm32f4xx_tim.o(.text)
    TIM_ClearOC4Ref                          0x08005e8b   Thumb Code    24  stm32f4xx_tim.o(.text)
    TIM_OC1PolarityConfig                    0x08005ea3   Thumb Code    18  stm32f4xx_tim.o(.text)
    TIM_OC1NPolarityConfig                   0x08005eb5   Thumb Code    18  stm32f4xx_tim.o(.text)
    TIM_OC2PolarityConfig                    0x08005ec7   Thumb Code    26  stm32f4xx_tim.o(.text)
    TIM_OC2NPolarityConfig                   0x08005ee1   Thumb Code    26  stm32f4xx_tim.o(.text)
    TIM_OC3PolarityConfig                    0x08005efb   Thumb Code    26  stm32f4xx_tim.o(.text)
    TIM_OC3NPolarityConfig                   0x08005f15   Thumb Code    26  stm32f4xx_tim.o(.text)
    TIM_OC4PolarityConfig                    0x08005f2f   Thumb Code    26  stm32f4xx_tim.o(.text)
    TIM_CCxCmd                               0x08005f49   Thumb Code    30  stm32f4xx_tim.o(.text)
    TIM_CCxNCmd                              0x08005f67   Thumb Code    30  stm32f4xx_tim.o(.text)
    TIM_SetIC4Prescaler                      0x08005f85   Thumb Code    26  stm32f4xx_tim.o(.text)
    TIM_SetIC3Prescaler                      0x08005fef   Thumb Code    18  stm32f4xx_tim.o(.text)
    TIM_SetIC2Prescaler                      0x08006049   Thumb Code    26  stm32f4xx_tim.o(.text)
    TIM_SetIC1Prescaler                      0x080060bd   Thumb Code    18  stm32f4xx_tim.o(.text)
    TIM_ICInit                               0x08006109   Thumb Code   110  stm32f4xx_tim.o(.text)
    TIM_ICStructInit                         0x08006177   Thumb Code    18  stm32f4xx_tim.o(.text)
    TIM_PWMIConfig                           0x08006189   Thumb Code   124  stm32f4xx_tim.o(.text)
    TIM_GetCapture1                          0x08006205   Thumb Code     6  stm32f4xx_tim.o(.text)
    TIM_GetCapture2                          0x0800620b   Thumb Code     6  stm32f4xx_tim.o(.text)
    TIM_GetCapture3                          0x08006211   Thumb Code     6  stm32f4xx_tim.o(.text)
    TIM_GetCapture4                          0x08006217   Thumb Code     6  stm32f4xx_tim.o(.text)
    TIM_BDTRConfig                           0x0800621d   Thumb Code    32  stm32f4xx_tim.o(.text)
    TIM_BDTRStructInit                       0x0800623d   Thumb Code    18  stm32f4xx_tim.o(.text)
    TIM_CtrlPWMOutputs                       0x0800624f   Thumb Code    30  stm32f4xx_tim.o(.text)
    TIM_SelectCOM                            0x0800626d   Thumb Code    24  stm32f4xx_tim.o(.text)
    TIM_CCPreloadControl                     0x08006285   Thumb Code    24  stm32f4xx_tim.o(.text)
    TIM_ITConfig                             0x0800629d   Thumb Code    18  stm32f4xx_tim.o(.text)
    TIM_GenerateEvent                        0x080062af   Thumb Code     4  stm32f4xx_tim.o(.text)
    TIM_GetFlagStatus                        0x080062b3   Thumb Code    18  stm32f4xx_tim.o(.text)
    TIM_ClearFlag                            0x080062c5   Thumb Code     6  stm32f4xx_tim.o(.text)
    TIM_GetITStatus                          0x080062cb   Thumb Code    34  stm32f4xx_tim.o(.text)
    TIM_ClearITPendingBit                    0x080062ed   Thumb Code     6  stm32f4xx_tim.o(.text)
    TIM_DMAConfig                            0x080062f3   Thumb Code    10  stm32f4xx_tim.o(.text)
    TIM_DMACmd                               0x080062fd   Thumb Code    18  stm32f4xx_tim.o(.text)
    TIM_SelectCCDMA                          0x0800630f   Thumb Code    24  stm32f4xx_tim.o(.text)
    TIM_InternalClockConfig                  0x08006327   Thumb Code    12  stm32f4xx_tim.o(.text)
    TIM_SelectInputTrigger                   0x08006333   Thumb Code    18  stm32f4xx_tim.o(.text)
    TIM_ITRxExternalClockConfig              0x08006345   Thumb Code    24  stm32f4xx_tim.o(.text)
    TIM_TIxExternalClockConfig               0x0800635d   Thumb Code    62  stm32f4xx_tim.o(.text)
    TIM_ETRConfig                            0x0800639b   Thumb Code    28  stm32f4xx_tim.o(.text)
    TIM_ETRClockMode1Config                  0x080063b7   Thumb Code    54  stm32f4xx_tim.o(.text)
    TIM_ETRClockMode2Config                  0x080063ed   Thumb Code    32  stm32f4xx_tim.o(.text)
    TIM_SelectOutputTrigger                  0x0800640d   Thumb Code    18  stm32f4xx_tim.o(.text)
    TIM_SelectSlaveMode                      0x0800641f   Thumb Code    18  stm32f4xx_tim.o(.text)
    TIM_SelectMasterSlaveMode                0x08006431   Thumb Code    18  stm32f4xx_tim.o(.text)
    TIM_EncoderInterfaceConfig               0x08006443   Thumb Code    66  stm32f4xx_tim.o(.text)
    TIM_SelectHallSensor                     0x08006485   Thumb Code    24  stm32f4xx_tim.o(.text)
    TIM_RemapConfig                          0x0800649d   Thumb Code     6  stm32f4xx_tim.o(.text)
    USART_DeInit                             0x080064a5   Thumb Code   206  stm32f4xx_usart.o(.text)
    USART_Init                               0x08006573   Thumb Code   204  stm32f4xx_usart.o(.text)
    USART_StructInit                         0x0800663f   Thumb Code    24  stm32f4xx_usart.o(.text)
    USART_ClockInit                          0x08006657   Thumb Code    32  stm32f4xx_usart.o(.text)
    USART_ClockStructInit                    0x08006677   Thumb Code    12  stm32f4xx_usart.o(.text)
    USART_Cmd                                0x08006683   Thumb Code    24  stm32f4xx_usart.o(.text)
    USART_SetPrescaler                       0x0800669b   Thumb Code    16  stm32f4xx_usart.o(.text)
    USART_OverSampling8Cmd                   0x080066ab   Thumb Code    22  stm32f4xx_usart.o(.text)
    USART_OneBitMethodCmd                    0x080066c1   Thumb Code    24  stm32f4xx_usart.o(.text)
    USART_SendData                           0x080066d9   Thumb Code     8  stm32f4xx_usart.o(.text)
    USART_ReceiveData                        0x080066e1   Thumb Code    10  stm32f4xx_usart.o(.text)
    USART_SetAddress                         0x080066eb   Thumb Code    18  stm32f4xx_usart.o(.text)
    USART_ReceiverWakeUpCmd                  0x080066fd   Thumb Code    24  stm32f4xx_usart.o(.text)
    USART_WakeUpConfig                       0x08006715   Thumb Code    18  stm32f4xx_usart.o(.text)
    USART_LINBreakDetectLengthConfig         0x08006727   Thumb Code    18  stm32f4xx_usart.o(.text)
    USART_LINCmd                             0x08006739   Thumb Code    24  stm32f4xx_usart.o(.text)
    USART_SendBreak                          0x08006751   Thumb Code    10  stm32f4xx_usart.o(.text)
    USART_HalfDuplexCmd                      0x0800675b   Thumb Code    24  stm32f4xx_usart.o(.text)
    USART_SetGuardTime                       0x08006773   Thumb Code    16  stm32f4xx_usart.o(.text)
    USART_SmartCardCmd                       0x08006783   Thumb Code    24  stm32f4xx_usart.o(.text)
    USART_SmartCardNACKCmd                   0x0800679b   Thumb Code    24  stm32f4xx_usart.o(.text)
    USART_IrDAConfig                         0x080067b3   Thumb Code    18  stm32f4xx_usart.o(.text)
    USART_IrDACmd                            0x080067c5   Thumb Code    24  stm32f4xx_usart.o(.text)
    USART_DMACmd                             0x080067dd   Thumb Code    18  stm32f4xx_usart.o(.text)
    USART_ITConfig                           0x080067ef   Thumb Code    74  stm32f4xx_usart.o(.text)
    USART_GetFlagStatus                      0x08006839   Thumb Code    26  stm32f4xx_usart.o(.text)
    USART_ClearFlag                          0x08006853   Thumb Code    18  stm32f4xx_usart.o(.text)
    USART_GetITStatus                        0x08006865   Thumb Code   118  stm32f4xx_usart.o(.text)
    USART_ClearITPendingBit                  0x080068db   Thumb Code    30  stm32f4xx_usart.o(.text)
    CAN_DeInit                               0x080068f9   Thumb Code    50  stm32f4xx_can.o(.text)
    CAN_Init                                 0x0800692b   Thumb Code   276  stm32f4xx_can.o(.text)
    CAN_FilterInit                           0x08006a3f   Thumb Code   258  stm32f4xx_can.o(.text)
    CAN_StructInit                           0x08006b41   Thumb Code    32  stm32f4xx_can.o(.text)
    CAN_SlaveStartBank                       0x08006b61   Thumb Code    48  stm32f4xx_can.o(.text)
    CAN_DBGFreeze                            0x08006b91   Thumb Code    22  stm32f4xx_can.o(.text)
    CAN_TTComModeCmd                         0x08006ba7   Thumb Code   118  stm32f4xx_can.o(.text)
    CAN_Transmit                             0x08006c1d   Thumb Code   304  stm32f4xx_can.o(.text)
    CAN_TransmitStatus                       0x08006d4d   Thumb Code   138  stm32f4xx_can.o(.text)
    CAN_CancelTransmit                       0x08006dd7   Thumb Code    48  stm32f4xx_can.o(.text)
    CAN_Receive                              0x08006e07   Thumb Code   240  stm32f4xx_can.o(.text)
    CAN_FIFORelease                          0x08006ef7   Thumb Code    22  stm32f4xx_can.o(.text)
    CAN_MessagePending                       0x08006f0d   Thumb Code    30  stm32f4xx_can.o(.text)
    CAN_OperatingModeRequest                 0x08006f2b   Thumb Code   162  stm32f4xx_can.o(.text)
    CAN_Sleep                                0x08006fcd   Thumb Code    30  stm32f4xx_can.o(.text)
    CAN_WakeUp                               0x08006feb   Thumb Code    48  stm32f4xx_can.o(.text)
    CAN_GetLastErrorCode                     0x0800701b   Thumb Code    12  stm32f4xx_can.o(.text)
    CAN_GetReceiveErrorCounter               0x08007027   Thumb Code    10  stm32f4xx_can.o(.text)
    CAN_GetLSBTransmitErrorCounter           0x08007031   Thumb Code    12  stm32f4xx_can.o(.text)
    CAN_ITConfig                             0x0800703d   Thumb Code    18  stm32f4xx_can.o(.text)
    CAN_GetFlagStatus                        0x0800704f   Thumb Code   120  stm32f4xx_can.o(.text)
    CAN_ClearFlag                            0x080070c7   Thumb Code    52  stm32f4xx_can.o(.text)
    CAN_GetITStatus                          0x0800710d   Thumb Code   310  stm32f4xx_can.o(.text)
    CAN_ClearITPendingBit                    0x08007243   Thumb Code   162  stm32f4xx_can.o(.text)
    DMA_DeInit                               0x080072e9   Thumb Code   324  stm32f4xx_dma.o(.text)
    DMA_Init                                 0x0800742d   Thumb Code    82  stm32f4xx_dma.o(.text)
    DMA_StructInit                           0x0800747f   Thumb Code    34  stm32f4xx_dma.o(.text)
    DMA_Cmd                                  0x080074a1   Thumb Code    22  stm32f4xx_dma.o(.text)
    DMA_PeriphIncOffsetSizeConfig            0x080074b7   Thumb Code    22  stm32f4xx_dma.o(.text)
    DMA_FlowControllerConfig                 0x080074cd   Thumb Code    22  stm32f4xx_dma.o(.text)
    DMA_SetCurrDataCounter                   0x080074e3   Thumb Code     4  stm32f4xx_dma.o(.text)
    DMA_GetCurrDataCounter                   0x080074e7   Thumb Code     8  stm32f4xx_dma.o(.text)
    DMA_DoubleBufferModeConfig               0x080074ef   Thumb Code    24  stm32f4xx_dma.o(.text)
    DMA_DoubleBufferModeCmd                  0x08007507   Thumb Code    22  stm32f4xx_dma.o(.text)
    DMA_MemoryTargetConfig                   0x0800751d   Thumb Code    10  stm32f4xx_dma.o(.text)
    DMA_GetCurrentMemoryTarget               0x08007527   Thumb Code    20  stm32f4xx_dma.o(.text)
    DMA_GetCmdStatus                         0x0800753b   Thumb Code    20  stm32f4xx_dma.o(.text)
    DMA_GetFIFOStatus                        0x0800754f   Thumb Code    12  stm32f4xx_dma.o(.text)
    DMA_GetFlagStatus                        0x0800755b   Thumb Code    56  stm32f4xx_dma.o(.text)
    DMA_ClearFlag                            0x08007593   Thumb Code    40  stm32f4xx_dma.o(.text)
    DMA_ITConfig                             0x080075bb   Thumb Code    58  stm32f4xx_dma.o(.text)
    DMA_GetITStatus                          0x080075f5   Thumb Code    84  stm32f4xx_dma.o(.text)
    DMA_ClearITPendingBit                    0x08007649   Thumb Code    40  stm32f4xx_dma.o(.text)
    ADC_DeInit                               0x08007691   Thumb Code    22  stm32f4xx_adc.o(.text)
    ADC_Init                                 0x080076a7   Thumb Code    74  stm32f4xx_adc.o(.text)
    ADC_StructInit                           0x080076f1   Thumb Code    20  stm32f4xx_adc.o(.text)
    ADC_CommonInit                           0x08007705   Thumb Code    34  stm32f4xx_adc.o(.text)
    ADC_CommonStructInit                     0x08007727   Thumb Code    12  stm32f4xx_adc.o(.text)
    ADC_Cmd                                  0x08007733   Thumb Code    22  stm32f4xx_adc.o(.text)
    ADC_AnalogWatchdogCmd                    0x08007749   Thumb Code    16  stm32f4xx_adc.o(.text)
    ADC_AnalogWatchdogThresholdsConfig       0x08007759   Thumb Code     6  stm32f4xx_adc.o(.text)
    ADC_AnalogWatchdogSingleChannelConfig    0x0800775f   Thumb Code    16  stm32f4xx_adc.o(.text)
    ADC_TempSensorVrefintCmd                 0x0800776f   Thumb Code    34  stm32f4xx_adc.o(.text)
    ADC_VBATCmd                              0x08007791   Thumb Code    34  stm32f4xx_adc.o(.text)
    ADC_RegularChannelConfig                 0x080077b3   Thumb Code   184  stm32f4xx_adc.o(.text)
    ADC_SoftwareStartConv                    0x0800786b   Thumb Code    10  stm32f4xx_adc.o(.text)
    ADC_GetSoftwareStartConvStatus           0x08007875   Thumb Code    20  stm32f4xx_adc.o(.text)
    ADC_EOCOnEachRegularChannelCmd           0x08007889   Thumb Code    22  stm32f4xx_adc.o(.text)
    ADC_ContinuousModeCmd                    0x0800789f   Thumb Code    22  stm32f4xx_adc.o(.text)
    ADC_DiscModeChannelCountConfig           0x080078b5   Thumb Code    24  stm32f4xx_adc.o(.text)
    ADC_DiscModeCmd                          0x080078cd   Thumb Code    22  stm32f4xx_adc.o(.text)
    ADC_GetConversionValue                   0x080078e3   Thumb Code     8  stm32f4xx_adc.o(.text)
    ADC_GetMultiModeConversionValue          0x080078eb   Thumb Code     8  stm32f4xx_adc.o(.text)
    ADC_DMACmd                               0x080078f3   Thumb Code    22  stm32f4xx_adc.o(.text)
    ADC_DMARequestAfterLastTransferCmd       0x08007909   Thumb Code    22  stm32f4xx_adc.o(.text)
    ADC_MultiModeDMARequestAfterLastTransferCmd 0x0800791f   Thumb Code    34  stm32f4xx_adc.o(.text)
    ADC_InjectedChannelConfig                0x08007941   Thumb Code   130  stm32f4xx_adc.o(.text)
    ADC_InjectedSequencerLengthConfig        0x080079c3   Thumb Code    24  stm32f4xx_adc.o(.text)
    ADC_SetInjectedOffset                    0x080079db   Thumb Code    20  stm32f4xx_adc.o(.text)
    ADC_ExternalTrigInjectedConvConfig       0x080079ef   Thumb Code    16  stm32f4xx_adc.o(.text)
    ADC_ExternalTrigInjectedConvEdgeConfig   0x080079ff   Thumb Code    16  stm32f4xx_adc.o(.text)
    ADC_SoftwareStartInjectedConv            0x08007a0f   Thumb Code    10  stm32f4xx_adc.o(.text)
    ADC_GetSoftwareStartInjectedConvCmdStatus 0x08007a19   Thumb Code    20  stm32f4xx_adc.o(.text)
    ADC_AutoInjectedConvCmd                  0x08007a2d   Thumb Code    22  stm32f4xx_adc.o(.text)
    ADC_InjectedDiscModeCmd                  0x08007a43   Thumb Code    22  stm32f4xx_adc.o(.text)
    ADC_GetInjectedConversionValue           0x08007a59   Thumb Code    28  stm32f4xx_adc.o(.text)
    ADC_ITConfig                             0x08007a75   Thumb Code    56  stm32f4xx_adc.o(.text)
    ADC_GetFlagStatus                        0x08007aad   Thumb Code    18  stm32f4xx_adc.o(.text)
    ADC_ClearFlag                            0x08007abf   Thumb Code     6  stm32f4xx_adc.o(.text)
    ADC_GetITStatus                          0x08007ac5   Thumb Code    38  stm32f4xx_adc.o(.text)
    ADC_ClearITPendingBit                    0x08007aeb   Thumb Code    10  stm32f4xx_adc.o(.text)
    DAC_DeInit                               0x08007af5   Thumb Code    22  stm32f4xx_dac.o(.text)
    DAC_Init                                 0x08007b0b   Thumb Code    46  stm32f4xx_dac.o(.text)
    DAC_StructInit                           0x08007b39   Thumb Code    12  stm32f4xx_dac.o(.text)
    DAC_Cmd                                  0x08007b45   Thumb Code    34  stm32f4xx_dac.o(.text)
    DAC_SoftwareTriggerCmd                   0x08007b67   Thumb Code    48  stm32f4xx_dac.o(.text)
    DAC_DualSoftwareTriggerCmd               0x08007b97   Thumb Code    38  stm32f4xx_dac.o(.text)
    DAC_WaveGenerationCmd                    0x08007bbd   Thumb Code    36  stm32f4xx_dac.o(.text)
    DAC_SetChannel1Data                      0x08007be1   Thumb Code    26  stm32f4xx_dac.o(.text)
    DAC_SetChannel2Data                      0x08007bfb   Thumb Code    26  stm32f4xx_dac.o(.text)
    DAC_SetDualChannelData                   0x08007c15   Thumb Code    32  stm32f4xx_dac.o(.text)
    DAC_GetDataOutputValue                   0x08007c35   Thumb Code    32  stm32f4xx_dac.o(.text)
    DAC_DMACmd                               0x08007c55   Thumb Code    38  stm32f4xx_dac.o(.text)
    DAC_ITConfig                             0x08007c7b   Thumb Code    36  stm32f4xx_dac.o(.text)
    DAC_GetFlagStatus                        0x08007c9f   Thumb Code    28  stm32f4xx_dac.o(.text)
    DAC_ClearFlag                            0x08007cbb   Thumb Code    12  stm32f4xx_dac.o(.text)
    DAC_GetITStatus                          0x08007cc7   Thumb Code    44  stm32f4xx_dac.o(.text)
    DAC_ClearITPendingBit                    0x08007cf3   Thumb Code    12  stm32f4xx_dac.o(.text)
    IWDG_WriteAccessCmd                      0x08007d05   Thumb Code     6  stm32f4xx_iwdg.o(.text)
    IWDG_SetPrescaler                        0x08007d0b   Thumb Code     6  stm32f4xx_iwdg.o(.text)
    IWDG_SetReload                           0x08007d11   Thumb Code     6  stm32f4xx_iwdg.o(.text)
    IWDG_ReloadCounter                       0x08007d17   Thumb Code    10  stm32f4xx_iwdg.o(.text)
    IWDG_Enable                              0x08007d21   Thumb Code    10  stm32f4xx_iwdg.o(.text)
    IWDG_GetFlagStatus                       0x08007d2b   Thumb Code    20  stm32f4xx_iwdg.o(.text)
    vListInitialise                          0x08007d45   Thumb Code    26  list.o(.text)
    vListInitialiseItem                      0x08007d5f   Thumb Code     6  list.o(.text)
    vListInsertEnd                           0x08007d65   Thumb Code    24  list.o(.text)
    vListInsert                              0x08007d7d   Thumb Code    52  list.o(.text)
    uxListRemove                             0x08007db1   Thumb Code    40  list.o(.text)
    xQueueGenericReset                       0x08007dd9   Thumb Code   146  queue.o(.text)
    xQueueGenericCreate                      0x08007e95   Thumb Code    88  queue.o(.text)
    xQueueGenericSend                        0x08008005   Thumb Code   420  queue.o(.text)
    xQueueCreateMutex                        0x080081c5   Thumb Code    34  queue.o(.text)
    xQueueGiveMutexRecursive                 0x080081e7   Thumb Code    76  queue.o(.text)
    xQueueGenericReceive                     0x08008277   Thumb Code   446  queue.o(.text)
    xQueueTakeMutexRecursive                 0x08008435   Thumb Code    82  queue.o(.text)
    xQueueCreateCountingSemaphore            0x08008487   Thumb Code    92  queue.o(.text)
    xQueueGenericSendFromISR                 0x080084e3   Thumb Code   248  queue.o(.text)
    xQueueGiveFromISR                        0x080085db   Thumb Code   224  queue.o(.text)
    xQueueReceiveFromISR                     0x080086bb   Thumb Code   210  queue.o(.text)
    xQueuePeekFromISR                        0x0800878d   Thumb Code   176  queue.o(.text)
    uxQueueMessagesWaiting                   0x0800883d   Thumb Code    42  queue.o(.text)
    uxQueueSpacesAvailable                   0x08008867   Thumb Code    48  queue.o(.text)
    uxQueueMessagesWaitingFromISR            0x08008897   Thumb Code    30  queue.o(.text)
    vQueueUnregisterQueue                    0x080088b5   Thumb Code    44  queue.o(.text)
    vQueueDelete                             0x080088e1   Thumb Code    44  queue.o(.text)
    uxQueueGetQueueNumber                    0x0800890d   Thumb Code     6  queue.o(.text)
    vQueueSetQueueNumber                     0x08008913   Thumb Code     4  queue.o(.text)
    ucQueueGetQueueType                      0x08008917   Thumb Code     8  queue.o(.text)
    xQueueIsQueueEmptyFromISR                0x0800891f   Thumb Code    38  queue.o(.text)
    xQueueIsQueueFullFromISR                 0x08008945   Thumb Code    42  queue.o(.text)
    vQueueAddToRegistry                      0x0800896f   Thumb Code    38  queue.o(.text)
    pcQueueGetName                           0x08008995   Thumb Code    38  queue.o(.text)
    vQueueWaitForMessageRestricted           0x080089bb   Thumb Code    74  queue.o(.text)
    xTaskCreate                              0x08008b9f   Thumb Code    96  tasks.o(.text)
    vTaskDelete                              0x08008c3b   Thumb Code   202  tasks.o(.text)
    xTaskIncrementTick                       0x08008d05   Thumb Code   358  tasks.o(.text)
    xTaskResumeAll                           0x08008e6b   Thumb Code   224  tasks.o(.text)
    vTaskSuspendAll                          0x08008fc7   Thumb Code    12  tasks.o(.text)
    vTaskDelayUntil                          0x08008fd3   Thumb Code   200  tasks.o(.text)
    vTaskDelay                               0x0800909b   Thumb Code    82  tasks.o(.text)
    eTaskGetState                            0x080090ed   Thumb Code   112  tasks.o(.text)
    uxTaskPriorityGet                        0x0800915d   Thumb Code    30  tasks.o(.text)
    uxTaskPriorityGetFromISR                 0x0800917b   Thumb Code    62  tasks.o(.text)
    vTaskPrioritySet                         0x080091b9   Thumb Code   322  tasks.o(.text)
    vTaskSwitchContext                       0x080092fb   Thumb Code   118  tasks.o(.text)
    vTaskSuspend                             0x08009371   Thumb Code   196  tasks.o(.text)
    vTaskResume                              0x08009485   Thumb Code   128  tasks.o(.text)
    xTaskResumeFromISR                       0x08009505   Thumb Code   158  tasks.o(.text)
    vTaskStartScheduler                      0x08009619   Thumb Code   192  tasks.o(.text)
    vTaskEndScheduler                        0x080096d9   Thumb Code    32  tasks.o(.text)
    xTaskGetTickCount                        0x080096f9   Thumb Code     6  tasks.o(.text)
    xTaskGetTickCountFromISR                 0x080096ff   Thumb Code    16  tasks.o(.text)
    uxTaskGetNumberOfTasks                   0x0800970f   Thumb Code     6  tasks.o(.text)
    pcTaskGetName                            0x08009715   Thumb Code    44  tasks.o(.text)
    vTaskGetInfo                             0x08009757   Thumb Code   114  tasks.o(.text)
    uxTaskGetSystemState                     0x08009833   Thumb Code   152  tasks.o(.text)
    vTaskPlaceOnEventList                    0x080098cb   Thumb Code    52  tasks.o(.text)
    vTaskPlaceOnUnorderedEventList           0x080098ff   Thumb Code   100  tasks.o(.text)
    vTaskPlaceOnEventListRestricted          0x08009963   Thumb Code    60  tasks.o(.text)
    xTaskRemoveFromEventList                 0x0800999f   Thumb Code   128  tasks.o(.text)
    xTaskRemoveFromUnorderedEventList        0x08009a1f   Thumb Code   154  tasks.o(.text)
    vTaskSetTimeOutState                     0x08009ab9   Thumb Code    90  tasks.o(.text)
    xTaskCheckForTimeOut                     0x08009b13   Thumb Code   132  tasks.o(.text)
    vTaskMissedYield                         0x08009b97   Thumb Code     8  tasks.o(.text)
    uxTaskGetTaskNumber                      0x08009b9f   Thumb Code    14  tasks.o(.text)
    vTaskSetTaskNumber                       0x08009bad   Thumb Code     8  tasks.o(.text)
    xTaskGetCurrentTaskHandle                0x08009bb5   Thumb Code     6  tasks.o(.text)
    xTaskGetSchedulerState                   0x08009bbb   Thumb Code    24  tasks.o(.text)
    vTaskPriorityInherit                     0x08009bd3   Thumb Code   164  tasks.o(.text)
    xTaskPriorityDisinherit                  0x08009c77   Thumb Code   188  tasks.o(.text)
    uxTaskResetEventItemValue                0x08009d33   Thumb Code    24  tasks.o(.text)
    pvTaskIncrementMutexHeldCount            0x08009d4b   Thumb Code    26  tasks.o(.text)
    ulTaskNotifyTake                         0x08009d65   Thumb Code   108  tasks.o(.text)
    xTaskNotifyWait                          0x08009dd1   Thumb Code   150  tasks.o(.text)
    xTaskGenericNotify                       0x08009e67   Thumb Code   280  tasks.o(.text)
    xTaskGenericNotifyFromISR                0x08009f7f   Thumb Code   298  tasks.o(.text)
    vTaskNotifyGiveFromISR                   0x0800a0a9   Thumb Code   216  tasks.o(.text)
    xTaskNotifyStateClear                    0x0800a181   Thumb Code    48  tasks.o(.text)
    xTimerGenericCommand                     0x0800a21d   Thumb Code   126  timers.o(.text)
    xTimerCreateTimerTask                    0x0800a595   Thumb Code   120  timers.o(.text)
    xTimerCreate                             0x0800a65b   Thumb Code    48  timers.o(.text)
    xTimerGetTimerDaemonTaskHandle           0x0800a68b   Thumb Code    42  timers.o(.text)
    xTimerGetPeriod                          0x0800a6b5   Thumb Code    32  timers.o(.text)
    xTimerGetExpiryTime                      0x0800a6d5   Thumb Code    34  timers.o(.text)
    pcTimerGetName                           0x0800a6f7   Thumb Code    32  timers.o(.text)
    xTimerIsTimerActive                      0x0800a717   Thumb Code    56  timers.o(.text)
    pvTimerGetTimerID                        0x0800a74f   Thumb Code    44  timers.o(.text)
    vTimerSetTimerID                         0x0800a77b   Thumb Code    44  timers.o(.text)
    pvPortMalloc                             0x0800a86f   Thumb Code   296  heap_4.o(.text)
    vPortFree                                0x0800a997   Thumb Code   140  heap_4.o(.text)
    xPortGetFreeHeapSize                     0x0800aa23   Thumb Code     6  heap_4.o(.text)
    xPortGetMinimumEverFreeHeapSize          0x0800aa29   Thumb Code     6  heap_4.o(.text)
    vPortInitialiseBlocks                    0x0800aa2f   Thumb Code     2  heap_4.o(.text)
    pxPortInitialiseStack                    0x0800aa85   Thumb Code    38  port.o(.text)
    vPortSetupTimerInterrupt                 0x0800aaab   Thumb Code    26  port.o(.text)
    xPortStartScheduler                      0x0800aac5   Thumb Code   288  port.o(.text)
    vPortEndScheduler                        0x0800abe5   Thumb Code    42  port.o(.text)
    vPortEnterCritical                       0x0800ac0f   Thumb Code    78  port.o(.text)
    vPortExitCritical                        0x0800ac5d   Thumb Code    56  port.o(.text)
    xPortSysTickHandler                      0x0800ac95   Thumb Code    48  port.o(.text)
    vPortValidateInterruptPriority           0x0800acc5   Thumb Code   108  port.o(.text)
    __use_no_semihosting                     0x0800ad55   Thumb Code     2  use_no_semi_2.o(.text)
    __aeabi_ldivmod                          0x0800ad57   Thumb Code     0  llsdiv.o(.text)
    _ll_sdiv                                 0x0800ad57   Thumb Code    72  llsdiv.o(.text)
    __2printf                                0x0800ada1   Thumb Code    20  noretval__2printf.o(.text)
    _printf_pre_padding                      0x0800adb9   Thumb Code    44  _printf_pad.o(.text)
    _printf_post_padding                     0x0800ade5   Thumb Code    34  _printf_pad.o(.text)
    _printf_int_dec                          0x0800ae09   Thumb Code   104  _printf_dec.o(.text)
    _printf_int_hex                          0x0800ae81   Thumb Code    84  _printf_hex_int.o(.text)
    _printf_longlong_hex                     0x0800ae81   Thumb Code     0  _printf_hex_int.o(.text)
    __printf                                 0x0800aed9   Thumb Code   308  __printf_flags_wp.o(.text)
    memcmp                                   0x0800b011   Thumb Code    88  memcmp.o(.text)
    __aeabi_memcpy                           0x0800b069   Thumb Code     0  rt_memcpy_v6.o(.text)
    __rt_memcpy                              0x0800b069   Thumb Code   138  rt_memcpy_v6.o(.text)
    _memcpy_lastbytes                        0x0800b0cf   Thumb Code     0  rt_memcpy_v6.o(.text)
    __aeabi_memset                           0x0800b0f3   Thumb Code    16  aeabi_memset.o(.text)
    __aeabi_memclr4                          0x0800b103   Thumb Code     0  rt_memclr_w.o(.text)
    __aeabi_memclr8                          0x0800b103   Thumb Code     0  rt_memclr_w.o(.text)
    __rt_memclr_w                            0x0800b103   Thumb Code    78  rt_memclr_w.o(.text)
    _memset_w                                0x0800b107   Thumb Code     0  rt_memclr_w.o(.text)
    __use_two_region_memory                  0x0800b151   Thumb Code     2  heapauxi.o(.text)
    __rt_heap_escrow$2region                 0x0800b153   Thumb Code     2  heapauxi.o(.text)
    __rt_heap_expand$2region                 0x0800b155   Thumb Code     2  heapauxi.o(.text)
    __I$use$semihosting                      0x0800b157   Thumb Code     0  use_no_semi.o(.text)
    __use_no_semihosting_swi                 0x0800b157   Thumb Code     2  use_no_semi.o(.text)
    __aeabi_uldivmod                         0x0800b159   Thumb Code     0  lludivv7m.o(.text)
    _ll_udiv                                 0x0800b159   Thumb Code   238  lludivv7m.o(.text)
    __read_errno                             0x0800b247   Thumb Code    10  _rserrno.o(.text)
    __set_errno                              0x0800b251   Thumb Code    12  _rserrno.o(.text)
    _printf_int_common                       0x0800b25d   Thumb Code   178  _printf_intcommon.o(.text)
    _printf_char_file                        0x0800b311   Thumb Code    32  _printf_char_file.o(.text)
    __aeabi_memcpy4                          0x0800b335   Thumb Code     0  rt_memcpy_w.o(.text)
    __aeabi_memcpy8                          0x0800b335   Thumb Code     0  rt_memcpy_w.o(.text)
    __rt_memcpy_w                            0x0800b335   Thumb Code   100  rt_memcpy_w.o(.text)
    _memcpy_lastbytes_aligned                0x0800b37d   Thumb Code     0  rt_memcpy_w.o(.text)
    __aeabi_memclr                           0x0800b399   Thumb Code     0  rt_memclr.o(.text)
    __rt_memclr                              0x0800b399   Thumb Code    68  rt_memclr.o(.text)
    _memset                                  0x0800b39d   Thumb Code     0  rt_memclr.o(.text)
    __aeabi_errno_addr                       0x0800b3dd   Thumb Code     8  rt_errno_addr_intlibspace.o(.text)
    __errno$intlibspace                      0x0800b3dd   Thumb Code     0  rt_errno_addr_intlibspace.o(.text)
    __rt_errno_addr$intlibspace              0x0800b3dd   Thumb Code     0  rt_errno_addr_intlibspace.o(.text)
    _printf_char_common                      0x0800b3ef   Thumb Code    32  _printf_char_common.o(.text)
    ferror                                   0x0800b415   Thumb Code     8  ferror.o(.text)
    __user_libspace                          0x0800b41d   Thumb Code     8  libspace.o(.text)
    __user_perproc_libspace                  0x0800b41d   Thumb Code     0  libspace.o(.text)
    __user_perthread_libspace                0x0800b41d   Thumb Code     0  libspace.o(.text)
    __user_setup_stackheap                   0x0800b425   Thumb Code    74  sys_stackheap_outer.o(.text)
    exit                                     0x0800b46f   Thumb Code    18  exit.o(.text)
    __ARM_fpclassify                         0x0800b481   Thumb Code    48  fpclassify.o(i.__ARM_fpclassify)
    __hardfp_asin                            0x0800b4b1   Thumb Code   770  asin.o(i.__hardfp_asin)
    __hardfp_atan                            0x0800b811   Thumb Code   622  atan.o(i.__hardfp_atan)
    __hardfp_atan2                           0x0800bae9   Thumb Code   432  atan2.o(i.__hardfp_atan2)
    __kernel_poly                            0x0800bcd9   Thumb Code   248  poly.o(i.__kernel_poly)
    __mathlib_dbl_infnan                     0x0800bdd1   Thumb Code    20  dunder.o(i.__mathlib_dbl_infnan)
    __mathlib_dbl_infnan2                    0x0800bde5   Thumb Code    20  dunder.o(i.__mathlib_dbl_infnan2)
    __mathlib_dbl_invalid                    0x0800bdf9   Thumb Code    24  dunder.o(i.__mathlib_dbl_invalid)
    __mathlib_dbl_underflow                  0x0800be19   Thumb Code    24  dunder.o(i.__mathlib_dbl_underflow)
    _is_digit                                0x0800be39   Thumb Code    14  __printf_wp.o(i._is_digit)
    atan                                     0x0800be47   Thumb Code    16  atan.o(i.atan)
    fabs                                     0x0800be57   Thumb Code    24  fabs.o(i.fabs)
    sqrt                                     0x0800be6f   Thumb Code   110  sqrt.o(i.sqrt)
    __aeabi_dneg                             0x0800bedd   Thumb Code     0  basic.o(x$fpl$basic)
    _dneg                                    0x0800bedd   Thumb Code     6  basic.o(x$fpl$basic)
    __aeabi_fneg                             0x0800bee3   Thumb Code     0  basic.o(x$fpl$basic)
    _fneg                                    0x0800bee3   Thumb Code     6  basic.o(x$fpl$basic)
    _dabs                                    0x0800bee9   Thumb Code     6  basic.o(x$fpl$basic)
    _fabs                                    0x0800beef   Thumb Code     6  basic.o(x$fpl$basic)
    __aeabi_d2f                              0x0800bef5   Thumb Code     0  d2f.o(x$fpl$d2f)
    _d2f                                     0x0800bef5   Thumb Code    98  d2f.o(x$fpl$d2f)
    __aeabi_dadd                             0x0800bf59   Thumb Code     0  daddsub_clz.o(x$fpl$dadd)
    _dadd                                    0x0800bf59   Thumb Code   332  daddsub_clz.o(x$fpl$dadd)
    __aeabi_ddiv                             0x0800c0a9   Thumb Code     0  ddiv.o(x$fpl$ddiv)
    _ddiv                                    0x0800c0a9   Thumb Code   552  ddiv.o(x$fpl$ddiv)
    __aeabi_d2uiz                            0x0800c359   Thumb Code     0  dfixu.o(x$fpl$dfixu)
    _dfixu                                   0x0800c359   Thumb Code    90  dfixu.o(x$fpl$dfixu)
    __aeabi_i2d                              0x0800c3b3   Thumb Code     0  dflt_clz.o(x$fpl$dflt)
    _dflt                                    0x0800c3b3   Thumb Code    46  dflt_clz.o(x$fpl$dflt)
    __aeabi_ui2d                             0x0800c3e1   Thumb Code     0  dflt_clz.o(x$fpl$dfltu)
    _dfltu                                   0x0800c3e1   Thumb Code    38  dflt_clz.o(x$fpl$dfltu)
    __aeabi_dmul                             0x0800c409   Thumb Code     0  dmul.o(x$fpl$dmul)
    _dmul                                    0x0800c409   Thumb Code   332  dmul.o(x$fpl$dmul)
    __fpl_dnaninf                            0x0800c55d   Thumb Code   156  dnaninf.o(x$fpl$dnaninf)
    __fpl_dretinf                            0x0800c5f9   Thumb Code    12  dretinf.o(x$fpl$dretinf)
    __aeabi_drsub                            0x0800c605   Thumb Code     0  daddsub_clz.o(x$fpl$drsb)
    _drsb                                    0x0800c605   Thumb Code    22  daddsub_clz.o(x$fpl$drsb)
    _dsqrt                                   0x0800c61d   Thumb Code   404  dsqrt_umaal.o(x$fpl$dsqrt)
    __aeabi_dsub                             0x0800c7b5   Thumb Code     0  daddsub_clz.o(x$fpl$dsub)
    _dsub                                    0x0800c7b5   Thumb Code   464  daddsub_clz.o(x$fpl$dsub)
    __aeabi_f2d                              0x0800c989   Thumb Code     0  f2d.o(x$fpl$f2d)
    _f2d                                     0x0800c989   Thumb Code    86  f2d.o(x$fpl$f2d)
    __fpl_fnaninf                            0x0800c9df   Thumb Code   140  fnaninf.o(x$fpl$fnaninf)
    _fp_init                                 0x0800ca6b   Thumb Code    10  fpinit.o(x$fpl$fpinit)
    __fplib_config_fpu_vfp                   0x0800ca73   Thumb Code     0  fpinit.o(x$fpl$fpinit)
    __fplib_config_pureend_doubles           0x0800ca73   Thumb Code     0  fpinit.o(x$fpl$fpinit)
    __fpl_fretinf                            0x0800ca75   Thumb Code    10  fretinf.o(x$fpl$fretinf)
    __I$use$fp                               0x0800ca7e   Number         0  usenofp.o(x$fpl$usenofp)
    reg                                      0x0800ca80   Data          27  inv_mpu.o(.constdata)
    hw                                       0x0800ca9c   Data          12  inv_mpu.o(.constdata)
    test                                     0x0800caa8   Data          40  inv_mpu.o(.constdata)
    __mathlib_zero                           0x0800d7e8   Data           8  qnan.o(.constdata)
    Region$$Table$$Base                      0x0800d840   Number         0  anon$$obj.o(Region$$Table)
    Region$$Table$$Limit                     0x0800d860   Number         0  anon$$obj.o(Region$$Table)
    pass_flag                                0x20000000   Data           1  system.o(.data)
    ulRemoteLostTime                         0x20000010   Data           4  remote.o(.data)
    usCom2PackageNum                         0x20000014   Data           2  usart2.o(.data)
    Start_RC_Mode                            0x20000016   Data           1  usart2.o(.data)
    this_time_rx_len                         0x20000018   Data           4  usart2.o(.data)
    Usart4_Clean_IDLE_Flag                   0x2000001c   Data           4  usart4.o(.data)
    Usart5_Clean_IDLE_Flag                   0x20000020   Data           4  usart5.o(.data)
    value                                    0x20000024   Data           4  adda.o(.data)
    __stdout                                 0x20000028   Data           4  usart.o(.data)
    sysTickUptime                            0x20000030   Data           4  delay.o(.data)
    SystemCoreClock                          0x20000034   Data           4  system_stm32f4xx.o(.data)
    AHBPrescTable                            0x20000038   Data          16  system_stm32f4xx.o(.data)
    pxCurrentTCB                             0x20000090   Data           4  tasks.o(.data)
    RC_Ctl                                   0x20000104   Data          20  remote.o(.bss)
    Com4_Vision_Buffer                       0x20000154   Data         100  usart4.o(.bss)
    xCom4DMAInit                             0x200001b8   Data          60  usart4.o(.bss)
    Judge_Buffer                             0x200001f4   Data         200  usart5.o(.bss)
    xCom5DMAInit                             0x200002bc   Data          60  usart5.o(.bss)
    xQueueRegistry                           0x20000308   Data          64  queue.o(.bss)
    __libspace_start                         0x20013038   Data          96  libspace.o(.bss)
    __temporary_stack_top$libspace           0x20013098   Data           0  libspace.o(.bss)



==============================================================================

Memory Map of the image

  Image Entry point : 0x08000189

  Load Region LR_IROM1 (Base: 0x08000000, Size: 0x0000d964, Max: 0x00200000, ABSOLUTE)

    Execution Region ER_IROM1 (Base: 0x08000000, Size: 0x0000d860, Max: 0x00200000, ABSOLUTE)

    Base Addr    Size         Type   Attr      Idx    E Section Name        Object

    0x08000000   0x00000188   Data   RO          789    RESET               startup_stm32f40xx.o
    0x08000188   0x00000008   Code   RO         1752  * !!!main             c_w.l(__main.o)
    0x08000190   0x00000034   Code   RO         2065    !!!scatter          c_w.l(__scatter.o)
    0x080001c4   0x0000001a   Code   RO         2067    !!handler_copy      c_w.l(__scatter_copy.o)
    0x080001de   0x00000002   PAD
    0x080001e0   0x0000001c   Code   RO         2069    !!handler_zi        c_w.l(__scatter_zi.o)
    0x080001fc   0x00000000   Code   RO         1741    .ARM.Collect$$_printf_percent$$00000000  c_w.l(_printf_percent.o)
    0x080001fc   0x00000006   Code   RO         1740    .ARM.Collect$$_printf_percent$$00000009  c_w.l(_printf_d.o)
    0x08000202   0x00000006   Code   RO         1739    .ARM.Collect$$_printf_percent$$0000000C  c_w.l(_printf_x.o)
    0x08000208   0x00000004   Code   RO         1819    .ARM.Collect$$_printf_percent$$00000017  c_w.l(_printf_percent_end.o)
    0x0800020c   0x00000002   Code   RO         1938    .ARM.Collect$$libinit$$00000000  c_w.l(libinit.o)
    0x0800020e   0x00000004   Code   RO         1945    .ARM.Collect$$libinit$$00000001  c_w.l(libinit2.o)
    0x08000212   0x00000000   Code   RO         1948    .ARM.Collect$$libinit$$00000004  c_w.l(libinit2.o)
    0x08000212   0x00000000   Code   RO         1951    .ARM.Collect$$libinit$$0000000A  c_w.l(libinit2.o)
    0x08000212   0x00000000   Code   RO         1953    .ARM.Collect$$libinit$$0000000C  c_w.l(libinit2.o)
    0x08000212   0x00000000   Code   RO         1955    .ARM.Collect$$libinit$$0000000E  c_w.l(libinit2.o)
    0x08000212   0x00000000   Code   RO         1958    .ARM.Collect$$libinit$$00000011  c_w.l(libinit2.o)
    0x08000212   0x00000000   Code   RO         1960    .ARM.Collect$$libinit$$00000013  c_w.l(libinit2.o)
    0x08000212   0x00000000   Code   RO         1962    .ARM.Collect$$libinit$$00000015  c_w.l(libinit2.o)
    0x08000212   0x00000000   Code   RO         1964    .ARM.Collect$$libinit$$00000017  c_w.l(libinit2.o)
    0x08000212   0x00000000   Code   RO         1966    .ARM.Collect$$libinit$$00000019  c_w.l(libinit2.o)
    0x08000212   0x00000000   Code   RO         1968    .ARM.Collect$$libinit$$0000001B  c_w.l(libinit2.o)
    0x08000212   0x00000000   Code   RO         1970    .ARM.Collect$$libinit$$0000001D  c_w.l(libinit2.o)
    0x08000212   0x00000000   Code   RO         1972    .ARM.Collect$$libinit$$0000001F  c_w.l(libinit2.o)
    0x08000212   0x00000000   Code   RO         1974    .ARM.Collect$$libinit$$00000021  c_w.l(libinit2.o)
    0x08000212   0x00000000   Code   RO         1976    .ARM.Collect$$libinit$$00000023  c_w.l(libinit2.o)
    0x08000212   0x00000000   Code   RO         1978    .ARM.Collect$$libinit$$00000025  c_w.l(libinit2.o)
    0x08000212   0x00000000   Code   RO         1982    .ARM.Collect$$libinit$$0000002C  c_w.l(libinit2.o)
    0x08000212   0x00000000   Code   RO         1984    .ARM.Collect$$libinit$$0000002E  c_w.l(libinit2.o)
    0x08000212   0x00000000   Code   RO         1986    .ARM.Collect$$libinit$$00000030  c_w.l(libinit2.o)
    0x08000212   0x00000000   Code   RO         1988    .ARM.Collect$$libinit$$00000032  c_w.l(libinit2.o)
    0x08000212   0x00000002   Code   RO         1989    .ARM.Collect$$libinit$$00000033  c_w.l(libinit2.o)
    0x08000214   0x00000002   Code   RO         2017    .ARM.Collect$$libshutdown$$00000000  c_w.l(libshutdown.o)
    0x08000216   0x00000000   Code   RO         2031    .ARM.Collect$$libshutdown$$00000002  c_w.l(libshutdown2.o)
    0x08000216   0x00000000   Code   RO         2033    .ARM.Collect$$libshutdown$$00000004  c_w.l(libshutdown2.o)
    0x08000216   0x00000000   Code   RO         2036    .ARM.Collect$$libshutdown$$00000007  c_w.l(libshutdown2.o)
    0x08000216   0x00000000   Code   RO         2039    .ARM.Collect$$libshutdown$$0000000A  c_w.l(libshutdown2.o)
    0x08000216   0x00000000   Code   RO         2041    .ARM.Collect$$libshutdown$$0000000C  c_w.l(libshutdown2.o)
    0x08000216   0x00000000   Code   RO         2044    .ARM.Collect$$libshutdown$$0000000F  c_w.l(libshutdown2.o)
    0x08000216   0x00000002   Code   RO         2045    .ARM.Collect$$libshutdown$$00000010  c_w.l(libshutdown2.o)
    0x08000218   0x00000000   Code   RO         1810    .ARM.Collect$$rtentry$$00000000  c_w.l(__rtentry.o)
    0x08000218   0x00000000   Code   RO         1889    .ARM.Collect$$rtentry$$00000002  c_w.l(__rtentry2.o)
    0x08000218   0x00000006   Code   RO         1901    .ARM.Collect$$rtentry$$00000004  c_w.l(__rtentry4.o)
    0x0800021e   0x00000000   Code   RO         1891    .ARM.Collect$$rtentry$$00000009  c_w.l(__rtentry2.o)
    0x0800021e   0x00000004   Code   RO         1892    .ARM.Collect$$rtentry$$0000000A  c_w.l(__rtentry2.o)
    0x08000222   0x00000000   Code   RO         1894    .ARM.Collect$$rtentry$$0000000C  c_w.l(__rtentry2.o)
    0x08000222   0x00000008   Code   RO         1895    .ARM.Collect$$rtentry$$0000000D  c_w.l(__rtentry2.o)
    0x0800022a   0x00000002   Code   RO         1939    .ARM.Collect$$rtexit$$00000000  c_w.l(rtexit.o)
    0x0800022c   0x00000000   Code   RO         1991    .ARM.Collect$$rtexit$$00000002  c_w.l(rtexit2.o)
    0x0800022c   0x00000004   Code   RO         1992    .ARM.Collect$$rtexit$$00000003  c_w.l(rtexit2.o)
    0x08000230   0x00000006   Code   RO         1993    .ARM.Collect$$rtexit$$00000004  c_w.l(rtexit2.o)
    0x08000236   0x00000002   PAD
    0x08000238   0x000000b6   Code   RO         1652    .emb_text           port.o
    0x080002ee   0x00000002   PAD
    0x080002f0   0x0000003c   Code   RO            4    .text               main.o
    0x0800032c   0x00000218   Code   RO          158    .text               system.o
    0x08000544   0x00000170   Code   RO          344    .text               remote.o
    0x080006b4   0x00000014   Code   RO          375    .text               stm32f4xx_it.o
    0x080006c8   0x00000250   Code   RO          402    .text               can1.o
    0x08000918   0x00000158   Code   RO          427    .text               can2.o
    0x08000a70   0x00000204   Code   RO          452    .text               usart2.o
    0x08000c74   0x000001b4   Code   RO          480    .text               pwm.o
    0x08000e28   0x00000058   Code   RO          504    .text               led.o
    0x08000e80   0x00000040   Code   RO          528    .text               laser.o
    0x08000ec0   0x000001c4   Code   RO          552    .text               usart4.o
    0x08001084   0x000001a8   Code   RO          583    .text               usart5.o
    0x0800122c   0x0000025c   Code   RO          614    .text               adda.o
    0x08001488   0x0000002c   Code   RO          644    .text               iwdg.o
    0x080014b4   0x00000024   Code   RO          671    .text               usart.o
    0x080014d8   0x000000f8   Code   RO          727    .text               delay.o
    0x080015d0   0x00000210   Code   RO          760    .text               system_stm32f4xx.o
    0x080017e0   0x00000040   Code   RO          790    .text               startup_stm32f40xx.o
    0x08001820   0x00000258   Code   RO          797    .text               myiic.o
    0x08001a78   0x00000384   Code   RO          821    .text               mpu6050.o
    0x08001dfc   0x000022cc   Code   RO          845    .text               inv_mpu.o
    0x080040c8   0x00000d90   Code   RO          888    .text               inv_mpu_dmp_motion_driver.o
    0x08004e58   0x000000e0   Code   RO          952    .text               misc.o
    0x08004f38   0x00000294   Code   RO          976    .text               stm32f4xx_gpio.o
    0x080051cc   0x00000634   Code   RO         1000    .text               stm32f4xx_rcc.o
    0x08005800   0x00000ca2   Code   RO         1026    .text               stm32f4xx_tim.o
    0x080064a2   0x00000002   PAD
    0x080064a4   0x00000454   Code   RO         1050    .text               stm32f4xx_usart.o
    0x080068f8   0x000009f0   Code   RO         1074    .text               stm32f4xx_can.o
    0x080072e8   0x000003a8   Code   RO         1098    .text               stm32f4xx_dma.o
    0x08007690   0x00000464   Code   RO         1194    .text               stm32f4xx_adc.o
    0x08007af4   0x00000210   Code   RO         1242    .text               stm32f4xx_dac.o
    0x08007d04   0x00000040   Code   RO         1266    .text               stm32f4xx_iwdg.o
    0x08007d44   0x00000094   Code   RO         1561    .text               list.o
    0x08007dd8   0x00000c30   Code   RO         1573    .text               queue.o
    0x08008a08   0x000017c4   Code   RO         1591    .text               tasks.o
    0x0800a1cc   0x000005e0   Code   RO         1610    .text               timers.o
    0x0800a7ac   0x0000029c   Code   RO         1637    .text               heap_4.o
    0x0800aa48   0x0000030c   Code   RO         1653    .text               port.o
    0x0800ad54   0x00000002   Code   RO         1684    .text               c_w.l(use_no_semi_2.o)
    0x0800ad56   0x00000048   Code   RO         1686    .text               c_w.l(llsdiv.o)
    0x0800ad9e   0x00000002   PAD
    0x0800ada0   0x00000018   Code   RO         1690    .text               c_w.l(noretval__2printf.o)
    0x0800adb8   0x0000004e   Code   RO         1694    .text               c_w.l(_printf_pad.o)
    0x0800ae06   0x00000002   PAD
    0x0800ae08   0x00000078   Code   RO         1696    .text               c_w.l(_printf_dec.o)
    0x0800ae80   0x00000058   Code   RO         1701    .text               c_w.l(_printf_hex_int.o)
    0x0800aed8   0x00000138   Code   RO         1731    .text               c_w.l(__printf_flags_wp.o)
    0x0800b010   0x00000058   Code   RO         1742    .text               c_w.l(memcmp.o)
    0x0800b068   0x0000008a   Code   RO         1744    .text               c_w.l(rt_memcpy_v6.o)
    0x0800b0f2   0x00000010   Code   RO         1746    .text               c_w.l(aeabi_memset.o)
    0x0800b102   0x0000004e   Code   RO         1748    .text               c_w.l(rt_memclr_w.o)
    0x0800b150   0x00000006   Code   RO         1750    .text               c_w.l(heapauxi.o)
    0x0800b156   0x00000002   Code   RO         1808    .text               c_w.l(use_no_semi.o)
    0x0800b158   0x000000ee   Code   RO         1811    .text               c_w.l(lludivv7m.o)
    0x0800b246   0x00000016   Code   RO         1813    .text               c_w.l(_rserrno.o)
    0x0800b25c   0x000000b2   Code   RO         1815    .text               c_w.l(_printf_intcommon.o)
    0x0800b30e   0x00000002   PAD
    0x0800b310   0x00000024   Code   RO         1817    .text               c_w.l(_printf_char_file.o)
    0x0800b334   0x00000064   Code   RO         1820    .text               c_w.l(rt_memcpy_w.o)
    0x0800b398   0x00000044   Code   RO         1822    .text               c_w.l(rt_memclr.o)
    0x0800b3dc   0x00000008   Code   RO         1910    .text               c_w.l(rt_errno_addr_intlibspace.o)
    0x0800b3e4   0x00000030   Code   RO         1912    .text               c_w.l(_printf_char_common.o)
    0x0800b414   0x00000008   Code   RO         1914    .text               c_w.l(ferror.o)
    0x0800b41c   0x00000008   Code   RO         1922    .text               c_w.l(libspace.o)
    0x0800b424   0x0000004a   Code   RO         1925    .text               c_w.l(sys_stackheap_outer.o)
    0x0800b46e   0x00000012   Code   RO         1931    .text               c_w.l(exit.o)
    0x0800b480   0x00000030   Code   RO         1871    i.__ARM_fpclassify  m_wm.l(fpclassify.o)
    0x0800b4b0   0x00000360   Code   RO         1782    i.__hardfp_asin     m_wm.l(asin.o)
    0x0800b810   0x000002d8   Code   RO         1837    i.__hardfp_atan     m_wm.l(atan.o)
    0x0800bae8   0x000001f0   Code   RO         1796    i.__hardfp_atan2    m_wm.l(atan2.o)
    0x0800bcd8   0x000000f8   Code   RO         1873    i.__kernel_poly     m_wm.l(poly.o)
    0x0800bdd0   0x00000014   Code   RO         1852    i.__mathlib_dbl_infnan  m_wm.l(dunder.o)
    0x0800bde4   0x00000014   Code   RO         1853    i.__mathlib_dbl_infnan2  m_wm.l(dunder.o)
    0x0800bdf8   0x00000020   Code   RO         1854    i.__mathlib_dbl_invalid  m_wm.l(dunder.o)
    0x0800be18   0x00000020   Code   RO         1857    i.__mathlib_dbl_underflow  m_wm.l(dunder.o)
    0x0800be38   0x0000000e   Code   RO         1729    i._is_digit         c_w.l(__printf_wp.o)
    0x0800be46   0x00000010   Code   RO         1839    i.atan              m_wm.l(atan.o)
    0x0800be56   0x00000018   Code   RO         1867    i.fabs              m_wm.l(fabs.o)
    0x0800be6e   0x0000006e   Code   RO         1878    i.sqrt              m_wm.l(sqrt.o)
    0x0800bedc   0x00000018   Code   RO         1824    x$fpl$basic         fz_wm.l(basic.o)
    0x0800bef4   0x00000062   Code   RO         1754    x$fpl$d2f           fz_wm.l(d2f.o)
    0x0800bf56   0x00000002   PAD
    0x0800bf58   0x00000150   Code   RO         1756    x$fpl$dadd          fz_wm.l(daddsub_clz.o)
    0x0800c0a8   0x000002b0   Code   RO         1763    x$fpl$ddiv          fz_wm.l(ddiv.o)
    0x0800c358   0x0000005a   Code   RO         1768    x$fpl$dfixu         fz_wm.l(dfixu.o)
    0x0800c3b2   0x0000002e   Code   RO         1773    x$fpl$dflt          fz_wm.l(dflt_clz.o)
    0x0800c3e0   0x00000026   Code   RO         1772    x$fpl$dfltu         fz_wm.l(dflt_clz.o)
    0x0800c406   0x00000002   PAD
    0x0800c408   0x00000154   Code   RO         1778    x$fpl$dmul          fz_wm.l(dmul.o)
    0x0800c55c   0x0000009c   Code   RO         1828    x$fpl$dnaninf       fz_wm.l(dnaninf.o)
    0x0800c5f8   0x0000000c   Code   RO         1830    x$fpl$dretinf       fz_wm.l(dretinf.o)
    0x0800c604   0x00000016   Code   RO         1757    x$fpl$drsb          fz_wm.l(daddsub_clz.o)
    0x0800c61a   0x00000002   PAD
    0x0800c61c   0x00000198   Code   RO         1920    x$fpl$dsqrt         fz_wm.l(dsqrt_umaal.o)
    0x0800c7b4   0x000001d4   Code   RO         1758    x$fpl$dsub          fz_wm.l(daddsub_clz.o)
    0x0800c988   0x00000056   Code   RO         1780    x$fpl$f2d           fz_wm.l(f2d.o)
    0x0800c9de   0x0000008c   Code   RO         1832    x$fpl$fnaninf       fz_wm.l(fnaninf.o)
    0x0800ca6a   0x0000000a   Code   RO         2005    x$fpl$fpinit        fz_wm.l(fpinit.o)
    0x0800ca74   0x0000000a   Code   RO         1834    x$fpl$fretinf       fz_wm.l(fretinf.o)
    0x0800ca7e   0x00000000   Code   RO         1836    x$fpl$usenofp       fz_wm.l(usenofp.o)
    0x0800ca7e   0x00000002   PAD
    0x0800ca80   0x00000050   Data   RO          846    .constdata          inv_mpu.o
    0x0800cad0   0x00000bf6   Data   RO          890    .constdata          inv_mpu_dmp_motion_driver.o
    0x0800d6c6   0x00000028   Data   RO         1702    .constdata          c_w.l(_printf_hex_int.o)
    0x0800d6ee   0x00000011   Data   RO         1732    .constdata          c_w.l(__printf_flags_wp.o)
    0x0800d6ff   0x00000001   PAD
    0x0800d700   0x00000050   Data   RO         1785    .constdata          m_wm.l(asin.o)
    0x0800d750   0x00000098   Data   RO         1840    .constdata          m_wm.l(atan.o)
    0x0800d7e8   0x00000008   Data   RO         1875    .constdata          m_wm.l(qnan.o)
    0x0800d7f0   0x0000004d   Data   RO          847    .conststring        inv_mpu.o
    0x0800d83d   0x00000003   PAD
    0x0800d840   0x00000020   Data   RO         2063    Region$$Table       anon$$obj.o


    Execution Region RW_IRAM1 (Base: 0x20000000, Size: 0x00013698, Max: 0x00030000, ABSOLUTE)

    Base Addr    Size         Type   Attr      Idx    E Section Name        Object

    0x20000000   0x0000000e   Data   RW          159    .data               system.o
    0x2000000e   0x00000002   PAD
    0x20000010   0x00000004   Data   RW          346    .data               remote.o
    0x20000014   0x00000008   Data   RW          454    .data               usart2.o
    0x2000001c   0x00000004   Data   RW          554    .data               usart4.o
    0x20000020   0x00000004   Data   RW          585    .data               usart5.o
    0x20000024   0x00000004   Data   RW          615    .data               adda.o
    0x20000028   0x00000004   Data   RW          672    .data               usart.o
    0x2000002c   0x00000008   Data   RW          728    .data               delay.o
    0x20000034   0x00000014   Data   RW          761    .data               system_stm32f4xx.o
    0x20000048   0x00000035   Data   RW          848    .data               inv_mpu.o
    0x2000007d   0x00000010   Data   RW         1001    .data               stm32f4xx_rcc.o
    0x2000008d   0x00000003   PAD
    0x20000090   0x0000003c   Data   RW         1593    .data               tasks.o
    0x200000cc   0x00000014   Data   RW         1612    .data               timers.o
    0x200000e0   0x00000018   Data   RW         1639    .data               heap_4.o
    0x200000f8   0x0000000c   Data   RW         1654    .data               port.o
    0x20000104   0x00000014   Zero   RW          345    .bss                remote.o
    0x20000118   0x0000003c   Zero   RW          453    .bss                usart2.o
    0x20000154   0x000000a0   Zero   RW          553    .bss                usart4.o
    0x200001f4   0x00000104   Zero   RW          584    .bss                usart5.o
    0x200002f8   0x00000010   Zero   RW          889    .bss                inv_mpu_dmp_motion_driver.o
    0x20000308   0x00000040   Zero   RW         1574    .bss                queue.o
    0x20000348   0x000000c8   Zero   RW         1592    .bss                tasks.o
    0x20000410   0x00000028   Zero   RW         1611    .bss                timers.o
    0x20000438   0x00012c00   Zero   RW         1638    .bss                heap_4.o
    0x20013038   0x00000060   Zero   RW         1923    .bss                c_w.l(libspace.o)
    0x20013098   0x00000200   Zero   RW          788    HEAP                startup_stm32f40xx.o
    0x20013298   0x00000400   Zero   RW          787    STACK               startup_stm32f40xx.o


==============================================================================

Image component sizes


      Code (inc. data)   RO Data    RW Data    ZI Data      Debug   Object Name

       604         52          0          4          0       7207   adda.o
       592         14          0          0          0       1582   can1.o
       344          8          0          0          0       1135   can2.o
       248         12          0          8          0       2161   delay.o
         0          0          0          0          0       9508   event_groups.o
       668         24          0         24      76800       3872   heap_4.o
      8908        224        157         53          0      24701   inv_mpu.o
      3472        142       3062          0         16      15591   inv_mpu_dmp_motion_driver.o
        44          0          0          0          0        718   iwdg.o
        64          4          0          0          0        553   laser.o
        88          6          0          0          0        539   led.o
       148          0          0          0          0       2026   list.o
        60          4          0          0          0       5135   main.o
       224         20          0          0          0       1917   misc.o
       900         22          0          0          0       4435   mpu6050.o
       600         12          0          0          0       1952   myiic.o
       962         52          0         12          0       9047   port.o
       436         18          0          0          0       1247   pwm.o
      3120         14          0          0         64      16512   queue.o
       368         10          0          4         20       5122   remote.o
        64         26        392          0       1536        892   startup_stm32f40xx.o
      1124         24          0          0          0      10786   stm32f4xx_adc.o
      2544         38          0          0          0       8248   stm32f4xx_can.o
       528          6          0          0          0       5141   stm32f4xx_dac.o
       936         32          0          0          0       6497   stm32f4xx_dma.o
       660         44          0          0          0       4261   stm32f4xx_gpio.o
        20          0          0          0          0       1003   stm32f4xx_it.o
        64          6          0          0          0       1393   stm32f4xx_iwdg.o
      1588         52          0         16          0      13030   stm32f4xx_rcc.o
      3234         60          0          0          0      23116   stm32f4xx_tim.o
      1108         34          0          0          0       7984   stm32f4xx_usart.o
       536         20          0         14          0     326870   system.o
       528         46          0         20          0       2003   system_stm32f4xx.o
      6084        338          0         60        200      26010   tasks.o
      1504         68          0         20         40      17055   timers.o
        36          4          0          4          0       2858   usart.o
       516         32          0          8         60       2018   usart2.o
       452         30          0          4        160       2197   usart4.o
       424         30          0          4        260       2203   usart5.o

    ----------------------------------------------------------------------
     43804       1528       3646        260      79156     578525   Object Totals
         0          0         32          0          0          0   (incl. Generated)
         4          0          3          5          0          0   (incl. Padding)

    ----------------------------------------------------------------------

      Code (inc. data)   RO Data    RW Data    ZI Data      Debug   Library Member Name

         8          0          0          0          0         68   __main.o
       312          4         17          0          0         92   __printf_flags_wp.o
        14          0          0          0          0         68   __printf_wp.o
         0          0          0          0          0          0   __rtentry.o
        12          0          0          0          0          0   __rtentry2.o
         6          0          0          0          0          0   __rtentry4.o
        52          8          0          0          0          0   __scatter.o
        26          0          0          0          0          0   __scatter_copy.o
        28          0          0          0          0          0   __scatter_zi.o
        48          6          0          0          0         96   _printf_char_common.o
        36          4          0          0          0         80   _printf_char_file.o
         6          0          0          0          0          0   _printf_d.o
       120         16          0          0          0         92   _printf_dec.o
        88          4         40          0          0         88   _printf_hex_int.o
       178          0          0          0          0         88   _printf_intcommon.o
        78          0          0          0          0        108   _printf_pad.o
         0          0          0          0          0          0   _printf_percent.o
         4          0          0          0          0          0   _printf_percent_end.o
         6          0          0          0          0          0   _printf_x.o
        22          0          0          0          0        100   _rserrno.o
        16          0          0          0          0         68   aeabi_memset.o
        18          0          0          0          0         80   exit.o
         8          0          0          0          0         68   ferror.o
         6          0          0          0          0        152   heapauxi.o
         2          0          0          0          0          0   libinit.o
         6          0          0          0          0          0   libinit2.o
         2          0          0          0          0          0   libshutdown.o
         2          0          0          0          0          0   libshutdown2.o
         8          4          0          0         96         68   libspace.o
        72          0          0          0          0         76   llsdiv.o
       238          0          0          0          0        100   lludivv7m.o
        88          0          0          0          0         76   memcmp.o
        24          4          0          0          0         84   noretval__2printf.o
         8          4          0          0          0         68   rt_errno_addr_intlibspace.o
        68          0          0          0          0         68   rt_memclr.o
        78          0          0          0          0         80   rt_memclr_w.o
       138          0          0          0          0         68   rt_memcpy_v6.o
       100          0          0          0          0         80   rt_memcpy_w.o
         2          0          0          0          0          0   rtexit.o
        10          0          0          0          0          0   rtexit2.o
        74          0          0          0          0         80   sys_stackheap_outer.o
         2          0          0          0          0         68   use_no_semi.o
         2          0          0          0          0         68   use_no_semi_2.o
        24          0          0          0          0        164   basic.o
        98          4          0          0          0        140   d2f.o
       826         16          0          0          0        492   daddsub_clz.o
       688        140          0          0          0        256   ddiv.o
        90          4          0          0          0        140   dfixu.o
        84          0          0          0          0        232   dflt_clz.o
       340         12          0          0          0        152   dmul.o
       156          4          0          0          0        140   dnaninf.o
        12          0          0          0          0        116   dretinf.o
       408         56          0          0          0        168   dsqrt_umaal.o
        86          4          0          0          0        132   f2d.o
       140          4          0          0          0        132   fnaninf.o
        10          0          0          0          0        116   fpinit.o
        10          0          0          0          0        116   fretinf.o
         0          0          0          0          0          0   usenofp.o
       864         94         80          0          0        280   asin.o
       744        106        152          0          0        352   atan.o
       496         64          0          0          0        192   atan2.o
       104         16          0          0          0        496   dunder.o
        24          0          0          0          0        124   fabs.o
        48          0          0          0          0        124   fpclassify.o
       248          0          0          0          0        152   poly.o
         0          0          8          0          0          0   qnan.o
       110          0          0          0          0        148   sqrt.o

    ----------------------------------------------------------------------
      7644        578        298          0         96       6596   Library Totals
        18          0          1          0          0          0   (incl. Padding)

    ----------------------------------------------------------------------

      Code (inc. data)   RO Data    RW Data    ZI Data      Debug   Library Name

      2016         54         57          0         96       2232   c_w.l
      2972        244          0          0          0       2496   fz_wm.l
      2638        280        240          0          0       1868   m_wm.l

    ----------------------------------------------------------------------
      7644        578        298          0         96       6596   Library Totals

    ----------------------------------------------------------------------

==============================================================================


      Code (inc. data)   RO Data    RW Data    ZI Data      Debug   

     51448       2106       3944        260      79252     572425   Grand Totals
     51448       2106       3944        260      79252     572425   ELF Image Totals
     51448       2106       3944        260          0          0   ROM Totals

==============================================================================

    Total RO  Size (Code + RO Data)                55392 (  54.09kB)
    Total RW  Size (RW Data + ZI Data)             79512 (  77.65kB)
    Total ROM Size (Code + RO Data + RW Data)      55652 (  54.35kB)

==============================================================================

