<html>
<body>
<pre>
<h1>µVision Build Log</h1>
<h2>Tool Versions:</h2>
IDE-Version: µVision V5.23.0.0
Copyright (C) 2017 ARM Ltd and ARM Germany GmbH. All rights reserved.
License Information: Alice Xiong, i, LIC=IC9MM-X91BN-VGT7J-UG6PL-10VQY-3DNV0
 
Tool Versions:
Toolchain:       MDK-ARM Professional  Version: 5.23
Toolchain Path:  C:\Keil_v5\ARM\ARMCC\Bin
C Compiler:      Armcc.exe V5.06 update 4 (build 422)
Assembler:       Armasm.exe V5.06 update 4 (build 422)
Linker/Locator:  ArmLink.exe V5.06 update 4 (build 422)
Library Manager: ArmAr.exe V5.06 update 4 (build 422)
Hex Converter:   FromElf.exe V5.06 update 4 (build 422)
CPU DLL:         SARMCM3.DLL V5.23
Dialog DLL:      DCM.DLL V1.15.0.0
Target DLL:      STLink\ST-LINKIII-KEIL_SWO.dll V2.0.18.0
Dialog DLL:      TCM.DLL V1.27.0.0
 
<h2>Project:</h2>
C:\Users\alice\OneDrive\Desktop\Alice\RoboMaster\2019-2020\Embedded\embed-infantry\Project\XSX_RProject.uvprojx
Project File Date:  12/23/2019

<h2>Output:</h2>
*** Using Compiler 'V5.06 update 4 (build 422)', folder: 'C:\Keil_v5\ARM\ARMCC\Bin'
Build target 'Target 1'
compiling main.c...
compiling can1.c...
..\BSP\can1.c(81): warning:  #177-D: variable "speed_measure"  was declared but never referenced
  	int16_t speed_measure,rota_measure,current_measure;
..\BSP\can1.c(81): warning:  #177-D: variable "rota_measure"  was declared but never referenced
  	int16_t speed_measure,rota_measure,current_measure;
..\BSP\can1.c(81): warning:  #177-D: variable "current_measure"  was declared but never referenced
  	int16_t speed_measure,rota_measure,current_measure;
..\BSP\can1.c: 3 warnings, 0 errors
compiling system.c...
linking...
Program Size: Code=45104 RO-data=3944 RW-data=256 ZI-data=79256  
FromELF: creating hex file...
".\Objects\UBC_Infantry.axf" - 0 Error(s), 3 Warning(s).

<h2>Collection of Component include folders:</h2>
  .\RTE\_Target_1
  C:\Keil_v5\ARM\PACK\Keil\STM32F4xx_DFP\2.14.0\Drivers\CMSIS\Device\ST\STM32F4xx\Include

<h2>Collection of Component Files used:</h2>
Build Time Elapsed:  00:00:02
</pre>
</body>
</html>
